Archive member included to satisfy reference by file (symbol)

c:/intelfpga_lite/20.1/nios2eds/bin/gnu/h-x86_64-mingw32/bin/../lib/gcc/nios2-elf/9.2.1/../../../../../H-x86_64-mingw32/nios2-elf/lib/mno-hw-mul\libm.a(lib_a-w_sqrt.o)
                              obj/default/main.o (sqrt)
c:/intelfpga_lite/20.1/nios2eds/bin/gnu/h-x86_64-mingw32/bin/../lib/gcc/nios2-elf/9.2.1/../../../../../H-x86_64-mingw32/nios2-elf/lib/mno-hw-mul\libm.a(lib_a-e_sqrt.o)
                              c:/intelfpga_lite/20.1/nios2eds/bin/gnu/h-x86_64-mingw32/bin/../lib/gcc/nios2-elf/9.2.1/../../../../../H-x86_64-mingw32/nios2-elf/lib/mno-hw-mul\libm.a(lib_a-w_sqrt.o) (__ieee754_sqrt)
c:/intelfpga_lite/20.1/nios2eds/bin/gnu/h-x86_64-mingw32/bin/../lib/gcc/nios2-elf/9.2.1/../../../../../H-x86_64-mingw32/nios2-elf/lib/mno-hw-mul\libm.a(lib_a-s_lib_ver.o)
                              c:/intelfpga_lite/20.1/nios2eds/bin/gnu/h-x86_64-mingw32/bin/../lib/gcc/nios2-elf/9.2.1/../../../../../H-x86_64-mingw32/nios2-elf/lib/mno-hw-mul\libm.a(lib_a-w_sqrt.o) (__fdlib_version)
c:/intelfpga_lite/20.1/nios2eds/bin/gnu/h-x86_64-mingw32/bin/../lib/gcc/nios2-elf/9.2.1/mno-hw-mul\libgcc.a(lib2-divmod.o)
                              obj/default/main.o (__modsi3)
c:/intelfpga_lite/20.1/nios2eds/bin/gnu/h-x86_64-mingw32/bin/../lib/gcc/nios2-elf/9.2.1/mno-hw-mul\libgcc.a(addsf3.o)
                              obj/default/main.o (__addsf3)
c:/intelfpga_lite/20.1/nios2eds/bin/gnu/h-x86_64-mingw32/bin/../lib/gcc/nios2-elf/9.2.1/mno-hw-mul\libgcc.a(divsf3.o)
                              obj/default/main.o (__divsf3)
c:/intelfpga_lite/20.1/nios2eds/bin/gnu/h-x86_64-mingw32/bin/../lib/gcc/nios2-elf/9.2.1/mno-hw-mul\libgcc.a(gesf2.o)
                              obj/default/main.o (__gtsf2)
c:/intelfpga_lite/20.1/nios2eds/bin/gnu/h-x86_64-mingw32/bin/../lib/gcc/nios2-elf/9.2.1/mno-hw-mul\libgcc.a(mulsf3.o)
                              obj/default/main.o (__mulsf3)
c:/intelfpga_lite/20.1/nios2eds/bin/gnu/h-x86_64-mingw32/bin/../lib/gcc/nios2-elf/9.2.1/mno-hw-mul\libgcc.a(subsf3.o)
                              obj/default/main.o (__subsf3)
c:/intelfpga_lite/20.1/nios2eds/bin/gnu/h-x86_64-mingw32/bin/../lib/gcc/nios2-elf/9.2.1/mno-hw-mul\libgcc.a(fixsfsi.o)
                              obj/default/main.o (__fixsfsi)
c:/intelfpga_lite/20.1/nios2eds/bin/gnu/h-x86_64-mingw32/bin/../lib/gcc/nios2-elf/9.2.1/mno-hw-mul\libgcc.a(floatsisf.o)
                              obj/default/main.o (__floatsisf)
c:/intelfpga_lite/20.1/nios2eds/bin/gnu/h-x86_64-mingw32/bin/../lib/gcc/nios2-elf/9.2.1/mno-hw-mul\libgcc.a(adddf3.o)
                              c:/intelfpga_lite/20.1/nios2eds/bin/gnu/h-x86_64-mingw32/bin/../lib/gcc/nios2-elf/9.2.1/../../../../../H-x86_64-mingw32/nios2-elf/lib/mno-hw-mul\libm.a(lib_a-e_sqrt.o) (__adddf3)
c:/intelfpga_lite/20.1/nios2eds/bin/gnu/h-x86_64-mingw32/bin/../lib/gcc/nios2-elf/9.2.1/mno-hw-mul\libgcc.a(divdf3.o)
                              c:/intelfpga_lite/20.1/nios2eds/bin/gnu/h-x86_64-mingw32/bin/../lib/gcc/nios2-elf/9.2.1/../../../../../H-x86_64-mingw32/nios2-elf/lib/mno-hw-mul\libm.a(lib_a-w_sqrt.o) (__divdf3)
c:/intelfpga_lite/20.1/nios2eds/bin/gnu/h-x86_64-mingw32/bin/../lib/gcc/nios2-elf/9.2.1/mno-hw-mul\libgcc.a(ledf2.o)
                              c:/intelfpga_lite/20.1/nios2eds/bin/gnu/h-x86_64-mingw32/bin/../lib/gcc/nios2-elf/9.2.1/../../../../../H-x86_64-mingw32/nios2-elf/lib/mno-hw-mul\libm.a(lib_a-w_sqrt.o) (__ltdf2)
c:/intelfpga_lite/20.1/nios2eds/bin/gnu/h-x86_64-mingw32/bin/../lib/gcc/nios2-elf/9.2.1/mno-hw-mul\libgcc.a(muldf3.o)
                              c:/intelfpga_lite/20.1/nios2eds/bin/gnu/h-x86_64-mingw32/bin/../lib/gcc/nios2-elf/9.2.1/../../../../../H-x86_64-mingw32/nios2-elf/lib/mno-hw-mul\libm.a(lib_a-e_sqrt.o) (__muldf3)
c:/intelfpga_lite/20.1/nios2eds/bin/gnu/h-x86_64-mingw32/bin/../lib/gcc/nios2-elf/9.2.1/mno-hw-mul\libgcc.a(subdf3.o)
                              c:/intelfpga_lite/20.1/nios2eds/bin/gnu/h-x86_64-mingw32/bin/../lib/gcc/nios2-elf/9.2.1/../../../../../H-x86_64-mingw32/nios2-elf/lib/mno-hw-mul\libm.a(lib_a-e_sqrt.o) (__subdf3)
c:/intelfpga_lite/20.1/nios2eds/bin/gnu/h-x86_64-mingw32/bin/../lib/gcc/nios2-elf/9.2.1/mno-hw-mul\libgcc.a(unorddf2.o)
                              c:/intelfpga_lite/20.1/nios2eds/bin/gnu/h-x86_64-mingw32/bin/../lib/gcc/nios2-elf/9.2.1/../../../../../H-x86_64-mingw32/nios2-elf/lib/mno-hw-mul\libm.a(lib_a-w_sqrt.o) (__unorddf2)
c:/intelfpga_lite/20.1/nios2eds/bin/gnu/h-x86_64-mingw32/bin/../lib/gcc/nios2-elf/9.2.1/mno-hw-mul\libgcc.a(extendsfdf2.o)
                              obj/default/main.o (__extendsfdf2)
c:/intelfpga_lite/20.1/nios2eds/bin/gnu/h-x86_64-mingw32/bin/../lib/gcc/nios2-elf/9.2.1/mno-hw-mul\libgcc.a(truncdfsf2.o)
                              obj/default/main.o (__truncdfsf2)
c:/intelfpga_lite/20.1/nios2eds/bin/gnu/h-x86_64-mingw32/bin/../lib/gcc/nios2-elf/9.2.1/mno-hw-mul\libgcc.a(_clzsi2.o)
[...]
Memory Configuration

Name             Origin             Length             Attributes
reset            0x0000000000040000 0x0000000000000020
Memory           0x0000000000040020 0x0000000000031fe0
*default*        0x0000000000000000 0xffffffffffffffff

Linker script and memory map

LOAD C:/Users/joshn/iCloudDrive/Desktop/Uni/MTRX3700/Major-Project/mtrx3700-major-project/VerilogCam_project/software/1234_BSP/obj/HAL/src/crt0.o
LOAD obj/default/main.o
LOAD c:/intelfpga_lite/20.1/nios2eds/bin/gnu/h-x86_64-mingw32/bin/../lib/gcc/nios2-elf/9.2.1/../../../../../H-x86_64-mingw32/nios2-elf/lib/mno-hw-mul\libstdc++.a
LOAD c:/intelfpga_lite/20.1/nios2eds/bin/gnu/h-x86_64-mingw32/bin/../lib/gcc/nios2-elf/9.2.1/../../../../../H-x86_64-mingw32/nios2-elf/lib/mno-hw-mul\libm.a
LOAD c:/intelfpga_lite/20.1/nios2eds/bin/gnu/h-x86_64-mingw32/bin/../lib/gcc/nios2-elf/9.2.1/mno-hw-mul\libgcc.a
START GROUP
LOAD c:/intelfpga_lite/20.1/nios2eds/bin/gnu/h-x86_64-mingw32/bin/../lib/gcc/nios2-elf/9.2.1/../../../../../H-x86_64-mingw32/nios2-elf/lib/mno-hw-mul\libc.a
LOAD c:/intelfpga_lite/20.1/nios2eds/bin/gnu/h-x86_64-mingw32/bin/../lib/gcc/nios2-elf/9.2.1/mno-hw-mul\libgcc.a
LOAD C:/Users/joshn/iCloudDrive/Desktop/Uni/MTRX3700/Major-Project/mtrx3700-major-project/VerilogCam_project/software/1234_BSP\libhal_bsp.a
LOAD c:/intelfpga_lite/20.1/nios2eds/bin/gnu/h-x86_64-mingw32/bin/../lib/gcc/nios2-elf/9.2.1/../../../../../H-x86_64-mingw32/nios2-elf/lib/mno-hw-mul\libm.a
END GROUP
LOAD c:/intelfpga_lite/20.1/nios2eds/bin/gnu/h-x86_64-mingw32/bin/../lib/gcc/nios2-elf/9.2.1/mno-hw-mul\libgcc.a
                0x0000000000040000                __alt_mem_Memory = 0x40000

.entry          0x0000000000040000       0x20
 *(.entry)
 .entry         0x0000000000040000       0x20 C:/Users/joshn/iCloudDrive/Desktop/Uni/MTRX3700/Major-Project/mtrx3700-major-project/VerilogCam_project/software/1234_BSP/obj/HAL/src/crt0.o
                0x0000000000040000                __reset

.exceptions     0x0000000000040020      0x204
                0x0000000000040020                PROVIDE (__ram_exceptions_start = ABSOLUTE (.))
                0x0000000000040020                . = ALIGN (0x20)
 *(.irq)
 *(.exceptions.entry.label)
 .exceptions.entry.label
                0x0000000000040020        0x0 C:/Users/joshn/iCloudDrive/Desktop/Uni/MTRX3700/Major-Project/mtrx3700-major-project/VerilogCam_project/software/1234_BSP\libhal_bsp.a(alt_irq_entry.o)
                0x0000000000040020                alt_irq_entry
 .exceptions.entry.label
                0x0000000000040020        0x0 C:/Users/joshn/iCloudDrive/Desktop/Uni/MTRX3700/Major-Project/mtrx3700-major-project/VerilogCam_project/software/1234_BSP\libhal_bsp.a(alt_exception_entry.o)
                0x0000000000040020                alt_exception
 *(.exceptions.entry.user)
 *(.exceptions.entry.ecc_fatal)
 *(.exceptions.entry)
 .exceptions.entry
                0x0000000000040020       0x54 C:/Users/joshn/iCloudDrive/Desktop/Uni/MTRX3700/Major-Project/mtrx3700-major-project/VerilogCam_project/software/1234_BSP\libhal_bsp.a(alt_exception_entry.o)
 *(.exceptions.irqtest.user)
 *(.exceptions.irqtest)
 .exceptions.irqtest
                0x0000000000040074       0x10 C:/Users/joshn/iCloudDrive/Desktop/Uni/MTRX3700/Major-Project/mtrx3700-major-project/VerilogCam_project/software/1234_BSP\libhal_bsp.a(alt_irq_entry.o)
 *(.exceptions.irqhandler.user)
 *(.exceptions.irqhandler)
 .exceptions.irqhandler
                0x0000000000040084        0x4 C:/Users/joshn/iCloudDrive/Desktop/Uni/MTRX3700/Major-Project/mtrx3700-major-project/VerilogCam_project/software/1234_BSP\libhal_bsp.a(alt_irq_entry.o)
 *(.exceptions.irqreturn.user)
 *(.exceptions.irqreturn)
 .exceptions.irqreturn
                0x0000000000040088        0x4 C:/Users/joshn/iCloudDrive/Desktop/Uni/MTRX3700/Major-Project/mtrx3700-major-project/VerilogCam_project/software/1234_BSP\libhal_bsp.a(alt_irq_entry.o)
 *(.exceptions.notirq.label)
 .exceptions.notirq.label
                0x000000000004008c        0x0 C:/Users/joshn/iCloudDrive/Desktop/Uni/MTRX3700/Major-Project/mtrx3700-major-project/VerilogCam_project/software/1234_BSP\libhal_bsp.a(alt_irq_entry.o)
 *(.exceptions.notirq.user)
 *(.exceptions.notirq)
 .exceptions.notirq
                0x000000000004008c        0x8 C:/Users/joshn/iCloudDrive/Desktop/Uni/MTRX3700/Major-Project/mtrx3700-major-project/VerilogCam_project/software/1234_BSP\libhal_bsp.a(alt_exception_entry.o)
 *(.exceptions.soft.user)
 *(.exceptions.soft)
 *(.exceptions.unknown.user)
 *(.exceptions.unknown)
 .exceptions.unknown
                0x0000000000040094       0x14 C:/Users/joshn/iCloudDrive/Desktop/Uni/MTRX3700/Major-Project/mtrx3700-major-project/VerilogCam_project/software/1234_BSP\libhal_bsp.a(alt_exception_entry.o)
 *(.exceptions.exit.label)
 .exceptions.exit.label
                0x00000000000400a8        0x0 C:/Users/joshn/iCloudDrive/Desktop/Uni/MTRX3700/Major-Project/mtrx3700-major-project/VerilogCam_project/software/1234_BSP\libhal_bsp.a(alt_irq_entry.o)
 .exceptions.exit.label
                0x00000000000400a8        0x0 C:/Users/joshn/iCloudDrive/Desktop/Uni/MTRX3700/Major-Project/mtrx3700-major-project/VerilogCam_project/software/1234_BSP\libhal_bsp.a(alt_exception_entry.o)
 *(.exceptions.exit.user)
 *(.exceptions.exit)
 .exceptions.exit
                0x00000000000400a8       0x54 C:/Users/joshn/iCloudDrive/Desktop/Uni/MTRX3700/Major-Project/mtrx3700-major-project/VerilogCam_project/software/1234_BSP\libhal_bsp.a(alt_exception_entry.o)
 *(.exceptions)
 .exceptions    0x00000000000400fc       0xc8 C:/Users/joshn/iCloudDrive/Desktop/Uni/MTRX3700/Major-Project/mtrx3700-major-project/VerilogCam_project/software/1234_BSP\libhal_bsp.a(alt_irq_handler.o)
                0x00000000000400fc                alt_irq_handler
 .exceptions    0x00000000000401c4       0x60 C:/Users/joshn/iCloudDrive/Desktop/Uni/MTRX3700/Major-Project/mtrx3700-major-project/VerilogCam_project/software/1234_BSP\libhal_bsp.a(alt_instruction_exception_entry.o)
                0x00000000000401c4                alt_instruction_exception_entry
                0x0000000000040224                PROVIDE (__ram_exceptions_end = ABSOLUTE (.))
                0x0000000000040020                PROVIDE (__flash_exceptions_start = LOADADDR (.exceptions))

.text           0x0000000000040224     0x6668
                [!provide]                        PROVIDE (stext = ABSOLUTE (.))
 *(.interp)
 *(.hash)
 *(.dynsym)
 *(.dynstr)
 *(.gnu.version)
 *(.gnu.version_d)
 *(.gnu.version_r)
 *(.rel.init)
 *(.rela.init)
 *(.rel.text .rel.text.* .rel.gnu.linkonce.t.*)
 *(.rela.text .rela.text.* .rela.gnu.linkonce.t.*)
 *(.rel.fini)
 *(.rela.fini)
 *(.rel.rodata .rel.rodata.* .rel.gnu.linkonce.r.*)
 *(.rela.rodata .rela.rodata.* .rela.gnu.linkonce.r.*)
 *(.rel.data .rel.data.* .rel.gnu.linkonce.d.*)
 *(.rela.data .rela.data.* .rela.gnu.linkonce.d.*)
 *(.rel.tdata .rel.tdata.* .rel.gnu.linkonce.td.*)
 *(.rela.tdata .rela.tdata.* .rela.gnu.linkonce.td.*)
 *(.rel.tbss .rel.tbss.* .rel.gnu.linkonce.tb.*)
 *(.rela.tbss .rela.tbss.* .rela.gnu.linkonce.tb.*)
 *(.rel.ctors)
 *(.rela.ctors)
 *(.rel.dtors)
 *(.rela.dtors)
 *(.rel.got)
 *(.rela.got)
 *(.rel.sdata .rel.sdata.* .rel.gnu.linkonce.s.*)
 *(.rela.sdata .rela.sdata.* .rela.gnu.linkonce.s.*)
 *(.rel.sbss .rel.sbss.* .rel.gnu.linkonce.sb.*)
 *(.rela.sbss .rela.sbss.* .rela.gnu.linkonce.sb.*)
 *(.rel.sdata2 .rel.sdata2.* .rel.gnu.linkonce.s2.*)
 *(.rela.sdata2 .rela.sdata2.* .rela.gnu.linkonce.s2.*)
 *(.rel.sbss2 .rel.sbss2.* .rel.gnu.linkonce.sb2.*)
 *(.rela.sbss2 .rela.sbss2.* .rela.gnu.linkonce.sb2.*)
 *(.rel.bss .rel.bss.* .rel.gnu.linkonce.b.*)
 *(.rela.bss .rela.bss.* .rela.gnu.linkonce.b.*)
 *(.rel.plt)
 *(.rela.plt)
 *(.rel.dyn)
 *(.init)
 *(.plt)
 *(.text .stub .text.* .gnu.linkonce.t.*)
 .text          0x0000000000040224       0x3c C:/Users/joshn/iCloudDrive/Desktop/Uni/MTRX3700/Major-Project/mtrx3700-major-project/VerilogCam_project/software/1234_BSP/obj/HAL/src/crt0.o
                0x0000000000040224                _start
 .text          0x0000000000040260      0x428 obj/default/main.o
                0x0000000000040260                exponential_averaging
                0x00000000000402ec                calculate_median
                0x0000000000040414                is_outlier
                0x00000000000404a4                main
 .text          0x0000000000040688        0x0 c:/intelfpga_lite/20.1/nios2eds/bin/gnu/h-x86_64-mingw32/bin/../lib/gcc/nios2-elf/9.2.1/../../../../../H-x86_64-mingw32/nios2-elf/lib/mno-hw-mul\libm.a(lib_a-w_sqrt.o)
 .text.sqrt     0x0000000000040688       0xbc c:/intelfpga_lite/20.1/nios2eds/bin/gnu/h-x86_64-mingw32/bin/../lib/gcc/nios2-elf/9.2.1/../../../../../H-x86_64-mingw32/nios2-elf/lib/mno-hw-mul\libm.a(lib_a-w_sqrt.o)
                0x0000000000040688                sqrt
 .text          0x0000000000040744        0x0 c:/intelfpga_lite/20.1/nios2eds/bin/gnu/h-x86_64-mingw32/bin/../lib/gcc/nios2-elf/9.2.1/../../../../../H-x86_64-mingw32/nios2-elf/lib/mno-hw-mul\libm.a(lib_a-e_sqrt.o)
 .text.__ieee754_sqrt
                0x0000000000040744      0x264 c:/intelfpga_lite/20.1/nios2eds/bin/gnu/h-x86_64-mingw32/bin/../lib/gcc/nios2-elf/9.2.1/../../../../../H-x86_64-mingw32/nios2-elf/lib/mno-hw-mul\libm.a(lib_a-e_sqrt.o)
                0x0000000000040744                __ieee754_sqrt
 .text          0x00000000000409a8        0x0 c:/intelfpga_lite/20.1/nios2eds/bin/gnu/h-x86_64-mingw32/bin/../lib/gcc/nios2-elf/9.2.1/../../../../../H-x86_64-mingw32/nios2-elf/lib/mno-hw-mul\libm.a(lib_a-s_lib_ver.o)
 .text          0x00000000000409a8      0x1b4 c:/intelfpga_lite/20.1/nios2eds/bin/gnu/h-x86_64-mingw32/bin/../lib/gcc/nios2-elf/9.2.1/mno-hw-mul\libgcc.a(lib2-divmod.o)
                0x00000000000409a8                __divsi3
                0x0000000000040a28                __modsi3
                0x0000000000040a9c                __udivsi3
                0x0000000000040b00                __umodsi3
 .text          0x0000000000040b5c      0x45c c:/intelfpga_lite/20.1/nios2eds/bin/gnu/h-x86_64-mingw32/bin/../lib/gcc/nios2-elf/9.2.1/mno-hw-mul\libgcc.a(addsf3.o)
                0x0000000000040b5c                __addsf3
 .text          0x0000000000040fb8      0x3f4 c:/intelfpga_lite/20.1/nios2eds/bin/gnu/h-x86_64-mingw32/bin/../lib/gcc/nios2-elf/9.2.1/mno-hw-mul\libgcc.a(divsf3.o)
                0x0000000000040fb8                __divsf3
 .text          0x00000000000413ac       0xc4 c:/intelfpga_lite/20.1/nios2eds/bin/gnu/h-x86_64-mingw32/bin/../lib/gcc/nios2-elf/9.2.1/mno-hw-mul\libgcc.a(gesf2.o)
                0x00000000000413ac                __gesf2
                0x00000000000413ac                __gtsf2
 .text          0x0000000000041470      0x3fc c:/intelfpga_lite/20.1/nios2eds/bin/gnu/h-x86_64-mingw32/bin/../lib/gcc/nios2-elf/9.2.1/mno-hw-mul\libgcc.a(mulsf3.o)
                0x0000000000041470                __mulsf3
 .text          0x000000000004186c      0x484 c:/intelfpga_lite/20.1/nios2eds/bin/gnu/h-x86_64-mingw32/bin/../lib/gcc/nios2-elf/9.2.1/mno-hw-mul\libgcc.a(subsf3.o)
                0x000000000004186c                __subsf3
 .text          0x0000000000041cf0       0x70 c:/intelfpga_lite/20.1/nios2eds/bin/gnu/h-x86_64-mingw32/bin/../lib/gcc/nios2-elf/9.2.1/mno-hw-mul\libgcc.a(fixsfsi.o)
                0x0000000000041cf0                __fixsfsi
 .text          0x0000000000041d60      0x124 c:/intelfpga_lite/20.1/nios2eds/bin/gnu/h-x86_64-mingw32/bin/../lib/gcc/nios2-elf/9.2.1/mno-hw-mul\libgcc.a(floatsisf.o)
                0x0000000000041d60                __floatsisf
 .text          0x0000000000041e84      0x978 c:/intelfpga_lite/20.1/nios2eds/bin/gnu/h-x86_64-mingw32/bin/../lib/gcc/nios2-elf/9.2.1/mno-hw-mul\libgcc.a(adddf3.o)
                0x0000000000041e84                __adddf3
 .text          0x00000000000427fc      0x934 c:/intelfpga_lite/20.1/nios2eds/bin/gnu/h-x86_64-mingw32/bin/../lib/gcc/nios2-elf/9.2.1/mno-hw-mul\libgcc.a(divdf3.o)
                0x00000000000427fc                __divdf3
 .text          0x0000000000043130       0xf0 c:/intelfpga_lite/20.1/nios2eds/bin/gnu/h-x86_64-mingw32/bin/../lib/gcc/nios2-elf/9.2.1/mno-hw-mul\libgcc.a(ledf2.o)
                0x0000000000043130                __ledf2
                0x0000000000043130                __ltdf2
 .text          0x0000000000043220      0x7a8 c:/intelfpga_lite/20.1/nios2eds/bin/gnu/h-x86_64-mingw32/bin/../lib/gcc/nios2-elf/9.2.1/mno-hw-mul\libgcc.a(muldf3.o)
                0x0000000000043220                __muldf3
 .text          0x00000000000439c8      0x934 c:/intelfpga_lite/20.1/nios2eds/bin/gnu/h-x86_64-mingw32/bin/../lib/gcc/nios2-elf/9.2.1/mno-hw-mul\libgcc.a(subdf3.o)
                0x00000000000439c8                __subdf3
 .text          0x00000000000442fc       0x54 c:/intelfpga_lite/20.1/nios2eds/bin/gnu/h-x86_64-mingw32/bin/../lib/gcc/nios2-elf/9.2.1/mno-hw-mul\libgcc.a(unorddf2.o)
                0x00000000000442fc                __unorddf2
 .text          0x0000000000044350       0xfc c:/intelfpga_lite/20.1/nios2eds/bin/gnu/h-x86_64-mingw32/bin/../lib/gcc/nios2-elf/9.2.1/mno-hw-mul\libgcc.a(extendsfdf2.o)
                0x0000000000044350                __extendsfdf2
 .text          0x000000000004444c      0x170 c:/intelfpga_lite/20.1/nios2eds/bin/gnu/h-x86_64-mingw32/bin/../lib/gcc/nios2-elf/9.2.1/mno-hw-mul\libgcc.a(truncdfsf2.o)
                0x000000000004444c                __truncdfsf2
 .text          0x00000000000445bc       0x54 c:/intelfpga_lite/20.1/nios2eds/bin/gnu/h-x86_64-mingw32/bin/../lib/gcc/nios2-elf/9.2.1/mno-hw-mul\libgcc.a(_clzsi2.o)
                0x00000000000445bc                __clzsi2
 .text          0x0000000000044610       0x28 c:/intelfpga_lite/20.1/nios2eds/bin/gnu/h-x86_64-mingw32/bin/../lib/gcc/nios2-elf/9.2.1/mno-hw-mul\libgcc.a(lib2-mul.o)
                0x0000000000044610                __mulsi3
 .text          0x0000000000044638        0x0 c:/intelfpga_lite/20.1/nios2eds/bin/gnu/h-x86_64-mingw32/bin/../lib/gcc/nios2-elf/9.2.1/mno-hw-mul\libgcc.a(_clz.o)
 .text          0x0000000000044638        0x0 c:/intelfpga_lite/20.1/nios2eds/bin/gnu/h-x86_64-mingw32/bin/../lib/gcc/nios2-elf/9.2.1/../../../../../H-x86_64-mingw32/nios2-elf/lib/mno-hw-mul\libc.a(lib_a-errno.o)
 .text.__errno  0x0000000000044638        0xc c:/intelfpga_lite/20.1/nios2eds/bin/gnu/h-x86_64-mingw32/bin/../lib/gcc/nios2-elf/9.2.1/../../../../../H-x86_64-mingw32/nios2-elf/lib/mno-hw-mul\libc.a(lib_a-errno.o)
                0x0000000000044638                __errno
 .text          0x0000000000044644        0x0 c:/intelfpga_lite/20.1/nios2eds/bin/gnu/h-x86_64-mingw32/bin/../lib/gcc/nios2-elf/9.2.1/../../../../../H-x86_64-mingw32/nios2-elf/lib/mno-hw-mul\libc.a(lib_a-impure.o)
 .text          0x0000000000044644       0xec C:/Users/joshn/iCloudDrive/Desktop/Uni/MTRX3700/Major-Project/mtrx3700-major-project/VerilogCam_project/software/1234_BSP\libhal_bsp.a(alt_load.o)
                0x00000000000446ac                alt_load
 .text          0x0000000000044730       0x7c C:/Users/joshn/iCloudDrive/Desktop/Uni/MTRX3700/Major-Project/mtrx3700-major-project/VerilogCam_project/software/1234_BSP\libhal_bsp.a(alt_main.o)
                0x0000000000044730                alt_main
 .text          0x00000000000447ac       0x30 C:/Users/joshn/iCloudDrive/Desktop/Uni/MTRX3700/Major-Project/mtrx3700-major-project/VerilogCam_project/software/1234_BSP\libhal_bsp.a(alt_usleep.o)
                0x00000000000447ac                usleep
 .text          0x00000000000447dc       0xb8 C:/Users/joshn/iCloudDrive/Desktop/Uni/MTRX3700/Major-Project/mtrx3700-major-project/VerilogCam_project/software/1234_BSP\libhal_bsp.a(alt_sys_init.o)
                0x0000000000044810                alt_irq_init
                0x000000000004484c                alt_sys_init
 .text          0x0000000000044894      0x164 C:/Users/joshn/iCloudDrive/Desktop/Uni/MTRX3700/Major-Project/mtrx3700-major-project/VerilogCam_project/software/1234_BSP\libhal_bsp.a(altera_avalon_jtag_uart_fd.o)
                0x0000000000044894                altera_avalon_jtag_uart_read_fd
                0x00000000000448f4                altera_avalon_jtag_uart_write_fd
                0x0000000000044954                altera_avalon_jtag_uart_close_fd
                0x00000000000449a4                altera_avalon_jtag_uart_ioctl_fd
 .text          0x00000000000449f8      0x3d4 C:/Users/joshn/iCloudDrive/Desktop/Uni/MTRX3700/Major-Project/mtrx3700-major-project/VerilogCam_project/software/1234_BSP\libhal_bsp.a(altera_avalon_jtag_uart_init.o)
                0x00000000000449f8                altera_avalon_jtag_uart_init
                0x0000000000044d64                altera_avalon_jtag_uart_close
 .text          0x0000000000044dcc       0xf4 C:/Users/joshn/iCloudDrive/Desktop/Uni/MTRX3700/Major-Project/mtrx3700-major-project/VerilogCam_project/software/1234_BSP\libhal_bsp.a(altera_avalon_jtag_uart_ioctl.o)
                0x0000000000044dcc                altera_avalon_jtag_uart_ioctl
 .text          0x0000000000044ec0      0x220 C:/Users/joshn/iCloudDrive/Desktop/Uni/MTRX3700/Major-Project/mtrx3700-major-project/VerilogCam_project/software/1234_BSP\libhal_bsp.a(altera_avalon_jtag_uart_read.o)
                0x0000000000044ec0                altera_avalon_jtag_uart_read
 .text          0x00000000000450e0      0x228 C:/Users/joshn/iCloudDrive/Desktop/Uni/MTRX3700/Major-Project/mtrx3700-major-project/VerilogCam_project/software/1234_BSP\libhal_bsp.a(altera_avalon_jtag_uart_write.o)
                0x00000000000450e0                altera_avalon_jtag_uart_write
 .text          0x0000000000045308      0x134 C:/Users/joshn/iCloudDrive/Desktop/Uni/MTRX3700/Major-Project/mtrx3700-major-project/VerilogCam_project/software/1234_BSP\libhal_bsp.a(alt_alarm_start.o)
                0x0000000000045308                alt_alarm_start
 .text          0x000000000004543c      0x158 C:/Users/joshn/iCloudDrive/Desktop/Uni/MTRX3700/Major-Project/mtrx3700-major-project/VerilogCam_project/software/1234_BSP\libhal_bsp.a(alt_busy_sleep.o)
                0x000000000004543c                alt_busy_sleep
 .text          0x0000000000045594      0x118 C:/Users/joshn/iCloudDrive/Desktop/Uni/MTRX3700/Major-Project/mtrx3700-major-project/VerilogCam_project/software/1234_BSP\libhal_bsp.a(alt_close.o)
                0x00000000000455d0                close
 .text          0x00000000000456ac       0x20 C:/Users/joshn/iCloudDrive/Desktop/Uni/MTRX3700/Major-Project/mtrx3700-major-project/VerilogCam_project/software/1234_BSP\libhal_bsp.a(alt_dcache_flush_all.o)
                0x00000000000456ac                alt_dcache_flush_all
 .text          0x00000000000456cc       0x2c C:/Users/joshn/iCloudDrive/Desktop/Uni/MTRX3700/Major-Project/mtrx3700-major-project/VerilogCam_project/software/1234_BSP\libhal_bsp.a(alt_dev.o)
 .text          0x00000000000456f8       0xe4 C:/Users/joshn/iCloudDrive/Desktop/Uni/MTRX3700/Major-Project/mtrx3700-major-project/VerilogCam_project/software/1234_BSP\libhal_bsp.a(alt_dev_llist_insert.o)
                0x0000000000045734                alt_dev_llist_insert
 .text          0x00000000000457dc       0x64 C:/Users/joshn/iCloudDrive/Desktop/Uni/MTRX3700/Major-Project/mtrx3700-major-project/VerilogCam_project/software/1234_BSP\libhal_bsp.a(alt_do_ctors.o)
                0x00000000000457dc                _do_ctors
 .text          0x0000000000045840       0x64 C:/Users/joshn/iCloudDrive/Desktop/Uni/MTRX3700/Major-Project/mtrx3700-major-project/VerilogCam_project/software/1234_BSP\libhal_bsp.a(alt_do_dtors.o)
                0x0000000000045840                _do_dtors
 .text          0x00000000000458a4        0x0 C:/Users/joshn/iCloudDrive/Desktop/Uni/MTRX3700/Major-Project/mtrx3700-major-project/VerilogCam_project/software/1234_BSP\libhal_bsp.a(alt_errno.o)
 .text          0x00000000000458a4       0x20 C:/Users/joshn/iCloudDrive/Desktop/Uni/MTRX3700/Major-Project/mtrx3700-major-project/VerilogCam_project/software/1234_BSP\libhal_bsp.a(alt_icache_flush_all.o)
                0x00000000000458a4                alt_icache_flush_all
 .text          0x00000000000458c4      0x1b0 C:/Users/joshn/iCloudDrive/Desktop/Uni/MTRX3700/Major-Project/mtrx3700-major-project/VerilogCam_project/software/1234_BSP\libhal_bsp.a(alt_iic.o)
                0x00000000000458c4                alt_ic_isr_register
                0x0000000000045914                alt_ic_irq_enable
                0x000000000004599c                alt_ic_irq_disable
                0x0000000000045a28                alt_ic_irq_enabled
 .text          0x0000000000045a74       0xe8 C:/Users/joshn/iCloudDrive/Desktop/Uni/MTRX3700/Major-Project/mtrx3700-major-project/VerilogCam_project/software/1234_BSP\libhal_bsp.a(alt_iic_isr_register.o)
                0x0000000000045a74                alt_iic_isr_register
 .text          0x0000000000045b5c      0x150 C:/Users/joshn/iCloudDrive/Desktop/Uni/MTRX3700/Major-Project/mtrx3700-major-project/VerilogCam_project/software/1234_BSP\libhal_bsp.a(alt_io_redirect.o)
                0x0000000000045c30                alt_io_redirect
 .text          0x0000000000045cac        0x0 C:/Users/joshn/iCloudDrive/Desktop/Uni/MTRX3700/Major-Project/mtrx3700-major-project/VerilogCam_project/software/1234_BSP\libhal_bsp.a(alt_irq_entry.o)
 .text          0x0000000000045cac        0x0 C:/Users/joshn/iCloudDrive/Desktop/Uni/MTRX3700/Major-Project/mtrx3700-major-project/VerilogCam_project/software/1234_BSP\libhal_bsp.a(alt_irq_handler.o)
 .text          0x0000000000045cac        0x0 C:/Users/joshn/iCloudDrive/Desktop/Uni/MTRX3700/Major-Project/mtrx3700-major-project/VerilogCam_project/software/1234_BSP\libhal_bsp.a(alt_irq_vars.o)
 .text          0x0000000000045cac      0x278 C:/Users/joshn/iCloudDrive/Desktop/Uni/MTRX3700/Major-Project/mtrx3700-major-project/VerilogCam_project/software/1234_BSP\libhal_bsp.a(alt_open.o)
                0x0000000000045dc4                open
 .text          0x0000000000045f24       0x70 C:/Users/joshn/iCloudDrive/Desktop/Uni/MTRX3700/Major-Project/mtrx3700-major-project/VerilogCam_project/software/1234_BSP\libhal_bsp.a(alt_release_fd.o)
                0x0000000000045f24                alt_release_fd
 .text          0x0000000000045f94      0x1ac C:/Users/joshn/iCloudDrive/Desktop/Uni/MTRX3700/Major-Project/mtrx3700-major-project/VerilogCam_project/software/1234_BSP\libhal_bsp.a(alt_tick.o)
                0x0000000000045f94                alt_alarm_stop
                0x0000000000046038                alt_tick
 .text          0x0000000000046140       0x24 C:/Users/joshn/iCloudDrive/Desktop/Uni/MTRX3700/Major-Project/mtrx3700-major-project/VerilogCam_project/software/1234_BSP\libhal_bsp.a(altera_nios2_gen2_irq.o)
                0x0000000000046140                altera_nios2_gen2_irq_init
 .text          0x0000000000046164        0x0 C:/Users/joshn/iCloudDrive/Desktop/Uni/MTRX3700/Major-Project/mtrx3700-major-project/VerilogCam_project/software/1234_BSP\libhal_bsp.a(alt_exception_entry.o)
 .text          0x0000000000046164       0x90 C:/Users/joshn/iCloudDrive/Desktop/Uni/MTRX3700/Major-Project/mtrx3700-major-project/VerilogCam_project/software/1234_BSP\libhal_bsp.a(alt_find_dev.o)
                0x0000000000046164                alt_find_dev
 .text          0x00000000000461f4      0x108 C:/Users/joshn/iCloudDrive/Desktop/Uni/MTRX3700/Major-Project/mtrx3700-major-project/VerilogCam_project/software/1234_BSP\libhal_bsp.a(alt_find_file.o)
                0x00000000000461f4                alt_find_file
 .text          0x00000000000462fc       0xb8 C:/Users/joshn/iCloudDrive/Desktop/Uni/MTRX3700/Major-Project/mtrx3700-major-project/VerilogCam_project/software/1234_BSP\libhal_bsp.a(alt_get_fd.o)
                0x00000000000462fc                alt_get_fd
 .text          0x00000000000463b4       0x98 C:/Users/joshn/iCloudDrive/Desktop/Uni/MTRX3700/Major-Project/mtrx3700-major-project/VerilogCam_project/software/1234_BSP\libhal_bsp.a(alt_instruction_exception_entry.o)
                0x00000000000463b4                alt_exception_cause_generated_bad_addr
 .text          0x000000000004644c        0x0 c:/intelfpga_lite/20.1/nios2eds/bin/gnu/h-x86_64-mingw32/bin/../lib/gcc/nios2-elf/9.2.1/../../../../../H-x86_64-mingw32/nios2-elf/lib/mno-hw-mul\libc.a(lib_a-atexit.o)
 .text.atexit   0x000000000004644c       0x14 c:/intelfpga_lite/20.1/nios2eds/bin/gnu/h-x86_64-mingw32/bin/../lib/gcc/nios2-elf/9.2.1/../../../../../H-x86_64-mingw32/nios2-elf/lib/mno-hw-mul\libc.a(lib_a-atexit.o)
                0x000000000004644c                atexit
 .text          0x0000000000046460        0x0 c:/intelfpga_lite/20.1/nios2eds/bin/gnu/h-x86_64-mingw32/bin/../lib/gcc/nios2-elf/9.2.1/../../../../../H-x86_64-mingw32/nios2-elf/lib/mno-hw-mul\libc.a(lib_a-exit.o)
 .text.exit     0x0000000000046460       0x34 c:/intelfpga_lite/20.1/nios2eds/bin/gnu/h-x86_64-mingw32/bin/../lib/gcc/nios2-elf/9.2.1/../../../../../H-x86_64-mingw32/nios2-elf/lib/mno-hw-mul\libc.a(lib_a-exit.o)
                0x0000000000046460                exit
 .text          0x0000000000046494        0x0 c:/intelfpga_lite/20.1/nios2eds/bin/gnu/h-x86_64-mingw32/bin/../lib/gcc/nios2-elf/9.2.1/../../../../../H-x86_64-mingw32/nios2-elf/lib/mno-hw-mul\libc.a(lib_a-int_errno.o)
 .text          0x0000000000046494        0x0 c:/intelfpga_lite/20.1/nios2eds/bin/gnu/h-x86_64-mingw32/bin/../lib/gcc/nios2-elf/9.2.1/../../../../../H-x86_64-mingw32/nios2-elf/lib/mno-hw-mul\libc.a(lib_a-memcmp.o)
 .text.memcmp   0x0000000000046494       0x78 c:/intelfpga_lite/20.1/nios2eds/bin/gnu/h-x86_64-mingw32/bin/../lib/gcc/nios2-elf/9.2.1/../../../../../H-x86_64-mingw32/nios2-elf/lib/mno-hw-mul\libc.a(lib_a-memcmp.o)
                0x0000000000046494                memcmp
 .text          0x000000000004650c        0x0 c:/intelfpga_lite/20.1/nios2eds/bin/gnu/h-x86_64-mingw32/bin/../lib/gcc/nios2-elf/9.2.1/../../../../../H-x86_64-mingw32/nios2-elf/lib/mno-hw-mul\libc.a(lib_a-memcpy.o)
 .text.memcpy   0x000000000004650c      0x100 c:/intelfpga_lite/20.1/nios2eds/bin/gnu/h-x86_64-mingw32/bin/../lib/gcc/nios2-elf/9.2.1/../../../../../H-x86_64-mingw32/nios2-elf/lib/mno-hw-mul\libc.a(lib_a-memcpy.o)
                0x000000000004650c                memcpy
 .text          0x000000000004660c        0x0 c:/intelfpga_lite/20.1/nios2eds/bin/gnu/h-x86_64-mingw32/bin/../lib/gcc/nios2-elf/9.2.1/../../../../../H-x86_64-mingw32/nios2-elf/lib/mno-hw-mul\libc.a(lib_a-strlen.o)
 .text.strlen   0x000000000004660c       0x98 c:/intelfpga_lite/20.1/nios2eds/bin/gnu/h-x86_64-mingw32/bin/../lib/gcc/nios2-elf/9.2.1/../../../../../H-x86_64-mingw32/nios2-elf/lib/mno-hw-mul\libc.a(lib_a-strlen.o)
                0x000000000004660c                strlen
 .text          0x00000000000466a4        0x0 c:/intelfpga_lite/20.1/nios2eds/bin/gnu/h-x86_64-mingw32/bin/../lib/gcc/nios2-elf/9.2.1/../../../../../H-x86_64-mingw32/nios2-elf/lib/mno-hw-mul\libc.a(lib_a-__atexit.o)
 .text.__register_exitproc
                0x00000000000466a4       0x90 c:/intelfpga_lite/20.1/nios2eds/bin/gnu/h-x86_64-mingw32/bin/../lib/gcc/nios2-elf/9.2.1/../../../../../H-x86_64-mingw32/nios2-elf/lib/mno-hw-mul\libc.a(lib_a-__atexit.o)
                0x00000000000466a4                __register_exitproc
 .text          0x0000000000046734        0x0 c:/intelfpga_lite/20.1/nios2eds/bin/gnu/h-x86_64-mingw32/bin/../lib/gcc/nios2-elf/9.2.1/../../../../../H-x86_64-mingw32/nios2-elf/lib/mno-hw-mul\libc.a(lib_a-__call_atexit.o)
 .text.__call_exitprocs
                0x0000000000046734      0x120 c:/intelfpga_lite/20.1/nios2eds/bin/gnu/h-x86_64-mingw32/bin/../lib/gcc/nios2-elf/9.2.1/../../../../../H-x86_64-mingw32/nios2-elf/lib/mno-hw-mul\libc.a(lib_a-__call_atexit.o)
                0x0000000000046734                __call_exitprocs
 .text          0x0000000000046854       0x38 C:/Users/joshn/iCloudDrive/Desktop/Uni/MTRX3700/Major-Project/mtrx3700-major-project/VerilogCam_project/software/1234_BSP\libhal_bsp.a(alt_exit.o)
                0x0000000000046854                _exit
 *(.gnu.warning.*)
 *(.fini)
                [!provide]                        PROVIDE (__etext = ABSOLUTE (.))
                [!provide]                        PROVIDE (_etext = ABSOLUTE (.))
                [!provide]                        PROVIDE (etext = ABSOLUTE (.))
 *(.eh_frame_hdr)
                0x000000000004688c                . = ALIGN (0x4)
                [!provide]                        PROVIDE (__preinit_array_start = ABSOLUTE (.))
 *(.preinit_array)
                [!provide]                        PROVIDE (__preinit_array_end = ABSOLUTE (.))
                [!provide]                        PROVIDE (__init_array_start = ABSOLUTE (.))
 *(.init_array)
                [!provide]                        PROVIDE (__init_array_end = ABSOLUTE (.))
                [!provide]                        PROVIDE (__fini_array_start = ABSOLUTE (.))
 *(.fini_array)
                [!provide]                        PROVIDE (__fini_array_end = ABSOLUTE (.))
 *(.eh_frame)
 *(.gcc_except_table .gcc_except_table.*)
 *(.dynamic)
                0x000000000004688c                PROVIDE (__CTOR_LIST__ = ABSOLUTE (.))
 *(.ctors)
 *(SORT_BY_NAME(.ctors.*))
                0x000000000004688c                PROVIDE (__CTOR_END__ = ABSOLUTE (.))
                0x000000000004688c                PROVIDE (__DTOR_LIST__ = ABSOLUTE (.))
 *(.dtors)
 *(SORT_BY_NAME(.dtors.*))
                0x000000000004688c                PROVIDE (__DTOR_END__ = ABSOLUTE (.))
 *(.jcr)
                0x000000000004688c                . = ALIGN (0x4)

.rodata         0x000000000004688c      0x124
                0x000000000004688c                PROVIDE (__ram_rodata_start = ABSOLUTE (.))
                0x000000000004688c                . = ALIGN (0x4)
 *(.rodata .rodata.* .gnu.linkonce.r.*)
 .rodata        0x000000000004688c      0x100 c:/intelfpga_lite/20.1/nios2eds/bin/gnu/h-x86_64-mingw32/bin/../lib/gcc/nios2-elf/9.2.1/mno-hw-mul\libgcc.a(_clz.o)
                0x000000000004688c                __clz_tab
 .rodata        0x000000000004698c        0xa C:/Users/joshn/iCloudDrive/Desktop/Uni/MTRX3700/Major-Project/mtrx3700-major-project/VerilogCam_project/software/1234_BSP\libhal_bsp.a(alt_main.o)
 *fill*         0x0000000000046996        0x2 
 .rodata        0x0000000000046998        0xa C:/Users/joshn/iCloudDrive/Desktop/Uni/MTRX3700/Major-Project/mtrx3700-major-project/VerilogCam_project/software/1234_BSP\libhal_bsp.a(alt_sys_init.o)
 *fill*         0x00000000000469a2        0x2 
 .rodata        0x00000000000469a4        0xa C:/Users/joshn/iCloudDrive/Desktop/Uni/MTRX3700/Major-Project/mtrx3700-major-project/VerilogCam_project/software/1234_BSP\libhal_bsp.a(alt_dev.o)
 *(.rodata1)
                0x00000000000469b0                . = ALIGN (0x4)
 *fill*         0x00000000000469ae        0x2 
                0x00000000000469b0                PROVIDE (__ram_rodata_end = ABSOLUTE (.))
                0x000000000004688c                PROVIDE (__flash_rodata_start = LOADADDR (.rodata))

.rwdata         0x00000000000469b0     0x165c load address 0x000000000004800c
                0x00000000000469b0                PROVIDE (__ram_rwdata_start = ABSOLUTE (.))
                0x00000000000469b0                . = ALIGN (0x4)
 *(.got.plt)
 *(.got)
 *(.data1)
 *(.data .data.* .gnu.linkonce.d.*)
 .data          0x00000000000469b0        0x0 C:/Users/joshn/iCloudDrive/Desktop/Uni/MTRX3700/Major-Project/mtrx3700-major-project/VerilogCam_project/software/1234_BSP/obj/HAL/src/crt0.o
 .data          0x00000000000469b0        0x0 obj/default/main.o
 .data          0x00000000000469b0        0x0 c:/intelfpga_lite/20.1/nios2eds/bin/gnu/h-x86_64-mingw32/bin/../lib/gcc/nios2-elf/9.2.1/../../../../../H-x86_64-mingw32/nios2-elf/lib/mno-hw-mul\libm.a(lib_a-w_sqrt.o)
 .data          0x00000000000469b0        0x0 c:/intelfpga_lite/20.1/nios2eds/bin/gnu/h-x86_64-mingw32/bin/../lib/gcc/nios2-elf/9.2.1/../../../../../H-x86_64-mingw32/nios2-elf/lib/mno-hw-mul\libm.a(lib_a-e_sqrt.o)
 .data          0x00000000000469b0        0x0 c:/intelfpga_lite/20.1/nios2eds/bin/gnu/h-x86_64-mingw32/bin/../lib/gcc/nios2-elf/9.2.1/../../../../../H-x86_64-mingw32/nios2-elf/lib/mno-hw-mul\libm.a(lib_a-s_lib_ver.o)
 .data          0x00000000000469b0        0x0 c:/intelfpga_lite/20.1/nios2eds/bin/gnu/h-x86_64-mingw32/bin/../lib/gcc/nios2-elf/9.2.1/mno-hw-mul\libgcc.a(lib2-divmod.o)
 .data          0x00000000000469b0        0x0 c:/intelfpga_lite/20.1/nios2eds/bin/gnu/h-x86_64-mingw32/bin/../lib/gcc/nios2-elf/9.2.1/mno-hw-mul\libgcc.a(addsf3.o)
 .data          0x00000000000469b0        0x0 c:/intelfpga_lite/20.1/nios2eds/bin/gnu/h-x86_64-mingw32/bin/../lib/gcc/nios2-elf/9.2.1/mno-hw-mul\libgcc.a(divsf3.o)
 .data          0x00000000000469b0        0x0 c:/intelfpga_lite/20.1/nios2eds/bin/gnu/h-x86_64-mingw32/bin/../lib/gcc/nios2-elf/9.2.1/mno-hw-mul\libgcc.a(gesf2.o)
 .data          0x00000000000469b0        0x0 c:/intelfpga_lite/20.1/nios2eds/bin/gnu/h-x86_64-mingw32/bin/../lib/gcc/nios2-elf/9.2.1/mno-hw-mul\libgcc.a(mulsf3.o)
 .data          0x00000000000469b0        0x0 c:/intelfpga_lite/20.1/nios2eds/bin/gnu/h-x86_64-mingw32/bin/../lib/gcc/nios2-elf/9.2.1/mno-hw-mul\libgcc.a(subsf3.o)
 .data          0x00000000000469b0        0x0 c:/intelfpga_lite/20.1/nios2eds/bin/gnu/h-x86_64-mingw32/bin/../lib/gcc/nios2-elf/9.2.1/mno-hw-mul\libgcc.a(fixsfsi.o)
 .data          0x00000000000469b0        0x0 c:/intelfpga_lite/20.1/nios2eds/bin/gnu/h-x86_64-mingw32/bin/../lib/gcc/nios2-elf/9.2.1/mno-hw-mul\libgcc.a(floatsisf.o)
 .data          0x00000000000469b0        0x0 c:/intelfpga_lite/20.1/nios2eds/bin/gnu/h-x86_64-mingw32/bin/../lib/gcc/nios2-elf/9.2.1/mno-hw-mul\libgcc.a(adddf3.o)
 .data          0x00000000000469b0        0x0 c:/intelfpga_lite/20.1/nios2eds/bin/gnu/h-x86_64-mingw32/bin/../lib/gcc/nios2-elf/9.2.1/mno-hw-mul\libgcc.a(divdf3.o)
 .data          0x00000000000469b0        0x0 c:/intelfpga_lite/20.1/nios2eds/bin/gnu/h-x86_64-mingw32/bin/../lib/gcc/nios2-elf/9.2.1/mno-hw-mul\libgcc.a(ledf2.o)
 .data          0x00000000000469b0        0x0 c:/intelfpga_lite/20.1/nios2eds/bin/gnu/h-x86_64-mingw32/bin/../lib/gcc/nios2-elf/9.2.1/mno-hw-mul\libgcc.a(muldf3.o)
 .data          0x00000000000469b0        0x0 c:/intelfpga_lite/20.1/nios2eds/bin/gnu/h-x86_64-mingw32/bin/../lib/gcc/nios2-elf/9.2.1/mno-hw-mul\libgcc.a(subdf3.o)
 .data          0x00000000000469b0        0x0 c:/intelfpga_lite/20.1/nios2eds/bin/gnu/h-x86_64-mingw32/bin/../lib/gcc/nios2-elf/9.2.1/mno-hw-mul\libgcc.a(unorddf2.o)
 .data          0x00000000000469b0        0x0 c:/intelfpga_lite/20.1/nios2eds/bin/gnu/h-x86_64-mingw32/bin/../lib/gcc/nios2-elf/9.2.1/mno-hw-mul\libgcc.a(extendsfdf2.o)
 .data          0x00000000000469b0        0x0 c:/intelfpga_lite/20.1/nios2eds/bin/gnu/h-x86_64-mingw32/bin/../lib/gcc/nios2-elf/9.2.1/mno-hw-mul\libgcc.a(truncdfsf2.o)
 .data          0x00000000000469b0        0x0 c:/intelfpga_lite/20.1/nios2eds/bin/gnu/h-x86_64-mingw32/bin/../lib/gcc/nios2-elf/9.2.1/mno-hw-mul\libgcc.a(_clzsi2.o)
 .data          0x00000000000469b0        0x0 c:/intelfpga_lite/20.1/nios2eds/bin/gnu/h-x86_64-mingw32/bin/../lib/gcc/nios2-elf/9.2.1/mno-hw-mul\libgcc.a(lib2-mul.o)
 .data          0x00000000000469b0        0x0 c:/intelfpga_lite/20.1/nios2eds/bin/gnu/h-x86_64-mingw32/bin/../lib/gcc/nios2-elf/9.2.1/mno-hw-mul\libgcc.a(_clz.o)
 .data          0x00000000000469b0        0x0 c:/intelfpga_lite/20.1/nios2eds/bin/gnu/h-x86_64-mingw32/bin/../lib/gcc/nios2-elf/9.2.1/../../../../../H-x86_64-mingw32/nios2-elf/lib/mno-hw-mul\libc.a(lib_a-errno.o)
 .data          0x00000000000469b0        0x0 c:/intelfpga_lite/20.1/nios2eds/bin/gnu/h-x86_64-mingw32/bin/../lib/gcc/nios2-elf/9.2.1/../../../../../H-x86_64-mingw32/nios2-elf/lib/mno-hw-mul\libc.a(lib_a-impure.o)
 .data.impure_data
                0x00000000000469b0      0x424 c:/intelfpga_lite/20.1/nios2eds/bin/gnu/h-x86_64-mingw32/bin/../lib/gcc/nios2-elf/9.2.1/../../../../../H-x86_64-mingw32/nios2-elf/lib/mno-hw-mul\libc.a(lib_a-impure.o)
 .data          0x0000000000046dd4        0x0 C:/Users/joshn/iCloudDrive/Desktop/Uni/MTRX3700/Major-Project/mtrx3700-major-project/VerilogCam_project/software/1234_BSP\libhal_bsp.a(alt_load.o)
 .data          0x0000000000046dd4        0x0 C:/Users/joshn/iCloudDrive/Desktop/Uni/MTRX3700/Major-Project/mtrx3700-major-project/VerilogCam_project/software/1234_BSP\libhal_bsp.a(alt_main.o)
 .data          0x0000000000046dd4        0x0 C:/Users/joshn/iCloudDrive/Desktop/Uni/MTRX3700/Major-Project/mtrx3700-major-project/VerilogCam_project/software/1234_BSP\libhal_bsp.a(alt_usleep.o)
 .data          0x0000000000046dd4     0x1060 C:/Users/joshn/iCloudDrive/Desktop/Uni/MTRX3700/Major-Project/mtrx3700-major-project/VerilogCam_project/software/1234_BSP\libhal_bsp.a(alt_sys_init.o)
 .data          0x0000000000047e34        0x0 C:/Users/joshn/iCloudDrive/Desktop/Uni/MTRX3700/Major-Project/mtrx3700-major-project/VerilogCam_project/software/1234_BSP\libhal_bsp.a(altera_avalon_jtag_uart_fd.o)
 .data          0x0000000000047e34        0x0 C:/Users/joshn/iCloudDrive/Desktop/Uni/MTRX3700/Major-Project/mtrx3700-major-project/VerilogCam_project/software/1234_BSP\libhal_bsp.a(altera_avalon_jtag_uart_init.o)
 .data          0x0000000000047e34        0x0 C:/Users/joshn/iCloudDrive/Desktop/Uni/MTRX3700/Major-Project/mtrx3700-major-project/VerilogCam_project/software/1234_BSP\libhal_bsp.a(altera_avalon_jtag_uart_ioctl.o)
 .data          0x0000000000047e34        0x0 C:/Users/joshn/iCloudDrive/Desktop/Uni/MTRX3700/Major-Project/mtrx3700-major-project/VerilogCam_project/software/1234_BSP\libhal_bsp.a(altera_avalon_jtag_uart_read.o)
 .data          0x0000000000047e34        0x0 C:/Users/joshn/iCloudDrive/Desktop/Uni/MTRX3700/Major-Project/mtrx3700-major-project/VerilogCam_project/software/1234_BSP\libhal_bsp.a(altera_avalon_jtag_uart_write.o)
 .data          0x0000000000047e34        0x0 C:/Users/joshn/iCloudDrive/Desktop/Uni/MTRX3700/Major-Project/mtrx3700-major-project/VerilogCam_project/software/1234_BSP\libhal_bsp.a(alt_alarm_start.o)
 .data          0x0000000000047e34        0x0 C:/Users/joshn/iCloudDrive/Desktop/Uni/MTRX3700/Major-Project/mtrx3700-major-project/VerilogCam_project/software/1234_BSP\libhal_bsp.a(alt_busy_sleep.o)
 .data          0x0000000000047e34        0x0 C:/Users/joshn/iCloudDrive/Desktop/Uni/MTRX3700/Major-Project/mtrx3700-major-project/VerilogCam_project/software/1234_BSP\libhal_bsp.a(alt_close.o)
 .data          0x0000000000047e34        0x0 C:/Users/joshn/iCloudDrive/Desktop/Uni/MTRX3700/Major-Project/mtrx3700-major-project/VerilogCam_project/software/1234_BSP\libhal_bsp.a(alt_dcache_flush_all.o)
 .data          0x0000000000047e34      0x1a8 C:/Users/joshn/iCloudDrive/Desktop/Uni/MTRX3700/Major-Project/mtrx3700-major-project/VerilogCam_project/software/1234_BSP\libhal_bsp.a(alt_dev.o)
                0x0000000000047e34                alt_dev_null
                0x0000000000047e5c                alt_fd_list
 .data          0x0000000000047fdc        0x0 C:/Users/joshn/iCloudDrive/Desktop/Uni/MTRX3700/Major-Project/mtrx3700-major-project/VerilogCam_project/software/1234_BSP\libhal_bsp.a(alt_dev_llist_insert.o)
 .data          0x0000000000047fdc        0x0 C:/Users/joshn/iCloudDrive/Desktop/Uni/MTRX3700/Major-Project/mtrx3700-major-project/VerilogCam_project/software/1234_BSP\libhal_bsp.a(alt_do_ctors.o)
 .data          0x0000000000047fdc        0x0 C:/Users/joshn/iCloudDrive/Desktop/Uni/MTRX3700/Major-Project/mtrx3700-major-project/VerilogCam_project/software/1234_BSP\libhal_bsp.a(alt_do_dtors.o)
 .data          0x0000000000047fdc        0x0 C:/Users/joshn/iCloudDrive/Desktop/Uni/MTRX3700/Major-Project/mtrx3700-major-project/VerilogCam_project/software/1234_BSP\libhal_bsp.a(alt_errno.o)
 .data          0x0000000000047fdc        0x0 C:/Users/joshn/iCloudDrive/Desktop/Uni/MTRX3700/Major-Project/mtrx3700-major-project/VerilogCam_project/software/1234_BSP\libhal_bsp.a(alt_icache_flush_all.o)
 .data          0x0000000000047fdc        0x0 C:/Users/joshn/iCloudDrive/Desktop/Uni/MTRX3700/Major-Project/mtrx3700-major-project/VerilogCam_project/software/1234_BSP\libhal_bsp.a(alt_iic.o)
 .data          0x0000000000047fdc        0x0 C:/Users/joshn/iCloudDrive/Desktop/Uni/MTRX3700/Major-Project/mtrx3700-major-project/VerilogCam_project/software/1234_BSP\libhal_bsp.a(alt_iic_isr_register.o)
 .data          0x0000000000047fdc        0x0 C:/Users/joshn/iCloudDrive/Desktop/Uni/MTRX3700/Major-Project/mtrx3700-major-project/VerilogCam_project/software/1234_BSP\libhal_bsp.a(alt_io_redirect.o)
 .data          0x0000000000047fdc        0x0 C:/Users/joshn/iCloudDrive/Desktop/Uni/MTRX3700/Major-Project/mtrx3700-major-project/VerilogCam_project/software/1234_BSP\libhal_bsp.a(alt_irq_entry.o)
 .data          0x0000000000047fdc        0x0 C:/Users/joshn/iCloudDrive/Desktop/Uni/MTRX3700/Major-Project/mtrx3700-major-project/VerilogCam_project/software/1234_BSP\libhal_bsp.a(alt_irq_handler.o)
 .data          0x0000000000047fdc        0x0 C:/Users/joshn/iCloudDrive/Desktop/Uni/MTRX3700/Major-Project/mtrx3700-major-project/VerilogCam_project/software/1234_BSP\libhal_bsp.a(alt_irq_vars.o)
 .data          0x0000000000047fdc        0x0 C:/Users/joshn/iCloudDrive/Desktop/Uni/MTRX3700/Major-Project/mtrx3700-major-project/VerilogCam_project/software/1234_BSP\libhal_bsp.a(alt_open.o)
 .data          0x0000000000047fdc        0x0 C:/Users/joshn/iCloudDrive/Desktop/Uni/MTRX3700/Major-Project/mtrx3700-major-project/VerilogCam_project/software/1234_BSP\libhal_bsp.a(alt_release_fd.o)
 .data          0x0000000000047fdc        0x0 C:/Users/joshn/iCloudDrive/Desktop/Uni/MTRX3700/Major-Project/mtrx3700-major-project/VerilogCam_project/software/1234_BSP\libhal_bsp.a(alt_tick.o)
 .data          0x0000000000047fdc        0x0 C:/Users/joshn/iCloudDrive/Desktop/Uni/MTRX3700/Major-Project/mtrx3700-major-project/VerilogCam_project/software/1234_BSP\libhal_bsp.a(altera_nios2_gen2_irq.o)
 .data          0x0000000000047fdc        0x0 C:/Users/joshn/iCloudDrive/Desktop/Uni/MTRX3700/Major-Project/mtrx3700-major-project/VerilogCam_project/software/1234_BSP\libhal_bsp.a(alt_exception_entry.o)
 .data          0x0000000000047fdc        0x0 C:/Users/joshn/iCloudDrive/Desktop/Uni/MTRX3700/Major-Project/mtrx3700-major-project/VerilogCam_project/software/1234_BSP\libhal_bsp.a(alt_find_dev.o)
 .data          0x0000000000047fdc        0x0 C:/Users/joshn/iCloudDrive/Desktop/Uni/MTRX3700/Major-Project/mtrx3700-major-project/VerilogCam_project/software/1234_BSP\libhal_bsp.a(alt_find_file.o)
 .data          0x0000000000047fdc        0x0 C:/Users/joshn/iCloudDrive/Desktop/Uni/MTRX3700/Major-Project/mtrx3700-major-project/VerilogCam_project/software/1234_BSP\libhal_bsp.a(alt_get_fd.o)
 .data          0x0000000000047fdc        0x0 C:/Users/joshn/iCloudDrive/Desktop/Uni/MTRX3700/Major-Project/mtrx3700-major-project/VerilogCam_project/software/1234_BSP\libhal_bsp.a(alt_instruction_exception_entry.o)
 .data          0x0000000000047fdc        0x0 c:/intelfpga_lite/20.1/nios2eds/bin/gnu/h-x86_64-mingw32/bin/../lib/gcc/nios2-elf/9.2.1/../../../../../H-x86_64-mingw32/nios2-elf/lib/mno-hw-mul\libc.a(lib_a-atexit.o)
 .data          0x0000000000047fdc        0x0 c:/intelfpga_lite/20.1/nios2eds/bin/gnu/h-x86_64-mingw32/bin/../lib/gcc/nios2-elf/9.2.1/../../../../../H-x86_64-mingw32/nios2-elf/lib/mno-hw-mul\libc.a(lib_a-exit.o)
 .data          0x0000000000047fdc        0x0 c:/intelfpga_lite/20.1/nios2eds/bin/gnu/h-x86_64-mingw32/bin/../lib/gcc/nios2-elf/9.2.1/../../../../../H-x86_64-mingw32/nios2-elf/lib/mno-hw-mul\libc.a(lib_a-int_errno.o)
 .data          0x0000000000047fdc        0x0 c:/intelfpga_lite/20.1/nios2eds/bin/gnu/h-x86_64-mingw32/bin/../lib/gcc/nios2-elf/9.2.1/../../../../../H-x86_64-mingw32/nios2-elf/lib/mno-hw-mul\libc.a(lib_a-memcmp.o)
 .data          0x0000000000047fdc        0x0 c:/intelfpga_lite/20.1/nios2eds/bin/gnu/h-x86_64-mingw32/bin/../lib/gcc/nios2-elf/9.2.1/../../../../../H-x86_64-mingw32/nios2-elf/lib/mno-hw-mul\libc.a(lib_a-memcpy.o)
 .data          0x0000000000047fdc        0x0 c:/intelfpga_lite/20.1/nios2eds/bin/gnu/h-x86_64-mingw32/bin/../lib/gcc/nios2-elf/9.2.1/../../../../../H-x86_64-mingw32/nios2-elf/lib/mno-hw-mul\libc.a(lib_a-strlen.o)
 .data          0x0000000000047fdc        0x0 c:/intelfpga_lite/20.1/nios2eds/bin/gnu/h-x86_64-mingw32/bin/../lib/gcc/nios2-elf/9.2.1/../../../../../H-x86_64-mingw32/nios2-elf/lib/mno-hw-mul\libc.a(lib_a-__atexit.o)
 .data          0x0000000000047fdc        0x0 c:/intelfpga_lite/20.1/nios2eds/bin/gnu/h-x86_64-mingw32/bin/../lib/gcc/nios2-elf/9.2.1/../../../../../H-x86_64-mingw32/nios2-elf/lib/mno-hw-mul\libc.a(lib_a-__call_atexit.o)
 .data          0x0000000000047fdc        0x0 C:/Users/joshn/iCloudDrive/Desktop/Uni/MTRX3700/Major-Project/mtrx3700-major-project/VerilogCam_project/software/1234_BSP\libhal_bsp.a(alt_exit.o)
                0x000000000004ffdc                _gp = ABSOLUTE ((. + 0x8000))
                [!provide]                        PROVIDE (gp = _gp)
 *(.rwdata .rwdata.*)
 *(.sdata .sdata.* .gnu.linkonce.s.*)
 .sdata.__fdlib_version
                0x0000000000047fdc        0x4 c:/intelfpga_lite/20.1/nios2eds/bin/gnu/h-x86_64-mingw32/bin/../lib/gcc/nios2-elf/9.2.1/../../../../../H-x86_64-mingw32/nios2-elf/lib/mno-hw-mul\libm.a(lib_a-s_lib_ver.o)
                0x0000000000047fdc                __fdlib_version
 .sdata._global_impure_ptr
                0x0000000000047fe0        0x4 c:/intelfpga_lite/20.1/nios2eds/bin/gnu/h-x86_64-mingw32/bin/../lib/gcc/nios2-elf/9.2.1/../../../../../H-x86_64-mingw32/nios2-elf/lib/mno-hw-mul\libc.a(lib_a-impure.o)
                0x0000000000047fe0                _global_impure_ptr
 .sdata._impure_ptr
                0x0000000000047fe4        0x4 c:/intelfpga_lite/20.1/nios2eds/bin/gnu/h-x86_64-mingw32/bin/../lib/gcc/nios2-elf/9.2.1/../../../../../H-x86_64-mingw32/nios2-elf/lib/mno-hw-mul\libc.a(lib_a-impure.o)
                0x0000000000047fe4                _impure_ptr
 .sdata         0x0000000000047fe8       0x14 C:/Users/joshn/iCloudDrive/Desktop/Uni/MTRX3700/Major-Project/mtrx3700-major-project/VerilogCam_project/software/1234_BSP\libhal_bsp.a(alt_dev.o)
                0x0000000000047fe8                alt_fs_list
                0x0000000000047ff0                alt_dev_list
                0x0000000000047ff8                alt_max_fd
 .sdata         0x0000000000047ffc        0x4 C:/Users/joshn/iCloudDrive/Desktop/Uni/MTRX3700/Major-Project/mtrx3700-major-project/VerilogCam_project/software/1234_BSP\libhal_bsp.a(alt_errno.o)
                0x0000000000047ffc                alt_errno
 .sdata         0x0000000000048000        0x4 C:/Users/joshn/iCloudDrive/Desktop/Uni/MTRX3700/Major-Project/mtrx3700-major-project/VerilogCam_project/software/1234_BSP\libhal_bsp.a(alt_irq_vars.o)
                0x0000000000048000                alt_priority_mask
 .sdata         0x0000000000048004        0x8 C:/Users/joshn/iCloudDrive/Desktop/Uni/MTRX3700/Major-Project/mtrx3700-major-project/VerilogCam_project/software/1234_BSP\libhal_bsp.a(alt_tick.o)
                0x0000000000048004                alt_alarm_list
 *(.sdata2 .sdata2.* .gnu.linkonce.s2.*)
                0x000000000004800c                . = ALIGN (0x4)
                0x000000000004800c                _edata = ABSOLUTE (.)
                [!provide]                        PROVIDE (edata = ABSOLUTE (.))
                0x000000000004800c                PROVIDE (__ram_rwdata_end = ABSOLUTE (.))
                0x000000000004800c                PROVIDE (__flash_rwdata_start = LOADADDR (.rwdata))

.bss            0x0000000000049668      0x120
                0x0000000000049668                __bss_start = ABSOLUTE (.)
                [!provide]                        PROVIDE (__sbss_start = ABSOLUTE (.))
                [!provide]                        PROVIDE (___sbss_start = ABSOLUTE (.))
 *(.dynsbss)
 *(.sbss .sbss.* .gnu.linkonce.sb.*)
 .sbss          0x0000000000049668        0xc C:/Users/joshn/iCloudDrive/Desktop/Uni/MTRX3700/Major-Project/mtrx3700-major-project/VerilogCam_project/software/1234_BSP\libhal_bsp.a(alt_main.o)
                0x0000000000049668                alt_argc
                0x000000000004966c                alt_argv
                0x0000000000049670                alt_envp
 .sbss          0x0000000000049674        0x4 C:/Users/joshn/iCloudDrive/Desktop/Uni/MTRX3700/Major-Project/mtrx3700-major-project/VerilogCam_project/software/1234_BSP\libhal_bsp.a(alt_irq_vars.o)
                0x0000000000049674                alt_irq_active
 .sbss          0x0000000000049678        0x8 C:/Users/joshn/iCloudDrive/Desktop/Uni/MTRX3700/Major-Project/mtrx3700-major-project/VerilogCam_project/software/1234_BSP\libhal_bsp.a(alt_tick.o)
                0x0000000000049678                _alt_tick_rate
                0x000000000004967c                _alt_nticks
 .sbss          0x0000000000049680        0x4 C:/Users/joshn/iCloudDrive/Desktop/Uni/MTRX3700/Major-Project/mtrx3700-major-project/VerilogCam_project/software/1234_BSP\libhal_bsp.a(alt_instruction_exception_entry.o)
                0x0000000000049680                alt_instruction_exception_handler
 .sbss          0x0000000000049684        0x4 c:/intelfpga_lite/20.1/nios2eds/bin/gnu/h-x86_64-mingw32/bin/../lib/gcc/nios2-elf/9.2.1/../../../../../H-x86_64-mingw32/nios2-elf/lib/mno-hw-mul\libc.a(lib_a-int_errno.o)
                0x0000000000049684                errno
 *(.sbss2 .sbss2.* .gnu.linkonce.sb2.*)
 *(.scommon)
                [!provide]                        PROVIDE (__sbss_end = ABSOLUTE (.))
                [!provide]                        PROVIDE (___sbss_end = ABSOLUTE (.))
 *(.dynbss)
 *(.bss .bss.* .gnu.linkonce.b.*)
 .bss           0x0000000000049688        0x0 C:/Users/joshn/iCloudDrive/Desktop/Uni/MTRX3700/Major-Project/mtrx3700-major-project/VerilogCam_project/software/1234_BSP/obj/HAL/src/crt0.o
 .bss           0x0000000000049688        0x0 obj/default/main.o
 .bss           0x0000000000049688        0x0 c:/intelfpga_lite/20.1/nios2eds/bin/gnu/h-x86_64-mingw32/bin/../lib/gcc/nios2-elf/9.2.1/../../../../../H-x86_64-mingw32/nios2-elf/lib/mno-hw-mul\libm.a(lib_a-w_sqrt.o)
 .bss           0x0000000000049688        0x0 c:/intelfpga_lite/20.1/nios2eds/bin/gnu/h-x86_64-mingw32/bin/../lib/gcc/nios2-elf/9.2.1/../../../../../H-x86_64-mingw32/nios2-elf/lib/mno-hw-mul\libm.a(lib_a-e_sqrt.o)
 .bss           0x0000000000049688        0x0 c:/intelfpga_lite/20.1/nios2eds/bin/gnu/h-x86_64-mingw32/bin/../lib/gcc/nios2-elf/9.2.1/../../../../../H-x86_64-mingw32/nios2-elf/lib/mno-hw-mul\libm.a(lib_a-s_lib_ver.o)
 .bss           0x0000000000049688        0x0 c:/intelfpga_lite/20.1/nios2eds/bin/gnu/h-x86_64-mingw32/bin/../lib/gcc/nios2-elf/9.2.1/mno-hw-mul\libgcc.a(lib2-divmod.o)
 .bss           0x0000000000049688        0x0 c:/intelfpga_lite/20.1/nios2eds/bin/gnu/h-x86_64-mingw32/bin/../lib/gcc/nios2-elf/9.2.1/mno-hw-mul\libgcc.a(addsf3.o)
 .bss           0x0000000000049688        0x0 c:/intelfpga_lite/20.1/nios2eds/bin/gnu/h-x86_64-mingw32/bin/../lib/gcc/nios2-elf/9.2.1/mno-hw-mul\libgcc.a(divsf3.o)
 .bss           0x0000000000049688        0x0 c:/intelfpga_lite/20.1/nios2eds/bin/gnu/h-x86_64-mingw32/bin/../lib/gcc/nios2-elf/9.2.1/mno-hw-mul\libgcc.a(gesf2.o)
 .bss           0x0000000000049688        0x0 c:/intelfpga_lite/20.1/nios2eds/bin/gnu/h-x86_64-mingw32/bin/../lib/gcc/nios2-elf/9.2.1/mno-hw-mul\libgcc.a(mulsf3.o)
 .bss           0x0000000000049688        0x0 c:/intelfpga_lite/20.1/nios2eds/bin/gnu/h-x86_64-mingw32/bin/../lib/gcc/nios2-elf/9.2.1/mno-hw-mul\libgcc.a(subsf3.o)
 .bss           0x0000000000049688        0x0 c:/intelfpga_lite/20.1/nios2eds/bin/gnu/h-x86_64-mingw32/bin/../lib/gcc/nios2-elf/9.2.1/mno-hw-mul\libgcc.a(fixsfsi.o)
 .bss           0x0000000000049688        0x0 c:/intelfpga_lite/20.1/nios2eds/bin/gnu/h-x86_64-mingw32/bin/../lib/gcc/nios2-elf/9.2.1/mno-hw-mul\libgcc.a(floatsisf.o)
 .bss           0x0000000000049688        0x0 c:/intelfpga_lite/20.1/nios2eds/bin/gnu/h-x86_64-mingw32/bin/../lib/gcc/nios2-elf/9.2.1/mno-hw-mul\libgcc.a(adddf3.o)
 .bss           0x0000000000049688        0x0 c:/intelfpga_lite/20.1/nios2eds/bin/gnu/h-x86_64-mingw32/bin/../lib/gcc/nios2-elf/9.2.1/mno-hw-mul\libgcc.a(divdf3.o)
 .bss           0x0000000000049688        0x0 c:/intelfpga_lite/20.1/nios2eds/bin/gnu/h-x86_64-mingw32/bin/../lib/gcc/nios2-elf/9.2.1/mno-hw-mul\libgcc.a(ledf2.o)
 .bss           0x0000000000049688        0x0 c:/intelfpga_lite/20.1/nios2eds/bin/gnu/h-x86_64-mingw32/bin/../lib/gcc/nios2-elf/9.2.1/mno-hw-mul\libgcc.a(muldf3.o)
 .bss           0x0000000000049688        0x0 c:/intelfpga_lite/20.1/nios2eds/bin/gnu/h-x86_64-mingw32/bin/../lib/gcc/nios2-elf/9.2.1/mno-hw-mul\libgcc.a(subdf3.o)
 .bss           0x0000000000049688        0x0 c:/intelfpga_lite/20.1/nios2eds/bin/gnu/h-x86_64-mingw32/bin/../lib/gcc/nios2-elf/9.2.1/mno-hw-mul\libgcc.a(unorddf2.o)
 .bss           0x0000000000049688        0x0 c:/intelfpga_lite/20.1/nios2eds/bin/gnu/h-x86_64-mingw32/bin/../lib/gcc/nios2-elf/9.2.1/mno-hw-mul\libgcc.a(extendsfdf2.o)
 .bss           0x0000000000049688        0x0 c:/intelfpga_lite/20.1/nios2eds/bin/gnu/h-x86_64-mingw32/bin/../lib/gcc/nios2-elf/9.2.1/mno-hw-mul\libgcc.a(truncdfsf2.o)
 .bss           0x0000000000049688        0x0 c:/intelfpga_lite/20.1/nios2eds/bin/gnu/h-x86_64-mingw32/bin/../lib/gcc/nios2-elf/9.2.1/mno-hw-mul\libgcc.a(_clzsi2.o)
 .bss           0x0000000000049688        0x0 c:/intelfpga_lite/20.1/nios2eds/bin/gnu/h-x86_64-mingw32/bin/../lib/gcc/nios2-elf/9.2.1/mno-hw-mul\libgcc.a(lib2-mul.o)
 .bss           0x0000000000049688        0x0 c:/intelfpga_lite/20.1/nios2eds/bin/gnu/h-x86_64-mingw32/bin/../lib/gcc/nios2-elf/9.2.1/mno-hw-mul\libgcc.a(_clz.o)
 .bss           0x0000000000049688        0x0 c:/intelfpga_lite/20.1/nios2eds/bin/gnu/h-x86_64-mingw32/bin/../lib/gcc/nios2-elf/9.2.1/../../../../../H-x86_64-mingw32/nios2-elf/lib/mno-hw-mul\libc.a(lib_a-errno.o)
 .bss           0x0000000000049688        0x0 c:/intelfpga_lite/20.1/nios2eds/bin/gnu/h-x86_64-mingw32/bin/../lib/gcc/nios2-elf/9.2.1/../../../../../H-x86_64-mingw32/nios2-elf/lib/mno-hw-mul\libc.a(lib_a-impure.o)
 .bss           0x0000000000049688        0x0 C:/Users/joshn/iCloudDrive/Desktop/Uni/MTRX3700/Major-Project/mtrx3700-major-project/VerilogCam_project/software/1234_BSP\libhal_bsp.a(alt_load.o)
 .bss           0x0000000000049688        0x0 C:/Users/joshn/iCloudDrive/Desktop/Uni/MTRX3700/Major-Project/mtrx3700-major-project/VerilogCam_project/software/1234_BSP\libhal_bsp.a(alt_main.o)
 .bss           0x0000000000049688        0x0 C:/Users/joshn/iCloudDrive/Desktop/Uni/MTRX3700/Major-Project/mtrx3700-major-project/VerilogCam_project/software/1234_BSP\libhal_bsp.a(alt_usleep.o)
 .bss           0x0000000000049688        0x0 C:/Users/joshn/iCloudDrive/Desktop/Uni/MTRX3700/Major-Project/mtrx3700-major-project/VerilogCam_project/software/1234_BSP\libhal_bsp.a(alt_sys_init.o)
 .bss           0x0000000000049688        0x0 C:/Users/joshn/iCloudDrive/Desktop/Uni/MTRX3700/Major-Project/mtrx3700-major-project/VerilogCam_project/software/1234_BSP\libhal_bsp.a(altera_avalon_jtag_uart_fd.o)
 .bss           0x0000000000049688        0x0 C:/Users/joshn/iCloudDrive/Desktop/Uni/MTRX3700/Major-Project/mtrx3700-major-project/VerilogCam_project/software/1234_BSP\libhal_bsp.a(altera_avalon_jtag_uart_init.o)
 .bss           0x0000000000049688        0x0 C:/Users/joshn/iCloudDrive/Desktop/Uni/MTRX3700/Major-Project/mtrx3700-major-project/VerilogCam_project/software/1234_BSP\libhal_bsp.a(altera_avalon_jtag_uart_ioctl.o)
 .bss           0x0000000000049688        0x0 C:/Users/joshn/iCloudDrive/Desktop/Uni/MTRX3700/Major-Project/mtrx3700-major-project/VerilogCam_project/software/1234_BSP\libhal_bsp.a(altera_avalon_jtag_uart_read.o)
 .bss           0x0000000000049688        0x0 C:/Users/joshn/iCloudDrive/Desktop/Uni/MTRX3700/Major-Project/mtrx3700-major-project/VerilogCam_project/software/1234_BSP\libhal_bsp.a(altera_avalon_jtag_uart_write.o)
 .bss           0x0000000000049688        0x0 C:/Users/joshn/iCloudDrive/Desktop/Uni/MTRX3700/Major-Project/mtrx3700-major-project/VerilogCam_project/software/1234_BSP\libhal_bsp.a(alt_alarm_start.o)
 .bss           0x0000000000049688        0x0 C:/Users/joshn/iCloudDrive/Desktop/Uni/MTRX3700/Major-Project/mtrx3700-major-project/VerilogCam_project/software/1234_BSP\libhal_bsp.a(alt_busy_sleep.o)
 .bss           0x0000000000049688        0x0 C:/Users/joshn/iCloudDrive/Desktop/Uni/MTRX3700/Major-Project/mtrx3700-major-project/VerilogCam_project/software/1234_BSP\libhal_bsp.a(alt_close.o)
 .bss           0x0000000000049688        0x0 C:/Users/joshn/iCloudDrive/Desktop/Uni/MTRX3700/Major-Project/mtrx3700-major-project/VerilogCam_project/software/1234_BSP\libhal_bsp.a(alt_dcache_flush_all.o)
 .bss           0x0000000000049688        0x0 C:/Users/joshn/iCloudDrive/Desktop/Uni/MTRX3700/Major-Project/mtrx3700-major-project/VerilogCam_project/software/1234_BSP\libhal_bsp.a(alt_dev.o)
 .bss           0x0000000000049688        0x0 C:/Users/joshn/iCloudDrive/Desktop/Uni/MTRX3700/Major-Project/mtrx3700-major-project/VerilogCam_project/software/1234_BSP\libhal_bsp.a(alt_dev_llist_insert.o)
 .bss           0x0000000000049688        0x0 C:/Users/joshn/iCloudDrive/Desktop/Uni/MTRX3700/Major-Project/mtrx3700-major-project/VerilogCam_project/software/1234_BSP\libhal_bsp.a(alt_do_ctors.o)
 .bss           0x0000000000049688        0x0 C:/Users/joshn/iCloudDrive/Desktop/Uni/MTRX3700/Major-Project/mtrx3700-major-project/VerilogCam_project/software/1234_BSP\libhal_bsp.a(alt_do_dtors.o)
 .bss           0x0000000000049688        0x0 C:/Users/joshn/iCloudDrive/Desktop/Uni/MTRX3700/Major-Project/mtrx3700-major-project/VerilogCam_project/software/1234_BSP\libhal_bsp.a(alt_errno.o)
 .bss           0x0000000000049688        0x0 C:/Users/joshn/iCloudDrive/Desktop/Uni/MTRX3700/Major-Project/mtrx3700-major-project/VerilogCam_project/software/1234_BSP\libhal_bsp.a(alt_icache_flush_all.o)
 .bss           0x0000000000049688        0x0 C:/Users/joshn/iCloudDrive/Desktop/Uni/MTRX3700/Major-Project/mtrx3700-major-project/VerilogCam_project/software/1234_BSP\libhal_bsp.a(alt_iic.o)
 .bss           0x0000000000049688        0x0 C:/Users/joshn/iCloudDrive/Desktop/Uni/MTRX3700/Major-Project/mtrx3700-major-project/VerilogCam_project/software/1234_BSP\libhal_bsp.a(alt_iic_isr_register.o)
 .bss           0x0000000000049688        0x0 C:/Users/joshn/iCloudDrive/Desktop/Uni/MTRX3700/Major-Project/mtrx3700-major-project/VerilogCam_project/software/1234_BSP\libhal_bsp.a(alt_io_redirect.o)
 .bss           0x0000000000049688        0x0 C:/Users/joshn/iCloudDrive/Desktop/Uni/MTRX3700/Major-Project/mtrx3700-major-project/VerilogCam_project/software/1234_BSP\libhal_bsp.a(alt_irq_entry.o)
 .bss           0x0000000000049688        0x0 C:/Users/joshn/iCloudDrive/Desktop/Uni/MTRX3700/Major-Project/mtrx3700-major-project/VerilogCam_project/software/1234_BSP\libhal_bsp.a(alt_irq_handler.o)
 .bss           0x0000000000049688        0x0 C:/Users/joshn/iCloudDrive/Desktop/Uni/MTRX3700/Major-Project/mtrx3700-major-project/VerilogCam_project/software/1234_BSP\libhal_bsp.a(alt_irq_vars.o)
 .bss           0x0000000000049688        0x0 C:/Users/joshn/iCloudDrive/Desktop/Uni/MTRX3700/Major-Project/mtrx3700-major-project/VerilogCam_project/software/1234_BSP\libhal_bsp.a(alt_open.o)
 .bss           0x0000000000049688        0x0 C:/Users/joshn/iCloudDrive/Desktop/Uni/MTRX3700/Major-Project/mtrx3700-major-project/VerilogCam_project/software/1234_BSP\libhal_bsp.a(alt_release_fd.o)
 .bss           0x0000000000049688        0x0 C:/Users/joshn/iCloudDrive/Desktop/Uni/MTRX3700/Major-Project/mtrx3700-major-project/VerilogCam_project/software/1234_BSP\libhal_bsp.a(alt_tick.o)
 .bss           0x0000000000049688        0x0 C:/Users/joshn/iCloudDrive/Desktop/Uni/MTRX3700/Major-Project/mtrx3700-major-project/VerilogCam_project/software/1234_BSP\libhal_bsp.a(altera_nios2_gen2_irq.o)
 .bss           0x0000000000049688        0x0 C:/Users/joshn/iCloudDrive/Desktop/Uni/MTRX3700/Major-Project/mtrx3700-major-project/VerilogCam_project/software/1234_BSP\libhal_bsp.a(alt_exception_entry.o)
 .bss           0x0000000000049688        0x0 C:/Users/joshn/iCloudDrive/Desktop/Uni/MTRX3700/Major-Project/mtrx3700-major-project/VerilogCam_project/software/1234_BSP\libhal_bsp.a(alt_find_dev.o)
 .bss           0x0000000000049688        0x0 C:/Users/joshn/iCloudDrive/Desktop/Uni/MTRX3700/Major-Project/mtrx3700-major-project/VerilogCam_project/software/1234_BSP\libhal_bsp.a(alt_find_file.o)
 .bss           0x0000000000049688        0x0 C:/Users/joshn/iCloudDrive/Desktop/Uni/MTRX3700/Major-Project/mtrx3700-major-project/VerilogCam_project/software/1234_BSP\libhal_bsp.a(alt_get_fd.o)
 .bss           0x0000000000049688        0x0 C:/Users/joshn/iCloudDrive/Desktop/Uni/MTRX3700/Major-Project/mtrx3700-major-project/VerilogCam_project/software/1234_BSP\libhal_bsp.a(alt_instruction_exception_entry.o)
 .bss           0x0000000000049688        0x0 c:/intelfpga_lite/20.1/nios2eds/bin/gnu/h-x86_64-mingw32/bin/../lib/gcc/nios2-elf/9.2.1/../../../../../H-x86_64-mingw32/nios2-elf/lib/mno-hw-mul\libc.a(lib_a-atexit.o)
 .bss           0x0000000000049688        0x0 c:/intelfpga_lite/20.1/nios2eds/bin/gnu/h-x86_64-mingw32/bin/../lib/gcc/nios2-elf/9.2.1/../../../../../H-x86_64-mingw32/nios2-elf/lib/mno-hw-mul\libc.a(lib_a-exit.o)
 .bss           0x0000000000049688        0x0 c:/intelfpga_lite/20.1/nios2eds/bin/gnu/h-x86_64-mingw32/bin/../lib/gcc/nios2-elf/9.2.1/../../../../../H-x86_64-mingw32/nios2-elf/lib/mno-hw-mul\libc.a(lib_a-int_errno.o)
 .bss           0x0000000000049688        0x0 c:/intelfpga_lite/20.1/nios2eds/bin/gnu/h-x86_64-mingw32/bin/../lib/gcc/nios2-elf/9.2.1/../../../../../H-x86_64-mingw32/nios2-elf/lib/mno-hw-mul\libc.a(lib_a-memcmp.o)
 .bss           0x0000000000049688        0x0 c:/intelfpga_lite/20.1/nios2eds/bin/gnu/h-x86_64-mingw32/bin/../lib/gcc/nios2-elf/9.2.1/../../../../../H-x86_64-mingw32/nios2-elf/lib/mno-hw-mul\libc.a(lib_a-memcpy.o)
 .bss           0x0000000000049688        0x0 c:/intelfpga_lite/20.1/nios2eds/bin/gnu/h-x86_64-mingw32/bin/../lib/gcc/nios2-elf/9.2.1/../../../../../H-x86_64-mingw32/nios2-elf/lib/mno-hw-mul\libc.a(lib_a-strlen.o)
 .bss           0x0000000000049688        0x0 c:/intelfpga_lite/20.1/nios2eds/bin/gnu/h-x86_64-mingw32/bin/../lib/gcc/nios2-elf/9.2.1/../../../../../H-x86_64-mingw32/nios2-elf/lib/mno-hw-mul\libc.a(lib_a-__atexit.o)
 .bss           0x0000000000049688        0x0 c:/intelfpga_lite/20.1/nios2eds/bin/gnu/h-x86_64-mingw32/bin/../lib/gcc/nios2-elf/9.2.1/../../../../../H-x86_64-mingw32/nios2-elf/lib/mno-hw-mul\libc.a(lib_a-__call_atexit.o)
 .bss           0x0000000000049688        0x0 C:/Users/joshn/iCloudDrive/Desktop/Uni/MTRX3700/Major-Project/mtrx3700-major-project/VerilogCam_project/software/1234_BSP\libhal_bsp.a(alt_exit.o)
 *(COMMON)
 COMMON         0x0000000000049688      0x100 C:/Users/joshn/iCloudDrive/Desktop/Uni/MTRX3700/Major-Project/mtrx3700-major-project/VerilogCam_project/software/1234_BSP\libhal_bsp.a(alt_irq_handler.o)
                0x0000000000049688                alt_irq
                0x0000000000049788                . = ALIGN (0x4)
                0x0000000000049788                __bss_end = ABSOLUTE (.)

.Memory         0x0000000000049788        0x0
                [!provide]                        PROVIDE (_alt_partition_Memory_start = ABSOLUTE (.))
 *(.Memory .Memory. Memory.*)
                0x0000000000049788                . = ALIGN (0x4)
                [!provide]                        PROVIDE (_alt_partition_Memory_end = ABSOLUTE (.))
                0x0000000000049788                _end = ABSOLUTE (.)
                0x0000000000049788                end = ABSOLUTE (.)
                0x0000000000049788                __alt_stack_base = ABSOLUTE (.)
                [!provide]                        PROVIDE (_alt_partition_Memory_load_addr = LOADADDR (.Memory))

.stab
 *(.stab)

.stabstr
 *(.stabstr)

.stab.excl
 *(.stab.excl)

.stab.exclstr
 *(.stab.exclstr)

.stab.index
 *(.stab.index)

.stab.indexstr
 *(.stab.indexstr)

.comment        0x0000000000000000       0x2c
 *(.comment)
 .comment       0x0000000000000000       0x2c obj/default/main.o
                                         0x2d (size before relaxing)
 .comment       0x000000000000002c       0x2d c:/intelfpga_lite/20.1/nios2eds/bin/gnu/h-x86_64-mingw32/bin/../lib/gcc/nios2-elf/9.2.1/../../../../../H-x86_64-mingw32/nios2-elf/lib/mno-hw-mul\libm.a(lib_a-w_sqrt.o)
 .comment       0x000000000000002c       0x2d c:/intelfpga_lite/20.1/nios2eds/bin/gnu/h-x86_64-mingw32/bin/../lib/gcc/nios2-elf/9.2.1/../../../../../H-x86_64-mingw32/nios2-elf/lib/mno-hw-mul\libm.a(lib_a-e_sqrt.o)
 .comment       0x000000000000002c       0x2d c:/intelfpga_lite/20.1/nios2eds/bin/gnu/h-x86_64-mingw32/bin/../lib/gcc/nios2-elf/9.2.1/../../../../../H-x86_64-mingw32/nios2-elf/lib/mno-hw-mul\libm.a(lib_a-s_lib_ver.o)
 .comment       0x000000000000002c       0x2d c:/intelfpga_lite/20.1/nios2eds/bin/gnu/h-x86_64-mingw32/bin/../lib/gcc/nios2-elf/9.2.1/mno-hw-mul\libgcc.a(lib2-divmod.o)
 .comment       0x000000000000002c       0x2d c:/intelfpga_lite/20.1/nios2eds/bin/gnu/h-x86_64-mingw32/bin/../lib/gcc/nios2-elf/9.2.1/mno-hw-mul\libgcc.a(addsf3.o)
 .comment       0x000000000000002c       0x2d c:/intelfpga_lite/20.1/nios2eds/bin/gnu/h-x86_64-mingw32/bin/../lib/gcc/nios2-elf/9.2.1/mno-hw-mul\libgcc.a(divsf3.o)
 .comment       0x000000000000002c       0x2d c:/intelfpga_lite/20.1/nios2eds/bin/gnu/h-x86_64-mingw32/bin/../lib/gcc/nios2-elf/9.2.1/mno-hw-mul\libgcc.a(gesf2.o)
 .comment       0x000000000000002c       0x2d c:/intelfpga_lite/20.1/nios2eds/bin/gnu/h-x86_64-mingw32/bin/../lib/gcc/nios2-elf/9.2.1/mno-hw-mul\libgcc.a(mulsf3.o)
 .comment       0x000000000000002c       0x2d c:/intelfpga_lite/20.1/nios2eds/bin/gnu/h-x86_64-mingw32/bin/../lib/gcc/nios2-elf/9.2.1/mno-hw-mul\libgcc.a(subsf3.o)
 .comment       0x000000000000002c       0x2d c:/intelfpga_lite/20.1/nios2eds/bin/gnu/h-x86_64-mingw32/bin/../lib/gcc/nios2-elf/9.2.1/mno-hw-mul\libgcc.a(fixsfsi.o)
 .comment       0x000000000000002c       0x2d c:/intelfpga_lite/20.1/nios2eds/bin/gnu/h-x86_64-mingw32/bin/../lib/gcc/nios2-elf/9.2.1/mno-hw-mul\libgcc.a(floatsisf.o)
 .comment       0x000000000000002c       0x2d c:/intelfpga_lite/20.1/nios2eds/bin/gnu/h-x86_64-mingw32/bin/../lib/gcc/nios2-elf/9.2.1/mno-hw-mul\libgcc.a(adddf3.o)
 .comment       0x000000000000002c       0x2d c:/intelfpga_lite/20.1/nios2eds/bin/gnu/h-x86_64-mingw32/bin/../lib/gcc/nios2-elf/9.2.1/mno-hw-mul\libgcc.a(divdf3.o)
 .comment       0x000000000000002c       0x2d c:/intelfpga_lite/20.1/nios2eds/bin/gnu/h-x86_64-mingw32/bin/../lib/gcc/nios2-elf/9.2.1/mno-hw-mul\libgcc.a(ledf2.o)
 .comment       0x000000000000002c       0x2d c:/intelfpga_lite/20.1/nios2eds/bin/gnu/h-x86_64-mingw32/bin/../lib/gcc/nios2-elf/9.2.1/mno-hw-mul\libgcc.a(muldf3.o)
 .comment       0x000000000000002c       0x2d c:/intelfpga_lite/20.1/nios2eds/bin/gnu/h-x86_64-mingw32/bin/../lib/gcc/nios2-elf/9.2.1/mno-hw-mul\libgcc.a(subdf3.o)
 .comment       0x000000000000002c       0x2d c:/intelfpga_lite/20.1/nios2eds/bin/gnu/h-x86_64-mingw32/bin/../lib/gcc/nios2-elf/9.2.1/mno-hw-mul\libgcc.a(unorddf2.o)
 .comment       0x000000000000002c       0x2d c:/intelfpga_lite/20.1/nios2eds/bin/gnu/h-x86_64-mingw32/bin/../lib/gcc/nios2-elf/9.2.1/mno-hw-mul\libgcc.a(extendsfdf2.o)
 .comment       0x000000000000002c       0x2d c:/intelfpga_lite/20.1/nios2eds/bin/gnu/h-x86_64-mingw32/bin/../lib/gcc/nios2-elf/9.2.1/mno-hw-mul\libgcc.a(truncdfsf2.o)
 .comment       0x000000000000002c       0x2d c:/intelfpga_lite/20.1/nios2eds/bin/gnu/h-x86_64-mingw32/bin/../lib/gcc/nios2-elf/9.2.1/mno-hw-mul\libgcc.a(_clzsi2.o)
 .comment       0x000000000000002c       0x2d c:/intelfpga_lite/20.1/nios2eds/bin/gnu/h-x86_64-mingw32/bin/../lib/gcc/nios2-elf/9.2.1/mno-hw-mul\libgcc.a(lib2-mul.o)
 .comment       0x000000000000002c       0x2d c:/intelfpga_lite/20.1/nios2eds/bin/gnu/h-x86_64-mingw32/bin/../lib/gcc/nios2-elf/9.2.1/mno-hw-mul\libgcc.a(_clz.o)
 .comment       0x000000000000002c       0x2d c:/intelfpga_lite/20.1/nios2eds/bin/gnu/h-x86_64-mingw32/bin/../lib/gcc/nios2-elf/9.2.1/../../../../../H-x86_64-mingw32/nios2-elf/lib/mno-hw-mul\libc.a(lib_a-errno.o)
 .comment       0x000000000000002c       0x2d c:/intelfpga_lite/20.1/nios2eds/bin/gnu/h-x86_64-mingw32/bin/../lib/gcc/nios2-elf/9.2.1/../../../../../H-x86_64-mingw32/nios2-elf/lib/mno-hw-mul\libc.a(lib_a-impure.o)
 .comment       0x000000000000002c       0x2d C:/Users/joshn/iCloudDrive/Desktop/Uni/MTRX3700/Major-Project/mtrx3700-major-project/VerilogCam_project/software/1234_BSP\libhal_bsp.a(alt_load.o)
 .comment       0x000000000000002c       0x2d C:/Users/joshn/iCloudDrive/Desktop/Uni/MTRX3700/Major-Project/mtrx3700-major-project/VerilogCam_project/software/1234_BSP\libhal_bsp.a(alt_main.o)
 .comment       0x000000000000002c       0x2d C:/Users/joshn/iCloudDrive/Desktop/Uni/MTRX3700/Major-Project/mtrx3700-major-project/VerilogCam_project/software/1234_BSP\libhal_bsp.a(alt_usleep.o)
 .comment       0x000000000000002c       0x2d C:/Users/joshn/iCloudDrive/Desktop/Uni/MTRX3700/Major-Project/mtrx3700-major-project/VerilogCam_project/software/1234_BSP\libhal_bsp.a(alt_sys_init.o)
 .comment       0x000000000000002c       0x2d C:/Users/joshn/iCloudDrive/Desktop/Uni/MTRX3700/Major-Project/mtrx3700-major-project/VerilogCam_project/software/1234_BSP\libhal_bsp.a(altera_avalon_jtag_uart_fd.o)
 .comment       0x000000000000002c       0x2d C:/Users/joshn/iCloudDrive/Desktop/Uni/MTRX3700/Major-Project/mtrx3700-major-project/VerilogCam_project/software/1234_BSP\libhal_bsp.a(altera_avalon_jtag_uart_init.o)
 .comment       0x000000000000002c       0x2d C:/Users/joshn/iCloudDrive/Desktop/Uni/MTRX3700/Major-Project/mtrx3700-major-project/VerilogCam_project/software/1234_BSP\libhal_bsp.a(altera_avalon_jtag_uart_ioctl.o)
 .comment       0x000000000000002c       0x2d C:/Users/joshn/iCloudDrive/Desktop/Uni/MTRX3700/Major-Project/mtrx3700-major-project/VerilogCam_project/software/1234_BSP\libhal_bsp.a(altera_avalon_jtag_uart_read.o)
 .comment       0x000000000000002c       0x2d C:/Users/joshn/iCloudDrive/Desktop/Uni/MTRX3700/Major-Project/mtrx3700-major-project/VerilogCam_project/software/1234_BSP\libhal_bsp.a(altera_avalon_jtag_uart_write.o)
 .comment       0x000000000000002c       0x2d C:/Users/joshn/iCloudDrive/Desktop/Uni/MTRX3700/Major-Project/mtrx3700-major-project/VerilogCam_project/software/1234_BSP\libhal_bsp.a(alt_alarm_start.o)
 .comment       0x000000000000002c       0x2d C:/Users/joshn/iCloudDrive/Desktop/Uni/MTRX3700/Major-Project/mtrx3700-major-project/VerilogCam_project/software/1234_BSP\libhal_bsp.a(alt_busy_sleep.o)
 .comment       0x000000000000002c       0x2d C:/Users/joshn/iCloudDrive/Desktop/Uni/MTRX3700/Major-Project/mtrx3700-major-project/VerilogCam_project/software/1234_BSP\libhal_bsp.a(alt_close.o)
 .comment       0x000000000000002c       0x2d C:/Users/joshn/iCloudDrive/Desktop/Uni/MTRX3700/Major-Project/mtrx3700-major-project/VerilogCam_project/software/1234_BSP\libhal_bsp.a(alt_dcache_flush_all.o)
 .comment       0x000000000000002c       0x2d C:/Users/joshn/iCloudDrive/Desktop/Uni/MTRX3700/Major-Project/mtrx3700-major-project/VerilogCam_project/software/1234_BSP\libhal_bsp.a(alt_dev.o)
 .comment       0x000000000000002c       0x2d C:/Users/joshn/iCloudDrive/Desktop/Uni/MTRX3700/Major-Project/mtrx3700-major-project/VerilogCam_project/software/1234_BSP\libhal_bsp.a(alt_dev_llist_insert.o)
 .comment       0x000000000000002c       0x2d C:/Users/joshn/iCloudDrive/Desktop/Uni/MTRX3700/Major-Project/mtrx3700-major-project/VerilogCam_project/software/1234_BSP\libhal_bsp.a(alt_do_ctors.o)
 .comment       0x000000000000002c       0x2d C:/Users/joshn/iCloudDrive/Desktop/Uni/MTRX3700/Major-Project/mtrx3700-major-project/VerilogCam_project/software/1234_BSP\libhal_bsp.a(alt_do_dtors.o)
 .comment       0x000000000000002c       0x2d C:/Users/joshn/iCloudDrive/Desktop/Uni/MTRX3700/Major-Project/mtrx3700-major-project/VerilogCam_project/software/1234_BSP\libhal_bsp.a(alt_errno.o)
 .comment       0x000000000000002c       0x2d C:/Users/joshn/iCloudDrive/Desktop/Uni/MTRX3700/Major-Project/mtrx3700-major-project/VerilogCam_project/software/1234_BSP\libhal_bsp.a(alt_icache_flush_all.o)
 .comment       0x000000000000002c       0x2d C:/Users/joshn/iCloudDrive/Desktop/Uni/MTRX3700/Major-Project/mtrx3700-major-project/VerilogCam_project/software/1234_BSP\libhal_bsp.a(alt_iic.o)
 .comment       0x000000000000002c       0x2d C:/Users/joshn/iCloudDrive/Desktop/Uni/MTRX3700/Major-Project/mtrx3700-major-project/VerilogCam_project/software/1234_BSP\libhal_bsp.a(alt_iic_isr_register.o)
 .comment       0x000000000000002c       0x2d C:/Users/joshn/iCloudDrive/Desktop/Uni/MTRX3700/Major-Project/mtrx3700-major-project/VerilogCam_project/software/1234_BSP\libhal_bsp.a(alt_io_redirect.o)
 .comment       0x000000000000002c       0x2d C:/Users/joshn/iCloudDrive/Desktop/Uni/MTRX3700/Major-Project/mtrx3700-major-project/VerilogCam_project/software/1234_BSP\libhal_bsp.a(alt_irq_handler.o)
 .comment       0x000000000000002c       0x2d C:/Users/joshn/iCloudDrive/Desktop/Uni/MTRX3700/Major-Project/mtrx3700-major-project/VerilogCam_project/software/1234_BSP\libhal_bsp.a(alt_irq_vars.o)
 .comment       0x000000000000002c       0x2d C:/Users/joshn/iCloudDrive/Desktop/Uni/MTRX3700/Major-Project/mtrx3700-major-project/VerilogCam_project/software/1234_BSP\libhal_bsp.a(alt_open.o)
 .comment       0x000000000000002c       0x2d C:/Users/joshn/iCloudDrive/Desktop/Uni/MTRX3700/Major-Project/mtrx3700-major-project/VerilogCam_project/software/1234_BSP\libhal_bsp.a(alt_release_fd.o)
 .comment       0x000000000000002c       0x2d C:/Users/joshn/iCloudDrive/Desktop/Uni/MTRX3700/Major-Project/mtrx3700-major-project/VerilogCam_project/software/1234_BSP\libhal_bsp.a(alt_tick.o)
 .comment       0x000000000000002c       0x2d C:/Users/joshn/iCloudDrive/Desktop/Uni/MTRX3700/Major-Project/mtrx3700-major-project/VerilogCam_project/software/1234_BSP\libhal_bsp.a(altera_nios2_gen2_irq.o)
 .comment       0x000000000000002c       0x2d C:/Users/joshn/iCloudDrive/Desktop/Uni/MTRX3700/Major-Project/mtrx3700-major-project/VerilogCam_project/software/1234_BSP\libhal_bsp.a(alt_find_dev.o)
 .comment       0x000000000000002c       0x2d C:/Users/joshn/iCloudDrive/Desktop/Uni/MTRX3700/Major-Project/mtrx3700-major-project/VerilogCam_project/software/1234_BSP\libhal_bsp.a(alt_find_file.o)
 .comment       0x000000000000002c       0x2d C:/Users/joshn/iCloudDrive/Desktop/Uni/MTRX3700/Major-Project/mtrx3700-major-project/VerilogCam_project/software/1234_BSP\libhal_bsp.a(alt_get_fd.o)
 .comment       0x000000000000002c       0x2d C:/Users/joshn/iCloudDrive/Desktop/Uni/MTRX3700/Major-Project/mtrx3700-major-project/VerilogCam_project/software/1234_BSP\libhal_bsp.a(alt_instruction_exception_entry.o)
 .comment       0x000000000000002c       0x2d c:/intelfpga_lite/20.1/nios2eds/bin/gnu/h-x86_64-mingw32/bin/../lib/gcc/nios2-elf/9.2.1/../../../../../H-x86_64-mingw32/nios2-elf/lib/mno-hw-mul\libc.a(lib_a-atexit.o)
 .comment       0x000000000000002c       0x2d c:/intelfpga_lite/20.1/nios2eds/bin/gnu/h-x86_64-mingw32/bin/../lib/gcc/nios2-elf/9.2.1/../../../../../H-x86_64-mingw32/nios2-elf/lib/mno-hw-mul\libc.a(lib_a-exit.o)
 .comment       0x000000000000002c       0x2d c:/intelfpga_lite/20.1/nios2eds/bin/gnu/h-x86_64-mingw32/bin/../lib/gcc/nios2-elf/9.2.1/../../../../../H-x86_64-mingw32/nios2-elf/lib/mno-hw-mul\libc.a(lib_a-int_errno.o)
 .comment       0x000000000000002c       0x2d c:/intelfpga_lite/20.1/nios2eds/bin/gnu/h-x86_64-mingw32/bin/../lib/gcc/nios2-elf/9.2.1/../../../../../H-x86_64-mingw32/nios2-elf/lib/mno-hw-mul\libc.a(lib_a-memcmp.o)
 .comment       0x000000000000002c       0x2d c:/intelfpga_lite/20.1/nios2eds/bin/gnu/h-x86_64-mingw32/bin/../lib/gcc/nios2-elf/9.2.1/../../../../../H-x86_64-mingw32/nios2-elf/lib/mno-hw-mul\libc.a(lib_a-memcpy.o)
 .comment       0x000000000000002c       0x2d c:/intelfpga_lite/20.1/nios2eds/bin/gnu/h-x86_64-mingw32/bin/../lib/gcc/nios2-elf/9.2.1/../../../../../H-x86_64-mingw32/nios2-elf/lib/mno-hw-mul\libc.a(lib_a-strlen.o)
 .comment       0x000000000000002c       0x2d c:/intelfpga_lite/20.1/nios2eds/bin/gnu/h-x86_64-mingw32/bin/../lib/gcc/nios2-elf/9.2.1/../../../../../H-x86_64-mingw32/nios2-elf/lib/mno-hw-mul\libc.a(lib_a-__atexit.o)
 .comment       0x000000000000002c       0x2d c:/intelfpga_lite/20.1/nios2eds/bin/gnu/h-x86_64-mingw32/bin/../lib/gcc/nios2-elf/9.2.1/../../../../../H-x86_64-mingw32/nios2-elf/lib/mno-hw-mul\libc.a(lib_a-__call_atexit.o)
 .comment       0x000000000000002c       0x2d C:/Users/joshn/iCloudDrive/Desktop/Uni/MTRX3700/Major-Project/mtrx3700-major-project/VerilogCam_project/software/1234_BSP\libhal_bsp.a(alt_exit.o)

.debug
 *(.debug)

.line
 *(.line)

.debug_srcinfo
 *(.debug_srcinfo)

.debug_sfnames
 *(.debug_sfnames)

.debug_aranges  0x0000000000000000      0x8a8
 *(.debug_aranges)
 .debug_aranges
                0x0000000000000000       0x28 C:/Users/joshn/iCloudDrive/Desktop/Uni/MTRX3700/Major-Project/mtrx3700-major-project/VerilogCam_project/software/1234_BSP/obj/HAL/src/crt0.o
 .debug_aranges
                0x0000000000000028       0x20 obj/default/main.o
 .debug_aranges
                0x0000000000000048       0x20 c:/intelfpga_lite/20.1/nios2eds/bin/gnu/h-x86_64-mingw32/bin/../lib/gcc/nios2-elf/9.2.1/../../../../../H-x86_64-mingw32/nios2-elf/lib/mno-hw-mul\libm.a(lib_a-w_sqrt.o)
 .debug_aranges
                0x0000000000000068       0x20 c:/intelfpga_lite/20.1/nios2eds/bin/gnu/h-x86_64-mingw32/bin/../lib/gcc/nios2-elf/9.2.1/../../../../../H-x86_64-mingw32/nios2-elf/lib/mno-hw-mul\libm.a(lib_a-e_sqrt.o)
 .debug_aranges
                0x0000000000000088       0x18 c:/intelfpga_lite/20.1/nios2eds/bin/gnu/h-x86_64-mingw32/bin/../lib/gcc/nios2-elf/9.2.1/../../../../../H-x86_64-mingw32/nios2-elf/lib/mno-hw-mul\libm.a(lib_a-s_lib_ver.o)
 .debug_aranges
                0x00000000000000a0       0x20 c:/intelfpga_lite/20.1/nios2eds/bin/gnu/h-x86_64-mingw32/bin/../lib/gcc/nios2-elf/9.2.1/mno-hw-mul\libgcc.a(lib2-divmod.o)
 .debug_aranges
                0x00000000000000c0       0x20 c:/intelfpga_lite/20.1/nios2eds/bin/gnu/h-x86_64-mingw32/bin/../lib/gcc/nios2-elf/9.2.1/mno-hw-mul\libgcc.a(addsf3.o)
 .debug_aranges
                0x00000000000000e0       0x20 c:/intelfpga_lite/20.1/nios2eds/bin/gnu/h-x86_64-mingw32/bin/../lib/gcc/nios2-elf/9.2.1/mno-hw-mul\libgcc.a(divsf3.o)
 .debug_aranges
                0x0000000000000100       0x20 c:/intelfpga_lite/20.1/nios2eds/bin/gnu/h-x86_64-mingw32/bin/../lib/gcc/nios2-elf/9.2.1/mno-hw-mul\libgcc.a(gesf2.o)
 .debug_aranges
                0x0000000000000120       0x20 c:/intelfpga_lite/20.1/nios2eds/bin/gnu/h-x86_64-mingw32/bin/../lib/gcc/nios2-elf/9.2.1/mno-hw-mul\libgcc.a(mulsf3.o)
 .debug_aranges
                0x0000000000000140       0x20 c:/intelfpga_lite/20.1/nios2eds/bin/gnu/h-x86_64-mingw32/bin/../lib/gcc/nios2-elf/9.2.1/mno-hw-mul\libgcc.a(subsf3.o)
 .debug_aranges
                0x0000000000000160       0x20 c:/intelfpga_lite/20.1/nios2eds/bin/gnu/h-x86_64-mingw32/bin/../lib/gcc/nios2-elf/9.2.1/mno-hw-mul\libgcc.a(fixsfsi.o)
 .debug_aranges
                0x0000000000000180       0x20 c:/intelfpga_lite/20.1/nios2eds/bin/gnu/h-x86_64-mingw32/bin/../lib/gcc/nios2-elf/9.2.1/mno-hw-mul\libgcc.a(floatsisf.o)
 .debug_aranges
                0x00000000000001a0       0x20 c:/intelfpga_lite/20.1/nios2eds/bin/gnu/h-x86_64-mingw32/bin/../lib/gcc/nios2-elf/9.2.1/mno-hw-mul\libgcc.a(adddf3.o)
 .debug_aranges
                0x00000000000001c0       0x20 c:/intelfpga_lite/20.1/nios2eds/bin/gnu/h-x86_64-mingw32/bin/../lib/gcc/nios2-elf/9.2.1/mno-hw-mul\libgcc.a(divdf3.o)
 .debug_aranges
                0x00000000000001e0       0x20 c:/intelfpga_lite/20.1/nios2eds/bin/gnu/h-x86_64-mingw32/bin/../lib/gcc/nios2-elf/9.2.1/mno-hw-mul\libgcc.a(ledf2.o)
 .debug_aranges
                0x0000000000000200       0x20 c:/intelfpga_lite/20.1/nios2eds/bin/gnu/h-x86_64-mingw32/bin/../lib/gcc/nios2-elf/9.2.1/mno-hw-mul\libgcc.a(muldf3.o)
 .debug_aranges
                0x0000000000000220       0x20 c:/intelfpga_lite/20.1/nios2eds/bin/gnu/h-x86_64-mingw32/bin/../lib/gcc/nios2-elf/9.2.1/mno-hw-mul\libgcc.a(subdf3.o)
 .debug_aranges
                0x0000000000000240       0x20 c:/intelfpga_lite/20.1/nios2eds/bin/gnu/h-x86_64-mingw32/bin/../lib/gcc/nios2-elf/9.2.1/mno-hw-mul\libgcc.a(unorddf2.o)
 .debug_aranges
                0x0000000000000260       0x20 c:/intelfpga_lite/20.1/nios2eds/bin/gnu/h-x86_64-mingw32/bin/../lib/gcc/nios2-elf/9.2.1/mno-hw-mul\libgcc.a(extendsfdf2.o)
 .debug_aranges
                0x0000000000000280       0x20 c:/intelfpga_lite/20.1/nios2eds/bin/gnu/h-x86_64-mingw32/bin/../lib/gcc/nios2-elf/9.2.1/mno-hw-mul\libgcc.a(truncdfsf2.o)
 .debug_aranges
                0x00000000000002a0       0x20 c:/intelfpga_lite/20.1/nios2eds/bin/gnu/h-x86_64-mingw32/bin/../lib/gcc/nios2-elf/9.2.1/mno-hw-mul\libgcc.a(_clzsi2.o)
 .debug_aranges
                0x00000000000002c0       0x20 c:/intelfpga_lite/20.1/nios2eds/bin/gnu/h-x86_64-mingw32/bin/../lib/gcc/nios2-elf/9.2.1/mno-hw-mul\libgcc.a(lib2-mul.o)
 .debug_aranges
                0x00000000000002e0       0x18 c:/intelfpga_lite/20.1/nios2eds/bin/gnu/h-x86_64-mingw32/bin/../lib/gcc/nios2-elf/9.2.1/mno-hw-mul\libgcc.a(_clz.o)
 .debug_aranges
                0x00000000000002f8       0x20 c:/intelfpga_lite/20.1/nios2eds/bin/gnu/h-x86_64-mingw32/bin/../lib/gcc/nios2-elf/9.2.1/../../../../../H-x86_64-mingw32/nios2-elf/lib/mno-hw-mul\libc.a(lib_a-errno.o)
 .debug_aranges
                0x0000000000000318       0x18 c:/intelfpga_lite/20.1/nios2eds/bin/gnu/h-x86_64-mingw32/bin/../lib/gcc/nios2-elf/9.2.1/../../../../../H-x86_64-mingw32/nios2-elf/lib/mno-hw-mul\libc.a(lib_a-impure.o)
 .debug_aranges
                0x0000000000000330       0x20 C:/Users/joshn/iCloudDrive/Desktop/Uni/MTRX3700/Major-Project/mtrx3700-major-project/VerilogCam_project/software/1234_BSP\libhal_bsp.a(alt_load.o)
 .debug_aranges
                0x0000000000000350       0x20 C:/Users/joshn/iCloudDrive/Desktop/Uni/MTRX3700/Major-Project/mtrx3700-major-project/VerilogCam_project/software/1234_BSP\libhal_bsp.a(alt_main.o)
 .debug_aranges
                0x0000000000000370       0x20 C:/Users/joshn/iCloudDrive/Desktop/Uni/MTRX3700/Major-Project/mtrx3700-major-project/VerilogCam_project/software/1234_BSP\libhal_bsp.a(alt_usleep.o)
 .debug_aranges
                0x0000000000000390       0x20 C:/Users/joshn/iCloudDrive/Desktop/Uni/MTRX3700/Major-Project/mtrx3700-major-project/VerilogCam_project/software/1234_BSP\libhal_bsp.a(alt_sys_init.o)
 .debug_aranges
                0x00000000000003b0       0x20 C:/Users/joshn/iCloudDrive/Desktop/Uni/MTRX3700/Major-Project/mtrx3700-major-project/VerilogCam_project/software/1234_BSP\libhal_bsp.a(altera_avalon_jtag_uart_fd.o)
 .debug_aranges
                0x00000000000003d0       0x20 C:/Users/joshn/iCloudDrive/Desktop/Uni/MTRX3700/Major-Project/mtrx3700-major-project/VerilogCam_project/software/1234_BSP\libhal_bsp.a(altera_avalon_jtag_uart_init.o)
 .debug_aranges
                0x00000000000003f0       0x20 C:/Users/joshn/iCloudDrive/Desktop/Uni/MTRX3700/Major-Project/mtrx3700-major-project/VerilogCam_project/software/1234_BSP\libhal_bsp.a(altera_avalon_jtag_uart_ioctl.o)
 .debug_aranges
                0x0000000000000410       0x20 C:/Users/joshn/iCloudDrive/Desktop/Uni/MTRX3700/Major-Project/mtrx3700-major-project/VerilogCam_project/software/1234_BSP\libhal_bsp.a(altera_avalon_jtag_uart_read.o)
 .debug_aranges
                0x0000000000000430       0x20 C:/Users/joshn/iCloudDrive/Desktop/Uni/MTRX3700/Major-Project/mtrx3700-major-project/VerilogCam_project/software/1234_BSP\libhal_bsp.a(altera_avalon_jtag_uart_write.o)
 .debug_aranges
                0x0000000000000450       0x20 C:/Users/joshn/iCloudDrive/Desktop/Uni/MTRX3700/Major-Project/mtrx3700-major-project/VerilogCam_project/software/1234_BSP\libhal_bsp.a(alt_alarm_start.o)
 .debug_aranges
                0x0000000000000470       0x20 C:/Users/joshn/iCloudDrive/Desktop/Uni/MTRX3700/Major-Project/mtrx3700-major-project/VerilogCam_project/software/1234_BSP\libhal_bsp.a(alt_busy_sleep.o)
 .debug_aranges
                0x0000000000000490       0x20 C:/Users/joshn/iCloudDrive/Desktop/Uni/MTRX3700/Major-Project/mtrx3700-major-project/VerilogCam_project/software/1234_BSP\libhal_bsp.a(alt_close.o)
 .debug_aranges
                0x00000000000004b0       0x20 C:/Users/joshn/iCloudDrive/Desktop/Uni/MTRX3700/Major-Project/mtrx3700-major-project/VerilogCam_project/software/1234_BSP\libhal_bsp.a(alt_dcache_flush_all.o)
 .debug_aranges
                0x00000000000004d0       0x20 C:/Users/joshn/iCloudDrive/Desktop/Uni/MTRX3700/Major-Project/mtrx3700-major-project/VerilogCam_project/software/1234_BSP\libhal_bsp.a(alt_dev.o)
 .debug_aranges
                0x00000000000004f0       0x20 C:/Users/joshn/iCloudDrive/Desktop/Uni/MTRX3700/Major-Project/mtrx3700-major-project/VerilogCam_project/software/1234_BSP\libhal_bsp.a(alt_dev_llist_insert.o)
 .debug_aranges
                0x0000000000000510       0x20 C:/Users/joshn/iCloudDrive/Desktop/Uni/MTRX3700/Major-Project/mtrx3700-major-project/VerilogCam_project/software/1234_BSP\libhal_bsp.a(alt_do_ctors.o)
 .debug_aranges
                0x0000000000000530       0x20 C:/Users/joshn/iCloudDrive/Desktop/Uni/MTRX3700/Major-Project/mtrx3700-major-project/VerilogCam_project/software/1234_BSP\libhal_bsp.a(alt_do_dtors.o)
 .debug_aranges
                0x0000000000000550       0x18 C:/Users/joshn/iCloudDrive/Desktop/Uni/MTRX3700/Major-Project/mtrx3700-major-project/VerilogCam_project/software/1234_BSP\libhal_bsp.a(alt_errno.o)
 .debug_aranges
                0x0000000000000568       0x20 C:/Users/joshn/iCloudDrive/Desktop/Uni/MTRX3700/Major-Project/mtrx3700-major-project/VerilogCam_project/software/1234_BSP\libhal_bsp.a(alt_icache_flush_all.o)
 .debug_aranges
                0x0000000000000588       0x20 C:/Users/joshn/iCloudDrive/Desktop/Uni/MTRX3700/Major-Project/mtrx3700-major-project/VerilogCam_project/software/1234_BSP\libhal_bsp.a(alt_iic.o)
 .debug_aranges
                0x00000000000005a8       0x20 C:/Users/joshn/iCloudDrive/Desktop/Uni/MTRX3700/Major-Project/mtrx3700-major-project/VerilogCam_project/software/1234_BSP\libhal_bsp.a(alt_iic_isr_register.o)
 .debug_aranges
                0x00000000000005c8       0x20 C:/Users/joshn/iCloudDrive/Desktop/Uni/MTRX3700/Major-Project/mtrx3700-major-project/VerilogCam_project/software/1234_BSP\libhal_bsp.a(alt_io_redirect.o)
 .debug_aranges
                0x00000000000005e8       0x30 C:/Users/joshn/iCloudDrive/Desktop/Uni/MTRX3700/Major-Project/mtrx3700-major-project/VerilogCam_project/software/1234_BSP\libhal_bsp.a(alt_irq_entry.o)
 .debug_aranges
                0x0000000000000618       0x20 C:/Users/joshn/iCloudDrive/Desktop/Uni/MTRX3700/Major-Project/mtrx3700-major-project/VerilogCam_project/software/1234_BSP\libhal_bsp.a(alt_irq_handler.o)
 .debug_aranges
                0x0000000000000638       0x18 C:/Users/joshn/iCloudDrive/Desktop/Uni/MTRX3700/Major-Project/mtrx3700-major-project/VerilogCam_project/software/1234_BSP\libhal_bsp.a(alt_irq_vars.o)
 .debug_aranges
                0x0000000000000650       0x20 C:/Users/joshn/iCloudDrive/Desktop/Uni/MTRX3700/Major-Project/mtrx3700-major-project/VerilogCam_project/software/1234_BSP\libhal_bsp.a(alt_open.o)
 .debug_aranges
                0x0000000000000670       0x20 C:/Users/joshn/iCloudDrive/Desktop/Uni/MTRX3700/Major-Project/mtrx3700-major-project/VerilogCam_project/software/1234_BSP\libhal_bsp.a(alt_release_fd.o)
 .debug_aranges
                0x0000000000000690       0x20 C:/Users/joshn/iCloudDrive/Desktop/Uni/MTRX3700/Major-Project/mtrx3700-major-project/VerilogCam_project/software/1234_BSP\libhal_bsp.a(alt_tick.o)
 .debug_aranges
                0x00000000000006b0       0x20 C:/Users/joshn/iCloudDrive/Desktop/Uni/MTRX3700/Major-Project/mtrx3700-major-project/VerilogCam_project/software/1234_BSP\libhal_bsp.a(altera_nios2_gen2_irq.o)
 .debug_aranges
                0x00000000000006d0       0x38 C:/Users/joshn/iCloudDrive/Desktop/Uni/MTRX3700/Major-Project/mtrx3700-major-project/VerilogCam_project/software/1234_BSP\libhal_bsp.a(alt_exception_entry.o)
 .debug_aranges
                0x0000000000000708       0x20 C:/Users/joshn/iCloudDrive/Desktop/Uni/MTRX3700/Major-Project/mtrx3700-major-project/VerilogCam_project/software/1234_BSP\libhal_bsp.a(alt_find_dev.o)
 .debug_aranges
                0x0000000000000728       0x20 C:/Users/joshn/iCloudDrive/Desktop/Uni/MTRX3700/Major-Project/mtrx3700-major-project/VerilogCam_project/software/1234_BSP\libhal_bsp.a(alt_find_file.o)
 .debug_aranges
                0x0000000000000748       0x20 C:/Users/joshn/iCloudDrive/Desktop/Uni/MTRX3700/Major-Project/mtrx3700-major-project/VerilogCam_project/software/1234_BSP\libhal_bsp.a(alt_get_fd.o)
 .debug_aranges
                0x0000000000000768       0x28 C:/Users/joshn/iCloudDrive/Desktop/Uni/MTRX3700/Major-Project/mtrx3700-major-project/VerilogCam_project/software/1234_BSP\libhal_bsp.a(alt_instruction_exception_entry.o)
 .debug_aranges
                0x0000000000000790       0x20 c:/intelfpga_lite/20.1/nios2eds/bin/gnu/h-x86_64-mingw32/bin/../lib/gcc/nios2-elf/9.2.1/../../../../../H-x86_64-mingw32/nios2-elf/lib/mno-hw-mul\libc.a(lib_a-atexit.o)
 .debug_aranges
                0x00000000000007b0       0x20 c:/intelfpga_lite/20.1/nios2eds/bin/gnu/h-x86_64-mingw32/bin/../lib/gcc/nios2-elf/9.2.1/../../../../../H-x86_64-mingw32/nios2-elf/lib/mno-hw-mul\libc.a(lib_a-exit.o)
 .debug_aranges
                0x00000000000007d0       0x18 c:/intelfpga_lite/20.1/nios2eds/bin/gnu/h-x86_64-mingw32/bin/../lib/gcc/nios2-elf/9.2.1/../../../../../H-x86_64-mingw32/nios2-elf/lib/mno-hw-mul\libc.a(lib_a-int_errno.o)
 .debug_aranges
                0x00000000000007e8       0x20 c:/intelfpga_lite/20.1/nios2eds/bin/gnu/h-x86_64-mingw32/bin/../lib/gcc/nios2-elf/9.2.1/../../../../../H-x86_64-mingw32/nios2-elf/lib/mno-hw-mul\libc.a(lib_a-memcmp.o)
 .debug_aranges
                0x0000000000000808       0x20 c:/intelfpga_lite/20.1/nios2eds/bin/gnu/h-x86_64-mingw32/bin/../lib/gcc/nios2-elf/9.2.1/../../../../../H-x86_64-mingw32/nios2-elf/lib/mno-hw-mul\libc.a(lib_a-memcpy.o)
 .debug_aranges
                0x0000000000000828       0x20 c:/intelfpga_lite/20.1/nios2eds/bin/gnu/h-x86_64-mingw32/bin/../lib/gcc/nios2-elf/9.2.1/../../../../../H-x86_64-mingw32/nios2-elf/lib/mno-hw-mul\libc.a(lib_a-strlen.o)
 .debug_aranges
                0x0000000000000848       0x20 c:/intelfpga_lite/20.1/nios2eds/bin/gnu/h-x86_64-mingw32/bin/../lib/gcc/nios2-elf/9.2.1/../../../../../H-x86_64-mingw32/nios2-elf/lib/mno-hw-mul\libc.a(lib_a-__atexit.o)
 .debug_aranges
                0x0000000000000868       0x20 c:/intelfpga_lite/20.1/nios2eds/bin/gnu/h-x86_64-mingw32/bin/../lib/gcc/nios2-elf/9.2.1/../../../../../H-x86_64-mingw32/nios2-elf/lib/mno-hw-mul\libc.a(lib_a-__call_atexit.o)
 .debug_aranges
                0x0000000000000888       0x20 C:/Users/joshn/iCloudDrive/Desktop/Uni/MTRX3700/Major-Project/mtrx3700-major-project/VerilogCam_project/software/1234_BSP\libhal_bsp.a(alt_exit.o)

.debug_pubnames
 *(.debug_pubnames)

.debug_info     0x0000000000000000    0x20da8
 *(.debug_info .gnu.linkonce.wi.*)
 .debug_info    0x0000000000000000       0x22 C:/Users/joshn/iCloudDrive/Desktop/Uni/MTRX3700/Major-Project/mtrx3700-major-project/VerilogCam_project/software/1234_BSP/obj/HAL/src/crt0.o
 .debug_info    0x0000000000000022      0xba2 obj/default/main.o
 .debug_info    0x0000000000000bc4      0x9fa c:/intelfpga_lite/20.1/nios2eds/bin/gnu/h-x86_64-mingw32/bin/../lib/gcc/nios2-elf/9.2.1/../../../../../H-x86_64-mingw32/nios2-elf/lib/mno-hw-mul\libm.a(lib_a-w_sqrt.o)
 .debug_info    0x00000000000015be      0xb33 c:/intelfpga_lite/20.1/nios2eds/bin/gnu/h-x86_64-mingw32/bin/../lib/gcc/nios2-elf/9.2.1/../../../../../H-x86_64-mingw32/nios2-elf/lib/mno-hw-mul\libm.a(lib_a-e_sqrt.o)
 .debug_info    0x00000000000020f1      0x957 c:/intelfpga_lite/20.1/nios2eds/bin/gnu/h-x86_64-mingw32/bin/../lib/gcc/nios2-elf/9.2.1/../../../../../H-x86_64-mingw32/nios2-elf/lib/mno-hw-mul\libm.a(lib_a-s_lib_ver.o)
 .debug_info    0x0000000000002a48      0x368 c:/intelfpga_lite/20.1/nios2eds/bin/gnu/h-x86_64-mingw32/bin/../lib/gcc/nios2-elf/9.2.1/mno-hw-mul\libgcc.a(lib2-divmod.o)
 .debug_info    0x0000000000002db0      0x394 c:/intelfpga_lite/20.1/nios2eds/bin/gnu/h-x86_64-mingw32/bin/../lib/gcc/nios2-elf/9.2.1/mno-hw-mul\libgcc.a(addsf3.o)
 .debug_info    0x0000000000003144      0x392 c:/intelfpga_lite/20.1/nios2eds/bin/gnu/h-x86_64-mingw32/bin/../lib/gcc/nios2-elf/9.2.1/mno-hw-mul\libgcc.a(divsf3.o)
 .debug_info    0x00000000000034d6      0x26d c:/intelfpga_lite/20.1/nios2eds/bin/gnu/h-x86_64-mingw32/bin/../lib/gcc/nios2-elf/9.2.1/mno-hw-mul\libgcc.a(gesf2.o)
 .debug_info    0x0000000000003743      0x417 c:/intelfpga_lite/20.1/nios2eds/bin/gnu/h-x86_64-mingw32/bin/../lib/gcc/nios2-elf/9.2.1/mno-hw-mul\libgcc.a(mulsf3.o)
 .debug_info    0x0000000000003b5a      0x39c c:/intelfpga_lite/20.1/nios2eds/bin/gnu/h-x86_64-mingw32/bin/../lib/gcc/nios2-elf/9.2.1/mno-hw-mul\libgcc.a(subsf3.o)
 .debug_info    0x0000000000003ef6      0x200 c:/intelfpga_lite/20.1/nios2eds/bin/gnu/h-x86_64-mingw32/bin/../lib/gcc/nios2-elf/9.2.1/mno-hw-mul\libgcc.a(fixsfsi.o)
 .debug_info    0x00000000000040f6      0x274 c:/intelfpga_lite/20.1/nios2eds/bin/gnu/h-x86_64-mingw32/bin/../lib/gcc/nios2-elf/9.2.1/mno-hw-mul\libgcc.a(floatsisf.o)
 .debug_info    0x000000000000436a      0x640 c:/intelfpga_lite/20.1/nios2eds/bin/gnu/h-x86_64-mingw32/bin/../lib/gcc/nios2-elf/9.2.1/mno-hw-mul\libgcc.a(adddf3.o)
 .debug_info    0x00000000000049aa      0x827 c:/intelfpga_lite/20.1/nios2eds/bin/gnu/h-x86_64-mingw32/bin/../lib/gcc/nios2-elf/9.2.1/mno-hw-mul\libgcc.a(divdf3.o)
 .debug_info    0x00000000000051d1      0x2a7 c:/intelfpga_lite/20.1/nios2eds/bin/gnu/h-x86_64-mingw32/bin/../lib/gcc/nios2-elf/9.2.1/mno-hw-mul\libgcc.a(ledf2.o)
 .debug_info    0x0000000000005478      0x84b c:/intelfpga_lite/20.1/nios2eds/bin/gnu/h-x86_64-mingw32/bin/../lib/gcc/nios2-elf/9.2.1/mno-hw-mul\libgcc.a(muldf3.o)
 .debug_info    0x0000000000005cc3      0x640 c:/intelfpga_lite/20.1/nios2eds/bin/gnu/h-x86_64-mingw32/bin/../lib/gcc/nios2-elf/9.2.1/mno-hw-mul\libgcc.a(subdf3.o)
 .debug_info    0x0000000000006303      0x27e c:/intelfpga_lite/20.1/nios2eds/bin/gnu/h-x86_64-mingw32/bin/../lib/gcc/nios2-elf/9.2.1/mno-hw-mul\libgcc.a(unorddf2.o)