Archive member included to satisfy reference by file (symbol)

C:/Users/joshn/iCloudDrive/Desktop/Uni/MTRX3700/Major-Project/mtrx3700-major-project/VerilogCam_project/software/BSP_for_real\libhal_bsp.a(alt_load.o)
                              C:/Users/joshn/iCloudDrive/Desktop/Uni/MTRX3700/Major-Project/mtrx3700-major-project/VerilogCam_project/software/BSP_for_real/obj/HAL/src/crt0.o (alt_load)
C:/Users/joshn/iCloudDrive/Desktop/Uni/MTRX3700/Major-Project/mtrx3700-major-project/VerilogCam_project/software/BSP_for_real\libhal_bsp.a(alt_main.o)
                              C:/Users/joshn/iCloudDrive/Desktop/Uni/MTRX3700/Major-Project/mtrx3700-major-project/VerilogCam_project/software/BSP_for_real/obj/HAL/src/crt0.o (alt_main)
C:/Users/joshn/iCloudDrive/Desktop/Uni/MTRX3700/Major-Project/mtrx3700-major-project/VerilogCam_project/software/BSP_for_real\libhal_bsp.a(alt_sys_init.o)
                              C:/Users/joshn/iCloudDrive/Desktop/Uni/MTRX3700/Major-Project/mtrx3700-major-project/VerilogCam_project/software/BSP_for_real\libhal_bsp.a(alt_main.o) (alt_irq_init)
C:/Users/joshn/iCloudDrive/Desktop/Uni/MTRX3700/Major-Project/mtrx3700-major-project/VerilogCam_project/software/BSP_for_real\libhal_bsp.a(altera_avalon_jtag_uart_fd.o)
                              C:/Users/joshn/iCloudDrive/Desktop/Uni/MTRX3700/Major-Project/mtrx3700-major-project/VerilogCam_project/software/BSP_for_real\libhal_bsp.a(alt_sys_init.o) (altera_avalon_jtag_uart_read_fd)
C:/Users/joshn/iCloudDrive/Desktop/Uni/MTRX3700/Major-Project/mtrx3700-major-project/VerilogCam_project/software/BSP_for_real\libhal_bsp.a(altera_avalon_jtag_uart_init.o)
                              C:/Users/joshn/iCloudDrive/Desktop/Uni/MTRX3700/Major-Project/mtrx3700-major-project/VerilogCam_project/software/BSP_for_real\libhal_bsp.a(alt_sys_init.o) (altera_avalon_jtag_uart_init)
C:/Users/joshn/iCloudDrive/Desktop/Uni/MTRX3700/Major-Project/mtrx3700-major-project/VerilogCam_project/software/BSP_for_real\libhal_bsp.a(altera_avalon_jtag_uart_ioctl.o)
                              C:/Users/joshn/iCloudDrive/Desktop/Uni/MTRX3700/Major-Project/mtrx3700-major-project/VerilogCam_project/software/BSP_for_real\libhal_bsp.a(altera_avalon_jtag_uart_fd.o) (altera_avalon_jtag_uart_ioctl)
C:/Users/joshn/iCloudDrive/Desktop/Uni/MTRX3700/Major-Project/mtrx3700-major-project/VerilogCam_project/software/BSP_for_real\libhal_bsp.a(altera_avalon_jtag_uart_read.o)
                              C:/Users/joshn/iCloudDrive/Desktop/Uni/MTRX3700/Major-Project/mtrx3700-major-project/VerilogCam_project/software/BSP_for_real\libhal_bsp.a(altera_avalon_jtag_uart_fd.o) (altera_avalon_jtag_uart_read)
C:/Users/joshn/iCloudDrive/Desktop/Uni/MTRX3700/Major-Project/mtrx3700-major-project/VerilogCam_project/software/BSP_for_real\libhal_bsp.a(altera_avalon_jtag_uart_write.o)
                              C:/Users/joshn/iCloudDrive/Desktop/Uni/MTRX3700/Major-Project/mtrx3700-major-project/VerilogCam_project/software/BSP_for_real\libhal_bsp.a(altera_avalon_jtag_uart_fd.o) (altera_avalon_jtag_uart_write)
C:/Users/joshn/iCloudDrive/Desktop/Uni/MTRX3700/Major-Project/mtrx3700-major-project/VerilogCam_project/software/BSP_for_real\libhal_bsp.a(alt_alarm_start.o)
                              C:/Users/joshn/iCloudDrive/Desktop/Uni/MTRX3700/Major-Project/mtrx3700-major-project/VerilogCam_project/software/BSP_for_real\libhal_bsp.a(altera_avalon_jtag_uart_init.o) (alt_alarm_start)
C:/Users/joshn/iCloudDrive/Desktop/Uni/MTRX3700/Major-Project/mtrx3700-major-project/VerilogCam_project/software/BSP_for_real\libhal_bsp.a(alt_close.o)
                              C:/Users/joshn/iCloudDrive/Desktop/Uni/MTRX3700/Major-Project/mtrx3700-major-project/VerilogCam_project/software/BSP_for_real\libhal_bsp.a(alt_main.o) (close)
C:/Users/joshn/iCloudDrive/Desktop/Uni/MTRX3700/Major-Project/mtrx3700-major-project/VerilogCam_project/software/BSP_for_real\libhal_bsp.a(alt_dcache_flush_all.o)
                              C:/Users/joshn/iCloudDrive/Desktop/Uni/MTRX3700/Major-Project/mtrx3700-major-project/VerilogCam_project/software/BSP_for_real\libhal_bsp.a(alt_load.o) (alt_dcache_flush_all)
C:/Users/joshn/iCloudDrive/Desktop/Uni/MTRX3700/Major-Project/mtrx3700-major-project/VerilogCam_project/software/BSP_for_real\libhal_bsp.a(alt_dev.o)
                              C:/Users/joshn/iCloudDrive/Desktop/Uni/MTRX3700/Major-Project/mtrx3700-major-project/VerilogCam_project/software/BSP_for_real\libhal_bsp.a(alt_sys_init.o) (alt_dev_list)
C:/Users/joshn/iCloudDrive/Desktop/Uni/MTRX3700/Major-Project/mtrx3700-major-project/VerilogCam_project/software/BSP_for_real\libhal_bsp.a(alt_dev_llist_insert.o)
                              C:/Users/joshn/iCloudDrive/Desktop/Uni/MTRX3700/Major-Project/mtrx3700-major-project/VerilogCam_project/software/BSP_for_real\libhal_bsp.a(alt_sys_init.o) (alt_dev_llist_insert)
[...]
Memory Configuration

Name             Origin             Length             Attributes
reset            0x0000000000040000 0x0000000000000020
Memory           0x0000000000040020 0x0000000000031fe0
*default*        0x0000000000000000 0xffffffffffffffff

Linker script and memory map

LOAD C:/Users/joshn/iCloudDrive/Desktop/Uni/MTRX3700/Major-Project/mtrx3700-major-project/VerilogCam_project/software/BSP_for_real/obj/HAL/src/crt0.o
LOAD obj/default/main.o
LOAD c:/intelfpga_lite/20.1/nios2eds/bin/gnu/h-x86_64-mingw32/bin/../lib/gcc/nios2-elf/9.2.1/../../../../../H-x86_64-mingw32/nios2-elf/lib/mno-hw-mul\libstdc++.a
LOAD c:/intelfpga_lite/20.1/nios2eds/bin/gnu/h-x86_64-mingw32/bin/../lib/gcc/nios2-elf/9.2.1/../../../../../H-x86_64-mingw32/nios2-elf/lib/mno-hw-mul\libm.a
LOAD c:/intelfpga_lite/20.1/nios2eds/bin/gnu/h-x86_64-mingw32/bin/../lib/gcc/nios2-elf/9.2.1/mno-hw-mul\libgcc.a
START GROUP
LOAD c:/intelfpga_lite/20.1/nios2eds/bin/gnu/h-x86_64-mingw32/bin/../lib/gcc/nios2-elf/9.2.1/../../../../../H-x86_64-mingw32/nios2-elf/lib/mno-hw-mul\libc.a
LOAD c:/intelfpga_lite/20.1/nios2eds/bin/gnu/h-x86_64-mingw32/bin/../lib/gcc/nios2-elf/9.2.1/mno-hw-mul\libgcc.a
LOAD C:/Users/joshn/iCloudDrive/Desktop/Uni/MTRX3700/Major-Project/mtrx3700-major-project/VerilogCam_project/software/BSP_for_real\libhal_bsp.a
LOAD c:/intelfpga_lite/20.1/nios2eds/bin/gnu/h-x86_64-mingw32/bin/../lib/gcc/nios2-elf/9.2.1/../../../../../H-x86_64-mingw32/nios2-elf/lib/mno-hw-mul\libm.a
END GROUP
LOAD c:/intelfpga_lite/20.1/nios2eds/bin/gnu/h-x86_64-mingw32/bin/../lib/gcc/nios2-elf/9.2.1/mno-hw-mul\libgcc.a
                0x0000000000040000                __alt_mem_Memory = 0x40000

.entry          0x0000000000040000       0x20
 *(.entry)
 .entry         0x0000000000040000       0x20 C:/Users/joshn/iCloudDrive/Desktop/Uni/MTRX3700/Major-Project/mtrx3700-major-project/VerilogCam_project/software/BSP_for_real/obj/HAL/src/crt0.o
                0x0000000000040000                __reset

.exceptions     0x0000000000040020      0x204
                0x0000000000040020                PROVIDE (__ram_exceptions_start = ABSOLUTE (.))
                0x0000000000040020                . = ALIGN (0x20)
 *(.irq)
 *(.exceptions.entry.label)
 .exceptions.entry.label
                0x0000000000040020        0x0 C:/Users/joshn/iCloudDrive/Desktop/Uni/MTRX3700/Major-Project/mtrx3700-major-project/VerilogCam_project/software/BSP_for_real\libhal_bsp.a(alt_irq_entry.o)
                0x0000000000040020                alt_irq_entry
 .exceptions.entry.label
                0x0000000000040020        0x0 C:/Users/joshn/iCloudDrive/Desktop/Uni/MTRX3700/Major-Project/mtrx3700-major-project/VerilogCam_project/software/BSP_for_real\libhal_bsp.a(alt_exception_entry.o)
                0x0000000000040020                alt_exception
 *(.exceptions.entry.user)
 *(.exceptions.entry.ecc_fatal)
 *(.exceptions.entry)
 .exceptions.entry
                0x0000000000040020       0x54 C:/Users/joshn/iCloudDrive/Desktop/Uni/MTRX3700/Major-Project/mtrx3700-major-project/VerilogCam_project/software/BSP_for_real\libhal_bsp.a(alt_exception_entry.o)
 *(.exceptions.irqtest.user)
 *(.exceptions.irqtest)
 .exceptions.irqtest
                0x0000000000040074       0x10 C:/Users/joshn/iCloudDrive/Desktop/Uni/MTRX3700/Major-Project/mtrx3700-major-project/VerilogCam_project/software/BSP_for_real\libhal_bsp.a(alt_irq_entry.o)
 *(.exceptions.irqhandler.user)
 *(.exceptions.irqhandler)
 .exceptions.irqhandler
                0x0000000000040084        0x4 C:/Users/joshn/iCloudDrive/Desktop/Uni/MTRX3700/Major-Project/mtrx3700-major-project/VerilogCam_project/software/BSP_for_real\libhal_bsp.a(alt_irq_entry.o)
 *(.exceptions.irqreturn.user)
 *(.exceptions.irqreturn)
 .exceptions.irqreturn
                0x0000000000040088        0x4 C:/Users/joshn/iCloudDrive/Desktop/Uni/MTRX3700/Major-Project/mtrx3700-major-project/VerilogCam_project/software/BSP_for_real\libhal_bsp.a(alt_irq_entry.o)
 *(.exceptions.notirq.label)
 .exceptions.notirq.label
                0x000000000004008c        0x0 C:/Users/joshn/iCloudDrive/Desktop/Uni/MTRX3700/Major-Project/mtrx3700-major-project/VerilogCam_project/software/BSP_for_real\libhal_bsp.a(alt_irq_entry.o)
 *(.exceptions.notirq.user)
 *(.exceptions.notirq)
 .exceptions.notirq
                0x000000000004008c        0x8 C:/Users/joshn/iCloudDrive/Desktop/Uni/MTRX3700/Major-Project/mtrx3700-major-project/VerilogCam_project/software/BSP_for_real\libhal_bsp.a(alt_exception_entry.o)
 *(.exceptions.soft.user)
 *(.exceptions.soft)
 *(.exceptions.unknown.user)
 *(.exceptions.unknown)
 .exceptions.unknown
                0x0000000000040094       0x14 C:/Users/joshn/iCloudDrive/Desktop/Uni/MTRX3700/Major-Project/mtrx3700-major-project/VerilogCam_project/software/BSP_for_real\libhal_bsp.a(alt_exception_entry.o)
 *(.exceptions.exit.label)
 .exceptions.exit.label
                0x00000000000400a8        0x0 C:/Users/joshn/iCloudDrive/Desktop/Uni/MTRX3700/Major-Project/mtrx3700-major-project/VerilogCam_project/software/BSP_for_real\libhal_bsp.a(alt_irq_entry.o)
 .exceptions.exit.label
                0x00000000000400a8        0x0 C:/Users/joshn/iCloudDrive/Desktop/Uni/MTRX3700/Major-Project/mtrx3700-major-project/VerilogCam_project/software/BSP_for_real\libhal_bsp.a(alt_exception_entry.o)
 *(.exceptions.exit.user)
 *(.exceptions.exit)
 .exceptions.exit
                0x00000000000400a8       0x54 C:/Users/joshn/iCloudDrive/Desktop/Uni/MTRX3700/Major-Project/mtrx3700-major-project/VerilogCam_project/software/BSP_for_real\libhal_bsp.a(alt_exception_entry.o)
 *(.exceptions)
 .exceptions    0x00000000000400fc       0xc8 C:/Users/joshn/iCloudDrive/Desktop/Uni/MTRX3700/Major-Project/mtrx3700-major-project/VerilogCam_project/software/BSP_for_real\libhal_bsp.a(alt_irq_handler.o)
                0x00000000000400fc                alt_irq_handler
 .exceptions    0x00000000000401c4       0x60 C:/Users/joshn/iCloudDrive/Desktop/Uni/MTRX3700/Major-Project/mtrx3700-major-project/VerilogCam_project/software/BSP_for_real\libhal_bsp.a(alt_instruction_exception_entry.o)
                0x00000000000401c4                alt_instruction_exception_entry
                0x0000000000040224                PROVIDE (__ram_exceptions_end = ABSOLUTE (.))
                0x0000000000040020                PROVIDE (__flash_exceptions_start = LOADADDR (.exceptions))

.text           0x0000000000040224     0x20fc
                [!provide]                        PROVIDE (stext = ABSOLUTE (.))
 *(.interp)
 *(.hash)
 *(.dynsym)
 *(.dynstr)
 *(.gnu.version)
 *(.gnu.version_d)
 *(.gnu.version_r)
 *(.rel.init)
 *(.rela.init)
 *(.rel.text .rel.text.* .rel.gnu.linkonce.t.*)
 *(.rela.text .rela.text.* .rela.gnu.linkonce.t.*)
 *(.rel.fini)
 *(.rela.fini)
 *(.rel.rodata .rel.rodata.* .rel.gnu.linkonce.r.*)
 *(.rela.rodata .rela.rodata.* .rela.gnu.linkonce.r.*)
 *(.rel.data .rel.data.* .rel.gnu.linkonce.d.*)
 *(.rela.data .rela.data.* .rela.gnu.linkonce.d.*)
 *(.rel.tdata .rel.tdata.* .rel.gnu.linkonce.td.*)
 *(.rela.tdata .rela.tdata.* .rela.gnu.linkonce.td.*)
 *(.rel.tbss .rel.tbss.* .rel.gnu.linkonce.tb.*)
 *(.rela.tbss .rela.tbss.* .rela.gnu.linkonce.tb.*)
 *(.rel.ctors)
 *(.rela.ctors)
 *(.rel.dtors)
 *(.rela.dtors)
 *(.rel.got)
 *(.rela.got)
 *(.rel.sdata .rel.sdata.* .rel.gnu.linkonce.s.*)
 *(.rela.sdata .rela.sdata.* .rela.gnu.linkonce.s.*)
 *(.rel.sbss .rel.sbss.* .rel.gnu.linkonce.sb.*)
 *(.rela.sbss .rela.sbss.* .rela.gnu.linkonce.sb.*)
 *(.rel.sdata2 .rel.sdata2.* .rel.gnu.linkonce.s2.*)
 *(.rela.sdata2 .rela.sdata2.* .rela.gnu.linkonce.s2.*)
 *(.rel.sbss2 .rel.sbss2.* .rel.gnu.linkonce.sb2.*)
 *(.rela.sbss2 .rela.sbss2.* .rela.gnu.linkonce.sb2.*)
 *(.rel.bss .rel.bss.* .rel.gnu.linkonce.b.*)
 *(.rela.bss .rela.bss.* .rela.gnu.linkonce.b.*)
 *(.rel.plt)
 *(.rela.plt)
 *(.rel.dyn)
 *(.init)
 *(.plt)
 *(.text .stub .text.* .gnu.linkonce.t.*)
 .text          0x0000000000040224       0x3c C:/Users/joshn/iCloudDrive/Desktop/Uni/MTRX3700/Major-Project/mtrx3700-major-project/VerilogCam_project/software/BSP_for_real/obj/HAL/src/crt0.o
                0x0000000000040224                _start
 .text          0x0000000000040260        0x0 obj/default/main.o
 .text          0x0000000000040260       0xec C:/Users/joshn/iCloudDrive/Desktop/Uni/MTRX3700/Major-Project/mtrx3700-major-project/VerilogCam_project/software/BSP_for_real\libhal_bsp.a(alt_load.o)
                0x00000000000402c8                alt_load
 .text          0x000000000004034c       0x7c C:/Users/joshn/iCloudDrive/Desktop/Uni/MTRX3700/Major-Project/mtrx3700-major-project/VerilogCam_project/software/BSP_for_real\libhal_bsp.a(alt_main.o)
                0x000000000004034c                alt_main
 .text          0x00000000000403c8       0xb8 C:/Users/joshn/iCloudDrive/Desktop/Uni/MTRX3700/Major-Project/mtrx3700-major-project/VerilogCam_project/software/BSP_for_real\libhal_bsp.a(alt_sys_init.o)
                0x00000000000403fc                alt_irq_init
                0x0000000000040438                alt_sys_init
 .text          0x0000000000040480      0x164 C:/Users/joshn/iCloudDrive/Desktop/Uni/MTRX3700/Major-Project/mtrx3700-major-project/VerilogCam_project/software/BSP_for_real\libhal_bsp.a(altera_avalon_jtag_uart_fd.o)
                0x0000000000040480                altera_avalon_jtag_uart_read_fd
                0x00000000000404e0                altera_avalon_jtag_uart_write_fd
                0x0000000000040540                altera_avalon_jtag_uart_close_fd
                0x0000000000040590                altera_avalon_jtag_uart_ioctl_fd
 .text          0x00000000000405e4      0x3d4 C:/Users/joshn/iCloudDrive/Desktop/Uni/MTRX3700/Major-Project/mtrx3700-major-project/VerilogCam_project/software/BSP_for_real\libhal_bsp.a(altera_avalon_jtag_uart_init.o)
                0x00000000000405e4                altera_avalon_jtag_uart_init
                0x0000000000040950                altera_avalon_jtag_uart_close
 .text          0x00000000000409b8       0xf4 C:/Users/joshn/iCloudDrive/Desktop/Uni/MTRX3700/Major-Project/mtrx3700-major-project/VerilogCam_project/software/BSP_for_real\libhal_bsp.a(altera_avalon_jtag_uart_ioctl.o)
                0x00000000000409b8                altera_avalon_jtag_uart_ioctl
 .text          0x0000000000040aac      0x220 C:/Users/joshn/iCloudDrive/Desktop/Uni/MTRX3700/Major-Project/mtrx3700-major-project/VerilogCam_project/software/BSP_for_real\libhal_bsp.a(altera_avalon_jtag_uart_read.o)
                0x0000000000040aac                altera_avalon_jtag_uart_read
 .text          0x0000000000040ccc      0x228 C:/Users/joshn/iCloudDrive/Desktop/Uni/MTRX3700/Major-Project/mtrx3700-major-project/VerilogCam_project/software/BSP_for_real\libhal_bsp.a(altera_avalon_jtag_uart_write.o)
                0x0000000000040ccc                altera_avalon_jtag_uart_write
 .text          0x0000000000040ef4      0x134 C:/Users/joshn/iCloudDrive/Desktop/Uni/MTRX3700/Major-Project/mtrx3700-major-project/VerilogCam_project/software/BSP_for_real\libhal_bsp.a(alt_alarm_start.o)
                0x0000000000040ef4                alt_alarm_start
 .text          0x0000000000041028      0x118 C:/Users/joshn/iCloudDrive/Desktop/Uni/MTRX3700/Major-Project/mtrx3700-major-project/VerilogCam_project/software/BSP_for_real\libhal_bsp.a(alt_close.o)
                0x0000000000041064                close
 .text          0x0000000000041140       0x20 C:/Users/joshn/iCloudDrive/Desktop/Uni/MTRX3700/Major-Project/mtrx3700-major-project/VerilogCam_project/software/BSP_for_real\libhal_bsp.a(alt_dcache_flush_all.o)
                0x0000000000041140                alt_dcache_flush_all
 .text          0x0000000000041160       0x2c C:/Users/joshn/iCloudDrive/Desktop/Uni/MTRX3700/Major-Project/mtrx3700-major-project/VerilogCam_project/software/BSP_for_real\libhal_bsp.a(alt_dev.o)
 .text          0x000000000004118c       0xe4 C:/Users/joshn/iCloudDrive/Desktop/Uni/MTRX3700/Major-Project/mtrx3700-major-project/VerilogCam_project/software/BSP_for_real\libhal_bsp.a(alt_dev_llist_insert.o)
                0x00000000000411c8                alt_dev_llist_insert
 .text          0x0000000000041270       0x64 C:/Users/joshn/iCloudDrive/Desktop/Uni/MTRX3700/Major-Project/mtrx3700-major-project/VerilogCam_project/software/BSP_for_real\libhal_bsp.a(alt_do_ctors.o)
                0x0000000000041270                _do_ctors
 .text          0x00000000000412d4       0x64 C:/Users/joshn/iCloudDrive/Desktop/Uni/MTRX3700/Major-Project/mtrx3700-major-project/VerilogCam_project/software/BSP_for_real\libhal_bsp.a(alt_do_dtors.o)
                0x00000000000412d4                _do_dtors
 .text          0x0000000000041338        0x0 C:/Users/joshn/iCloudDrive/Desktop/Uni/MTRX3700/Major-Project/mtrx3700-major-project/VerilogCam_project/software/BSP_for_real\libhal_bsp.a(alt_errno.o)
 .text          0x0000000000041338       0x20 C:/Users/joshn/iCloudDrive/Desktop/Uni/MTRX3700/Major-Project/mtrx3700-major-project/VerilogCam_project/software/BSP_for_real\libhal_bsp.a(alt_icache_flush_all.o)
                0x0000000000041338                alt_icache_flush_all
 .text          0x0000000000041358      0x1b0 C:/Users/joshn/iCloudDrive/Desktop/Uni/MTRX3700/Major-Project/mtrx3700-major-project/VerilogCam_project/software/BSP_for_real\libhal_bsp.a(alt_iic.o)
                0x0000000000041358                alt_ic_isr_register
                0x00000000000413a8                alt_ic_irq_enable
                0x0000000000041430                alt_ic_irq_disable
                0x00000000000414bc                alt_ic_irq_enabled
 .text          0x0000000000041508       0xe8 C:/Users/joshn/iCloudDrive/Desktop/Uni/MTRX3700/Major-Project/mtrx3700-major-project/VerilogCam_project/software/BSP_for_real\libhal_bsp.a(alt_iic_isr_register.o)
                0x0000000000041508                alt_iic_isr_register
 .text          0x00000000000415f0      0x150 C:/Users/joshn/iCloudDrive/Desktop/Uni/MTRX3700/Major-Project/mtrx3700-major-project/VerilogCam_project/software/BSP_for_real\libhal_bsp.a(alt_io_redirect.o)
                0x00000000000416c4                alt_io_redirect
 .text          0x0000000000041740        0x0 C:/Users/joshn/iCloudDrive/Desktop/Uni/MTRX3700/Major-Project/mtrx3700-major-project/VerilogCam_project/software/BSP_for_real\libhal_bsp.a(alt_irq_entry.o)
 .text          0x0000000000041740        0x0 C:/Users/joshn/iCloudDrive/Desktop/Uni/MTRX3700/Major-Project/mtrx3700-major-project/VerilogCam_project/software/BSP_for_real\libhal_bsp.a(alt_irq_handler.o)
 .text          0x0000000000041740        0x0 C:/Users/joshn/iCloudDrive/Desktop/Uni/MTRX3700/Major-Project/mtrx3700-major-project/VerilogCam_project/software/BSP_for_real\libhal_bsp.a(alt_irq_vars.o)
 .text          0x0000000000041740      0x278 C:/Users/joshn/iCloudDrive/Desktop/Uni/MTRX3700/Major-Project/mtrx3700-major-project/VerilogCam_project/software/BSP_for_real\libhal_bsp.a(alt_open.o)
                0x0000000000041858                open
 .text          0x00000000000419b8       0x70 C:/Users/joshn/iCloudDrive/Desktop/Uni/MTRX3700/Major-Project/mtrx3700-major-project/VerilogCam_project/software/BSP_for_real\libhal_bsp.a(alt_release_fd.o)
                0x00000000000419b8                alt_release_fd
 .text          0x0000000000041a28      0x1ac C:/Users/joshn/iCloudDrive/Desktop/Uni/MTRX3700/Major-Project/mtrx3700-major-project/VerilogCam_project/software/BSP_for_real\libhal_bsp.a(alt_tick.o)
                0x0000000000041a28                alt_alarm_stop
                0x0000000000041acc                alt_tick
 .text          0x0000000000041bd4       0x24 C:/Users/joshn/iCloudDrive/Desktop/Uni/MTRX3700/Major-Project/mtrx3700-major-project/VerilogCam_project/software/BSP_for_real\libhal_bsp.a(altera_nios2_gen2_irq.o)
                0x0000000000041bd4                altera_nios2_gen2_irq_init
 .text          0x0000000000041bf8        0x0 C:/Users/joshn/iCloudDrive/Desktop/Uni/MTRX3700/Major-Project/mtrx3700-major-project/VerilogCam_project/software/BSP_for_real\libhal_bsp.a(alt_exception_entry.o)
 .text          0x0000000000041bf8       0x90 C:/Users/joshn/iCloudDrive/Desktop/Uni/MTRX3700/Major-Project/mtrx3700-major-project/VerilogCam_project/software/BSP_for_real\libhal_bsp.a(alt_find_dev.o)
                0x0000000000041bf8                alt_find_dev
 .text          0x0000000000041c88      0x108 C:/Users/joshn/iCloudDrive/Desktop/Uni/MTRX3700/Major-Project/mtrx3700-major-project/VerilogCam_project/software/BSP_for_real\libhal_bsp.a(alt_find_file.o)
                0x0000000000041c88                alt_find_file
 .text          0x0000000000041d90       0xb8 C:/Users/joshn/iCloudDrive/Desktop/Uni/MTRX3700/Major-Project/mtrx3700-major-project/VerilogCam_project/software/BSP_for_real\libhal_bsp.a(alt_get_fd.o)
                0x0000000000041d90                alt_get_fd
 .text          0x0000000000041e48       0x98 C:/Users/joshn/iCloudDrive/Desktop/Uni/MTRX3700/Major-Project/mtrx3700-major-project/VerilogCam_project/software/BSP_for_real\libhal_bsp.a(alt_instruction_exception_entry.o)
                0x0000000000041e48                alt_exception_cause_generated_bad_addr
 .text          0x0000000000041ee0        0x0 c:/intelfpga_lite/20.1/nios2eds/bin/gnu/h-x86_64-mingw32/bin/../lib/gcc/nios2-elf/9.2.1/../../../../../H-x86_64-mingw32/nios2-elf/lib/mno-hw-mul\libc.a(lib_a-atexit.o)
 .text.atexit   0x0000000000041ee0       0x14 c:/intelfpga_lite/20.1/nios2eds/bin/gnu/h-x86_64-mingw32/bin/../lib/gcc/nios2-elf/9.2.1/../../../../../H-x86_64-mingw32/nios2-elf/lib/mno-hw-mul\libc.a(lib_a-atexit.o)
                0x0000000000041ee0                atexit
 .text          0x0000000000041ef4        0x0 c:/intelfpga_lite/20.1/nios2eds/bin/gnu/h-x86_64-mingw32/bin/../lib/gcc/nios2-elf/9.2.1/../../../../../H-x86_64-mingw32/nios2-elf/lib/mno-hw-mul\libc.a(lib_a-exit.o)
 .text.exit     0x0000000000041ef4       0x34 c:/intelfpga_lite/20.1/nios2eds/bin/gnu/h-x86_64-mingw32/bin/../lib/gcc/nios2-elf/9.2.1/../../../../../H-x86_64-mingw32/nios2-elf/lib/mno-hw-mul\libc.a(lib_a-exit.o)
                0x0000000000041ef4                exit
 .text          0x0000000000041f28        0x0 c:/intelfpga_lite/20.1/nios2eds/bin/gnu/h-x86_64-mingw32/bin/../lib/gcc/nios2-elf/9.2.1/../../../../../H-x86_64-mingw32/nios2-elf/lib/mno-hw-mul\libc.a(lib_a-impure.o)
 .text          0x0000000000041f28        0x0 c:/intelfpga_lite/20.1/nios2eds/bin/gnu/h-x86_64-mingw32/bin/../lib/gcc/nios2-elf/9.2.1/../../../../../H-x86_64-mingw32/nios2-elf/lib/mno-hw-mul\libc.a(lib_a-int_errno.o)
 .text          0x0000000000041f28        0x0 c:/intelfpga_lite/20.1/nios2eds/bin/gnu/h-x86_64-mingw32/bin/../lib/gcc/nios2-elf/9.2.1/../../../../../H-x86_64-mingw32/nios2-elf/lib/mno-hw-mul\libc.a(lib_a-memcmp.o)
 .text.memcmp   0x0000000000041f28       0x78 c:/intelfpga_lite/20.1/nios2eds/bin/gnu/h-x86_64-mingw32/bin/../lib/gcc/nios2-elf/9.2.1/../../../../../H-x86_64-mingw32/nios2-elf/lib/mno-hw-mul\libc.a(lib_a-memcmp.o)
                0x0000000000041f28                memcmp
 .text          0x0000000000041fa0        0x0 c:/intelfpga_lite/20.1/nios2eds/bin/gnu/h-x86_64-mingw32/bin/../lib/gcc/nios2-elf/9.2.1/../../../../../H-x86_64-mingw32/nios2-elf/lib/mno-hw-mul\libc.a(lib_a-memcpy.o)
 .text.memcpy   0x0000000000041fa0      0x100 c:/intelfpga_lite/20.1/nios2eds/bin/gnu/h-x86_64-mingw32/bin/../lib/gcc/nios2-elf/9.2.1/../../../../../H-x86_64-mingw32/nios2-elf/lib/mno-hw-mul\libc.a(lib_a-memcpy.o)
                0x0000000000041fa0                memcpy
 .text          0x00000000000420a0        0x0 c:/intelfpga_lite/20.1/nios2eds/bin/gnu/h-x86_64-mingw32/bin/../lib/gcc/nios2-elf/9.2.1/../../../../../H-x86_64-mingw32/nios2-elf/lib/mno-hw-mul\libc.a(lib_a-strlen.o)
 .text.strlen   0x00000000000420a0       0x98 c:/intelfpga_lite/20.1/nios2eds/bin/gnu/h-x86_64-mingw32/bin/../lib/gcc/nios2-elf/9.2.1/../../../../../H-x86_64-mingw32/nios2-elf/lib/mno-hw-mul\libc.a(lib_a-strlen.o)
                0x00000000000420a0                strlen
 .text          0x0000000000042138        0x0 c:/intelfpga_lite/20.1/nios2eds/bin/gnu/h-x86_64-mingw32/bin/../lib/gcc/nios2-elf/9.2.1/../../../../../H-x86_64-mingw32/nios2-elf/lib/mno-hw-mul\libc.a(lib_a-__atexit.o)
 .text.__register_exitproc
                0x0000000000042138       0x90 c:/intelfpga_lite/20.1/nios2eds/bin/gnu/h-x86_64-mingw32/bin/../lib/gcc/nios2-elf/9.2.1/../../../../../H-x86_64-mingw32/nios2-elf/lib/mno-hw-mul\libc.a(lib_a-__atexit.o)
                0x0000000000042138                __register_exitproc
 .text          0x00000000000421c8        0x0 c:/intelfpga_lite/20.1/nios2eds/bin/gnu/h-x86_64-mingw32/bin/../lib/gcc/nios2-elf/9.2.1/../../../../../H-x86_64-mingw32/nios2-elf/lib/mno-hw-mul\libc.a(lib_a-__call_atexit.o)
 .text.__call_exitprocs
                0x00000000000421c8      0x120 c:/intelfpga_lite/20.1/nios2eds/bin/gnu/h-x86_64-mingw32/bin/../lib/gcc/nios2-elf/9.2.1/../../../../../H-x86_64-mingw32/nios2-elf/lib/mno-hw-mul\libc.a(lib_a-__call_atexit.o)
                0x00000000000421c8                __call_exitprocs
 .text          0x00000000000422e8       0x38 C:/Users/joshn/iCloudDrive/Desktop/Uni/MTRX3700/Major-Project/mtrx3700-major-project/VerilogCam_project/software/BSP_for_real\libhal_bsp.a(alt_exit.o)
                0x00000000000422e8                _exit
 *(.gnu.warning.*)
 *(.fini)
                [!provide]                        PROVIDE (__etext = ABSOLUTE (.))
                [!provide]                        PROVIDE (_etext = ABSOLUTE (.))
                [!provide]                        PROVIDE (etext = ABSOLUTE (.))
 *(.eh_frame_hdr)
                0x0000000000042320                . = ALIGN (0x4)
                [!provide]                        PROVIDE (__preinit_array_start = ABSOLUTE (.))
 *(.preinit_array)
                [!provide]                        PROVIDE (__preinit_array_end = ABSOLUTE (.))
                [!provide]                        PROVIDE (__init_array_start = ABSOLUTE (.))
 *(.init_array)
                [!provide]                        PROVIDE (__init_array_end = ABSOLUTE (.))
                [!provide]                        PROVIDE (__fini_array_start = ABSOLUTE (.))
 *(.fini_array)
                [!provide]                        PROVIDE (__fini_array_end = ABSOLUTE (.))
 *(.eh_frame)
 *(.gcc_except_table .gcc_except_table.*)
 *(.dynamic)
                0x0000000000042320                PROVIDE (__CTOR_LIST__ = ABSOLUTE (.))
 *(.ctors)
 *(SORT_BY_NAME(.ctors.*))
                0x0000000000042320                PROVIDE (__CTOR_END__ = ABSOLUTE (.))
                0x0000000000042320                PROVIDE (__DTOR_LIST__ = ABSOLUTE (.))
 *(.dtors)
 *(SORT_BY_NAME(.dtors.*))
                0x0000000000042320                PROVIDE (__DTOR_END__ = ABSOLUTE (.))
 *(.jcr)
                0x0000000000042320                . = ALIGN (0x4)

.rodata         0x0000000000042320       0x24
                0x0000000000042320                PROVIDE (__ram_rodata_start = ABSOLUTE (.))
                0x0000000000042320                . = ALIGN (0x4)
 *(.rodata .rodata.* .gnu.linkonce.r.*)
 .rodata        0x0000000000042320        0xa C:/Users/joshn/iCloudDrive/Desktop/Uni/MTRX3700/Major-Project/mtrx3700-major-project/VerilogCam_project/software/BSP_for_real\libhal_bsp.a(alt_main.o)
 *fill*         0x000000000004232a        0x2 
 .rodata        0x000000000004232c        0xa C:/Users/joshn/iCloudDrive/Desktop/Uni/MTRX3700/Major-Project/mtrx3700-major-project/VerilogCam_project/software/BSP_for_real\libhal_bsp.a(alt_sys_init.o)
 *fill*         0x0000000000042336        0x2 
 .rodata        0x0000000000042338        0xa C:/Users/joshn/iCloudDrive/Desktop/Uni/MTRX3700/Major-Project/mtrx3700-major-project/VerilogCam_project/software/BSP_for_real\libhal_bsp.a(alt_dev.o)
 *(.rodata1)
                0x0000000000042344                . = ALIGN (0x4)
 *fill*         0x0000000000042342        0x2 
                0x0000000000042344                PROVIDE (__ram_rodata_end = ABSOLUTE (.))
                0x0000000000042320                PROVIDE (__flash_rodata_start = LOADADDR (.rodata))

.rwdata         0x0000000000042344     0x1658 load address 0x000000000004399c
                0x0000000000042344                PROVIDE (__ram_rwdata_start = ABSOLUTE (.))
                0x0000000000042344                . = ALIGN (0x4)
 *(.got.plt)
 *(.got)
 *(.data1)
 *(.data .data.* .gnu.linkonce.d.*)
 .data          0x0000000000042344        0x0 C:/Users/joshn/iCloudDrive/Desktop/Uni/MTRX3700/Major-Project/mtrx3700-major-project/VerilogCam_project/software/BSP_for_real/obj/HAL/src/crt0.o
 .data          0x0000000000042344        0x0 obj/default/main.o
 .data          0x0000000000042344        0x0 C:/Users/joshn/iCloudDrive/Desktop/Uni/MTRX3700/Major-Project/mtrx3700-major-project/VerilogCam_project/software/BSP_for_real\libhal_bsp.a(alt_load.o)
 .data          0x0000000000042344        0x0 C:/Users/joshn/iCloudDrive/Desktop/Uni/MTRX3700/Major-Project/mtrx3700-major-project/VerilogCam_project/software/BSP_for_real\libhal_bsp.a(alt_main.o)
 .data          0x0000000000042344     0x1060 C:/Users/joshn/iCloudDrive/Desktop/Uni/MTRX3700/Major-Project/mtrx3700-major-project/VerilogCam_project/software/BSP_for_real\libhal_bsp.a(alt_sys_init.o)
 .data          0x00000000000433a4        0x0 C:/Users/joshn/iCloudDrive/Desktop/Uni/MTRX3700/Major-Project/mtrx3700-major-project/VerilogCam_project/software/BSP_for_real\libhal_bsp.a(altera_avalon_jtag_uart_fd.o)
 .data          0x00000000000433a4        0x0 C:/Users/joshn/iCloudDrive/Desktop/Uni/MTRX3700/Major-Project/mtrx3700-major-project/VerilogCam_project/software/BSP_for_real\libhal_bsp.a(altera_avalon_jtag_uart_init.o)
 .data          0x00000000000433a4        0x0 C:/Users/joshn/iCloudDrive/Desktop/Uni/MTRX3700/Major-Project/mtrx3700-major-project/VerilogCam_project/software/BSP_for_real\libhal_bsp.a(altera_avalon_jtag_uart_ioctl.o)
 .data          0x00000000000433a4        0x0 C:/Users/joshn/iCloudDrive/Desktop/Uni/MTRX3700/Major-Project/mtrx3700-major-project/VerilogCam_project/software/BSP_for_real\libhal_bsp.a(altera_avalon_jtag_uart_read.o)
 .data          0x00000000000433a4        0x0 C:/Users/joshn/iCloudDrive/Desktop/Uni/MTRX3700/Major-Project/mtrx3700-major-project/VerilogCam_project/software/BSP_for_real\libhal_bsp.a(altera_avalon_jtag_uart_write.o)
 .data          0x00000000000433a4        0x0 C:/Users/joshn/iCloudDrive/Desktop/Uni/MTRX3700/Major-Project/mtrx3700-major-project/VerilogCam_project/software/BSP_for_real\libhal_bsp.a(alt_alarm_start.o)
 .data          0x00000000000433a4        0x0 C:/Users/joshn/iCloudDrive/Desktop/Uni/MTRX3700/Major-Project/mtrx3700-major-project/VerilogCam_project/software/BSP_for_real\libhal_bsp.a(alt_close.o)
 .data          0x00000000000433a4        0x0 C:/Users/joshn/iCloudDrive/Desktop/Uni/MTRX3700/Major-Project/mtrx3700-major-project/VerilogCam_project/software/BSP_for_real\libhal_bsp.a(alt_dcache_flush_all.o)
 .data          0x00000000000433a4      0x1a8 C:/Users/joshn/iCloudDrive/Desktop/Uni/MTRX3700/Major-Project/mtrx3700-major-project/VerilogCam_project/software/BSP_for_real\libhal_bsp.a(alt_dev.o)
                0x00000000000433a4                alt_dev_null
                0x00000000000433cc                alt_fd_list
 .data          0x000000000004354c        0x0 C:/Users/joshn/iCloudDrive/Desktop/Uni/MTRX3700/Major-Project/mtrx3700-major-project/VerilogCam_project/software/BSP_for_real\libhal_bsp.a(alt_dev_llist_insert.o)
 .data          0x000000000004354c        0x0 C:/Users/joshn/iCloudDrive/Desktop/Uni/MTRX3700/Major-Project/mtrx3700-major-project/VerilogCam_project/software/BSP_for_real\libhal_bsp.a(alt_do_ctors.o)
 .data          0x000000000004354c        0x0 C:/Users/joshn/iCloudDrive/Desktop/Uni/MTRX3700/Major-Project/mtrx3700-major-project/VerilogCam_project/software/BSP_for_real\libhal_bsp.a(alt_do_dtors.o)
 .data          0x000000000004354c        0x0 C:/Users/joshn/iCloudDrive/Desktop/Uni/MTRX3700/Major-Project/mtrx3700-major-project/VerilogCam_project/software/BSP_for_real\libhal_bsp.a(alt_errno.o)
 .data          0x000000000004354c        0x0 C:/Users/joshn/iCloudDrive/Desktop/Uni/MTRX3700/Major-Project/mtrx3700-major-project/VerilogCam_project/software/BSP_for_real\libhal_bsp.a(alt_icache_flush_all.o)
 .data          0x000000000004354c        0x0 C:/Users/joshn/iCloudDrive/Desktop/Uni/MTRX3700/Major-Project/mtrx3700-major-project/VerilogCam_project/software/BSP_for_real\libhal_bsp.a(alt_iic.o)
 .data          0x000000000004354c        0x0 C:/Users/joshn/iCloudDrive/Desktop/Uni/MTRX3700/Major-Project/mtrx3700-major-project/VerilogCam_project/software/BSP_for_real\libhal_bsp.a(alt_iic_isr_register.o)
 .data          0x000000000004354c        0x0 C:/Users/joshn/iCloudDrive/Desktop/Uni/MTRX3700/Major-Project/mtrx3700-major-project/VerilogCam_project/software/BSP_for_real\libhal_bsp.a(alt_io_redirect.o)
 .data          0x000000000004354c        0x0 C:/Users/joshn/iCloudDrive/Desktop/Uni/MTRX3700/Major-Project/mtrx3700-major-project/VerilogCam_project/software/BSP_for_real\libhal_bsp.a(alt_irq_entry.o)
 .data          0x000000000004354c        0x0 C:/Users/joshn/iCloudDrive/Desktop/Uni/MTRX3700/Major-Project/mtrx3700-major-project/VerilogCam_project/software/BSP_for_real\libhal_bsp.a(alt_irq_handler.o)
 .data          0x000000000004354c        0x0 C:/Users/joshn/iCloudDrive/Desktop/Uni/MTRX3700/Major-Project/mtrx3700-major-project/VerilogCam_project/software/BSP_for_real\libhal_bsp.a(alt_irq_vars.o)
 .data          0x000000000004354c        0x0 C:/Users/joshn/iCloudDrive/Desktop/Uni/MTRX3700/Major-Project/mtrx3700-major-project/VerilogCam_project/software/BSP_for_real\libhal_bsp.a(alt_open.o)
 .data          0x000000000004354c        0x0 C:/Users/joshn/iCloudDrive/Desktop/Uni/MTRX3700/Major-Project/mtrx3700-major-project/VerilogCam_project/software/BSP_for_real\libhal_bsp.a(alt_release_fd.o)
 .data          0x000000000004354c        0x0 C:/Users/joshn/iCloudDrive/Desktop/Uni/MTRX3700/Major-Project/mtrx3700-major-project/VerilogCam_project/software/BSP_for_real\libhal_bsp.a(alt_tick.o)
 .data          0x000000000004354c        0x0 C:/Users/joshn/iCloudDrive/Desktop/Uni/MTRX3700/Major-Project/mtrx3700-major-project/VerilogCam_project/software/BSP_for_real\libhal_bsp.a(altera_nios2_gen2_irq.o)
 .data          0x000000000004354c        0x0 C:/Users/joshn/iCloudDrive/Desktop/Uni/MTRX3700/Major-Project/mtrx3700-major-project/VerilogCam_project/software/BSP_for_real\libhal_bsp.a(alt_exception_entry.o)
 .data          0x000000000004354c        0x0 C:/Users/joshn/iCloudDrive/Desktop/Uni/MTRX3700/Major-Project/mtrx3700-major-project/VerilogCam_project/software/BSP_for_real\libhal_bsp.a(alt_find_dev.o)
 .data          0x000000000004354c        0x0 C:/Users/joshn/iCloudDrive/Desktop/Uni/MTRX3700/Major-Project/mtrx3700-major-project/VerilogCam_project/software/BSP_for_real\libhal_bsp.a(alt_find_file.o)
 .data          0x000000000004354c        0x0 C:/Users/joshn/iCloudDrive/Desktop/Uni/MTRX3700/Major-Project/mtrx3700-major-project/VerilogCam_project/software/BSP_for_real\libhal_bsp.a(alt_get_fd.o)
 .data          0x000000000004354c        0x0 C:/Users/joshn/iCloudDrive/Desktop/Uni/MTRX3700/Major-Project/mtrx3700-major-project/VerilogCam_project/software/BSP_for_real\libhal_bsp.a(alt_instruction_exception_entry.o)
 .data          0x000000000004354c        0x0 c:/intelfpga_lite/20.1/nios2eds/bin/gnu/h-x86_64-mingw32/bin/../lib/gcc/nios2-elf/9.2.1/../../../../../H-x86_64-mingw32/nios2-elf/lib/mno-hw-mul\libc.a(lib_a-atexit.o)
 .data          0x000000000004354c        0x0 c:/intelfpga_lite/20.1/nios2eds/bin/gnu/h-x86_64-mingw32/bin/../lib/gcc/nios2-elf/9.2.1/../../../../../H-x86_64-mingw32/nios2-elf/lib/mno-hw-mul\libc.a(lib_a-exit.o)
 .data          0x000000000004354c        0x0 c:/intelfpga_lite/20.1/nios2eds/bin/gnu/h-x86_64-mingw32/bin/../lib/gcc/nios2-elf/9.2.1/../../../../../H-x86_64-mingw32/nios2-elf/lib/mno-hw-mul\libc.a(lib_a-impure.o)
 .data.impure_data
                0x000000000004354c      0x424 c:/intelfpga_lite/20.1/nios2eds/bin/gnu/h-x86_64-mingw32/bin/../lib/gcc/nios2-elf/9.2.1/../../../../../H-x86_64-mingw32/nios2-elf/lib/mno-hw-mul\libc.a(lib_a-impure.o)
 .data          0x0000000000043970        0x0 c:/intelfpga_lite/20.1/nios2eds/bin/gnu/h-x86_64-mingw32/bin/../lib/gcc/nios2-elf/9.2.1/../../../../../H-x86_64-mingw32/nios2-elf/lib/mno-hw-mul\libc.a(lib_a-int_errno.o)
 .data          0x0000000000043970        0x0 c:/intelfpga_lite/20.1/nios2eds/bin/gnu/h-x86_64-mingw32/bin/../lib/gcc/nios2-elf/9.2.1/../../../../../H-x86_64-mingw32/nios2-elf/lib/mno-hw-mul\libc.a(lib_a-memcmp.o)
 .data          0x0000000000043970        0x0 c:/intelfpga_lite/20.1/nios2eds/bin/gnu/h-x86_64-mingw32/bin/../lib/gcc/nios2-elf/9.2.1/../../../../../H-x86_64-mingw32/nios2-elf/lib/mno-hw-mul\libc.a(lib_a-memcpy.o)
 .data          0x0000000000043970        0x0 c:/intelfpga_lite/20.1/nios2eds/bin/gnu/h-x86_64-mingw32/bin/../lib/gcc/nios2-elf/9.2.1/../../../../../H-x86_64-mingw32/nios2-elf/lib/mno-hw-mul\libc.a(lib_a-strlen.o)
 .data          0x0000000000043970        0x0 c:/intelfpga_lite/20.1/nios2eds/bin/gnu/h-x86_64-mingw32/bin/../lib/gcc/nios2-elf/9.2.1/../../../../../H-x86_64-mingw32/nios2-elf/lib/mno-hw-mul\libc.a(lib_a-__atexit.o)
 .data          0x0000000000043970        0x0 c:/intelfpga_lite/20.1/nios2eds/bin/gnu/h-x86_64-mingw32/bin/../lib/gcc/nios2-elf/9.2.1/../../../../../H-x86_64-mingw32/nios2-elf/lib/mno-hw-mul\libc.a(lib_a-__call_atexit.o)
 .data          0x0000000000043970        0x0 C:/Users/joshn/iCloudDrive/Desktop/Uni/MTRX3700/Major-Project/mtrx3700-major-project/VerilogCam_project/software/BSP_for_real\libhal_bsp.a(alt_exit.o)
                0x000000000004b970                _gp = ABSOLUTE ((. + 0x8000))
                [!provide]                        PROVIDE (gp = _gp)
 *(.rwdata .rwdata.*)
 *(.sdata .sdata.* .gnu.linkonce.s.*)
 .sdata         0x0000000000043970       0x14 C:/Users/joshn/iCloudDrive/Desktop/Uni/MTRX3700/Major-Project/mtrx3700-major-project/VerilogCam_project/software/BSP_for_real\libhal_bsp.a(alt_dev.o)
                0x0000000000043970                alt_fs_list
                0x0000000000043978                alt_dev_list
                0x0000000000043980                alt_max_fd
 .sdata         0x0000000000043984        0x4 C:/Users/joshn/iCloudDrive/Desktop/Uni/MTRX3700/Major-Project/mtrx3700-major-project/VerilogCam_project/software/BSP_for_real\libhal_bsp.a(alt_errno.o)
                0x0000000000043984                alt_errno
 .sdata         0x0000000000043988        0x4 C:/Users/joshn/iCloudDrive/Desktop/Uni/MTRX3700/Major-Project/mtrx3700-major-project/VerilogCam_project/software/BSP_for_real\libhal_bsp.a(alt_irq_vars.o)
                0x0000000000043988                alt_priority_mask
 .sdata         0x000000000004398c        0x8 C:/Users/joshn/iCloudDrive/Desktop/Uni/MTRX3700/Major-Project/mtrx3700-major-project/VerilogCam_project/software/BSP_for_real\libhal_bsp.a(alt_tick.o)
                0x000000000004398c                alt_alarm_list
 .sdata._global_impure_ptr
                0x0000000000043994        0x4 c:/intelfpga_lite/20.1/nios2eds/bin/gnu/h-x86_64-mingw32/bin/../lib/gcc/nios2-elf/9.2.1/../../../../../H-x86_64-mingw32/nios2-elf/lib/mno-hw-mul\libc.a(lib_a-impure.o)
                0x0000000000043994                _global_impure_ptr
 .sdata._impure_ptr
                0x0000000000043998        0x4 c:/intelfpga_lite/20.1/nios2eds/bin/gnu/h-x86_64-mingw32/bin/../lib/gcc/nios2-elf/9.2.1/../../../../../H-x86_64-mingw32/nios2-elf/lib/mno-hw-mul\libc.a(lib_a-impure.o)
                0x0000000000043998                _impure_ptr
 *(.sdata2 .sdata2.* .gnu.linkonce.s2.*)
                0x000000000004399c                . = ALIGN (0x4)
                0x000000000004399c                _edata = ABSOLUTE (.)
                [!provide]                        PROVIDE (edata = ABSOLUTE (.))
                0x000000000004399c                PROVIDE (__ram_rwdata_end = ABSOLUTE (.))
                0x000000000004399c                PROVIDE (__flash_rwdata_start = LOADADDR (.rwdata))

.bss            0x0000000000044ff4      0x120
                0x0000000000044ff4                __bss_start = ABSOLUTE (.)
                [!provide]                        PROVIDE (__sbss_start = ABSOLUTE (.))
                [!provide]                        PROVIDE (___sbss_start = ABSOLUTE (.))
 *(.dynsbss)
 *(.sbss .sbss.* .gnu.linkonce.sb.*)
 .sbss          0x0000000000044ff4        0xc C:/Users/joshn/iCloudDrive/Desktop/Uni/MTRX3700/Major-Project/mtrx3700-major-project/VerilogCam_project/software/BSP_for_real\libhal_bsp.a(alt_main.o)
                0x0000000000044ff4                alt_argc
                0x0000000000044ff8                alt_argv
                0x0000000000044ffc                alt_envp
 .sbss          0x0000000000045000        0x4 C:/Users/joshn/iCloudDrive/Desktop/Uni/MTRX3700/Major-Project/mtrx3700-major-project/VerilogCam_project/software/BSP_for_real\libhal_bsp.a(alt_irq_vars.o)
                0x0000000000045000                alt_irq_active
 .sbss          0x0000000000045004        0x8 C:/Users/joshn/iCloudDrive/Desktop/Uni/MTRX3700/Major-Project/mtrx3700-major-project/VerilogCam_project/software/BSP_for_real\libhal_bsp.a(alt_tick.o)
                0x0000000000045004                _alt_tick_rate
                0x0000000000045008                _alt_nticks
 .sbss          0x000000000004500c        0x4 C:/Users/joshn/iCloudDrive/Desktop/Uni/MTRX3700/Major-Project/mtrx3700-major-project/VerilogCam_project/software/BSP_for_real\libhal_bsp.a(alt_instruction_exception_entry.o)
                0x000000000004500c                alt_instruction_exception_handler
 .sbss          0x0000000000045010        0x4 c:/intelfpga_lite/20.1/nios2eds/bin/gnu/h-x86_64-mingw32/bin/../lib/gcc/nios2-elf/9.2.1/../../../../../H-x86_64-mingw32/nios2-elf/lib/mno-hw-mul\libc.a(lib_a-int_errno.o)
                0x0000000000045010                errno
 *(.sbss2 .sbss2.* .gnu.linkonce.sb2.*)
 *(.scommon)
                [!provide]                        PROVIDE (__sbss_end = ABSOLUTE (.))
                [!provide]                        PROVIDE (___sbss_end = ABSOLUTE (.))
 *(.dynbss)
 *(.bss .bss.* .gnu.linkonce.b.*)
 .bss           0x0000000000045014        0x0 C:/Users/joshn/iCloudDrive/Desktop/Uni/MTRX3700/Major-Project/mtrx3700-major-project/VerilogCam_project/software/BSP_for_real/obj/HAL/src/crt0.o
 .bss           0x0000000000045014        0x0 obj/default/main.o
 .bss           0x0000000000045014        0x0 C:/Users/joshn/iCloudDrive/Desktop/Uni/MTRX3700/Major-Project/mtrx3700-major-project/VerilogCam_project/software/BSP_for_real\libhal_bsp.a(alt_load.o)
 .bss           0x0000000000045014        0x0 C:/Users/joshn/iCloudDrive/Desktop/Uni/MTRX3700/Major-Project/mtrx3700-major-project/VerilogCam_project/software/BSP_for_real\libhal_bsp.a(alt_main.o)
 .bss           0x0000000000045014        0x0 C:/Users/joshn/iCloudDrive/Desktop/Uni/MTRX3700/Major-Project/mtrx3700-major-project/VerilogCam_project/software/BSP_for_real\libhal_bsp.a(alt_sys_init.o)
 .bss           0x0000000000045014        0x0 C:/Users/joshn/iCloudDrive/Desktop/Uni/MTRX3700/Major-Project/mtrx3700-major-project/VerilogCam_project/software/BSP_for_real\libhal_bsp.a(altera_avalon_jtag_uart_fd.o)
 .bss           0x0000000000045014        0x0 C:/Users/joshn/iCloudDrive/Desktop/Uni/MTRX3700/Major-Project/mtrx3700-major-project/VerilogCam_project/software/BSP_for_real\libhal_bsp.a(altera_avalon_jtag_uart_init.o)
 .bss           0x0000000000045014        0x0 C:/Users/joshn/iCloudDrive/Desktop/Uni/MTRX3700/Major-Project/mtrx3700-major-project/VerilogCam_project/software/BSP_for_real\libhal_bsp.a(altera_avalon_jtag_uart_ioctl.o)
 .bss           0x0000000000045014        0x0 C:/Users/joshn/iCloudDrive/Desktop/Uni/MTRX3700/Major-Project/mtrx3700-major-project/VerilogCam_project/software/BSP_for_real\libhal_bsp.a(altera_avalon_jtag_uart_read.o)
 .bss           0x0000000000045014        0x0 C:/Users/joshn/iCloudDrive/Desktop/Uni/MTRX3700/Major-Project/mtrx3700-major-project/VerilogCam_project/software/BSP_for_real\libhal_bsp.a(altera_avalon_jtag_uart_write.o)
 .bss           0x0000000000045014        0x0 C:/Users/joshn/iCloudDrive/Desktop/Uni/MTRX3700/Major-Project/mtrx3700-major-project/VerilogCam_project/software/BSP_for_real\libhal_bsp.a(alt_alarm_start.o)
 .bss           0x0000000000045014        0x0 C:/Users/joshn/iCloudDrive/Desktop/Uni/MTRX3700/Major-Project/mtrx3700-major-project/VerilogCam_project/software/BSP_for_real\libhal_bsp.a(alt_close.o)
 .bss           0x0000000000045014        0x0 C:/Users/joshn/iCloudDrive/Desktop/Uni/MTRX3700/Major-Project/mtrx3700-major-project/VerilogCam_project/software/BSP_for_real\libhal_bsp.a(alt_dcache_flush_all.o)
 .bss           0x0000000000045014        0x0 C:/Users/joshn/iCloudDrive/Desktop/Uni/MTRX3700/Major-Project/mtrx3700-major-project/VerilogCam_project/software/BSP_for_real\libhal_bsp.a(alt_dev.o)
 .bss           0x0000000000045014        0x0 C:/Users/joshn/iCloudDrive/Desktop/Uni/MTRX3700/Major-Project/mtrx3700-major-project/VerilogCam_project/software/BSP_for_real\libhal_bsp.a(alt_dev_llist_insert.o)
 .bss           0x0000000000045014        0x0 C:/Users/joshn/iCloudDrive/Desktop/Uni/MTRX3700/Major-Project/mtrx3700-major-project/VerilogCam_project/software/BSP_for_real\libhal_bsp.a(alt_do_ctors.o)
 .bss           0x0000000000045014        0x0 C:/Users/joshn/iCloudDrive/Desktop/Uni/MTRX3700/Major-Project/mtrx3700-major-project/VerilogCam_project/software/BSP_for_real\libhal_bsp.a(alt_do_dtors.o)
 .bss           0x0000000000045014        0x0 C:/Users/joshn/iCloudDrive/Desktop/Uni/MTRX3700/Major-Project/mtrx3700-major-project/VerilogCam_project/software/BSP_for_real\libhal_bsp.a(alt_errno.o)
 .bss           0x0000000000045014        0x0 C:/Users/joshn/iCloudDrive/Desktop/Uni/MTRX3700/Major-Project/mtrx3700-major-project/VerilogCam_project/software/BSP_for_real\libhal_bsp.a(alt_icache_flush_all.o)
 .bss           0x0000000000045014        0x0 C:/Users/joshn/iCloudDrive/Desktop/Uni/MTRX3700/Major-Project/mtrx3700-major-project/VerilogCam_project/software/BSP_for_real\libhal_bsp.a(alt_iic.o)
 .bss           0x0000000000045014        0x0 C:/Users/joshn/iCloudDrive/Desktop/Uni/MTRX3700/Major-Project/mtrx3700-major-project/VerilogCam_project/software/BSP_for_real\libhal_bsp.a(alt_iic_isr_register.o)
 .bss           0x0000000000045014        0x0 C:/Users/joshn/iCloudDrive/Desktop/Uni/MTRX3700/Major-Project/mtrx3700-major-project/VerilogCam_project/software/BSP_for_real\libhal_bsp.a(alt_io_redirect.o)
 .bss           0x0000000000045014        0x0 C:/Users/joshn/iCloudDrive/Desktop/Uni/MTRX3700/Major-Project/mtrx3700-major-project/VerilogCam_project/software/BSP_for_real\libhal_bsp.a(alt_irq_entry.o)
 .bss           0x0000000000045014        0x0 C:/Users/joshn/iCloudDrive/Desktop/Uni/MTRX3700/Major-Project/mtrx3700-major-project/VerilogCam_project/software/BSP_for_real\libhal_bsp.a(alt_irq_handler.o)
 .bss           0x0000000000045014        0x0 C:/Users/joshn/iCloudDrive/Desktop/Uni/MTRX3700/Major-Project/mtrx3700-major-project/VerilogCam_project/software/BSP_for_real\libhal_bsp.a(alt_irq_vars.o)
 .bss           0x0000000000045014        0x0 C:/Users/joshn/iCloudDrive/Desktop/Uni/MTRX3700/Major-Project/mtrx3700-major-project/VerilogCam_project/software/BSP_for_real\libhal_bsp.a(alt_open.o)
 .bss           0x0000000000045014        0x0 C:/Users/joshn/iCloudDrive/Desktop/Uni/MTRX3700/Major-Project/mtrx3700-major-project/VerilogCam_project/software/BSP_for_real\libhal_bsp.a(alt_release_fd.o)
 .bss           0x0000000000045014        0x0 C:/Users/joshn/iCloudDrive/Desktop/Uni/MTRX3700/Major-Project/mtrx3700-major-project/VerilogCam_project/software/BSP_for_real\libhal_bsp.a(alt_tick.o)
 .bss           0x0000000000045014        0x0 C:/Users/joshn/iCloudDrive/Desktop/Uni/MTRX3700/Major-Project/mtrx3700-major-project/VerilogCam_project/software/BSP_for_real\libhal_bsp.a(altera_nios2_gen2_irq.o)
 .bss           0x0000000000045014        0x0 C:/Users/joshn/iCloudDrive/Desktop/Uni/MTRX3700/Major-Project/mtrx3700-major-project/VerilogCam_project/software/BSP_for_real\libhal_bsp.a(alt_exception_entry.o)
 .bss           0x0000000000045014        0x0 C:/Users/joshn/iCloudDrive/Desktop/Uni/MTRX3700/Major-Project/mtrx3700-major-project/VerilogCam_project/software/BSP_for_real\libhal_bsp.a(alt_find_dev.o)
 .bss           0x0000000000045014        0x0 C:/Users/joshn/iCloudDrive/Desktop/Uni/MTRX3700/Major-Project/mtrx3700-major-project/VerilogCam_project/software/BSP_for_real\libhal_bsp.a(alt_find_file.o)
 .bss           0x0000000000045014        0x0 C:/Users/joshn/iCloudDrive/Desktop/Uni/MTRX3700/Major-Project/mtrx3700-major-project/VerilogCam_project/software/BSP_for_real\libhal_bsp.a(alt_get_fd.o)
 .bss           0x0000000000045014        0x0 C:/Users/joshn/iCloudDrive/Desktop/Uni/MTRX3700/Major-Project/mtrx3700-major-project/VerilogCam_project/software/BSP_for_real\libhal_bsp.a(alt_instruction_exception_entry.o)
 .bss           0x0000000000045014        0x0 c:/intelfpga_lite/20.1/nios2eds/bin/gnu/h-x86_64-mingw32/bin/../lib/gcc/nios2-elf/9.2.1/../../../../../H-x86_64-mingw32/nios2-elf/lib/mno-hw-mul\libc.a(lib_a-atexit.o)
 .bss           0x0000000000045014        0x0 c:/intelfpga_lite/20.1/nios2eds/bin/gnu/h-x86_64-mingw32/bin/../lib/gcc/nios2-elf/9.2.1/../../../../../H-x86_64-mingw32/nios2-elf/lib/mno-hw-mul\libc.a(lib_a-exit.o)
 .bss           0x0000000000045014        0x0 c:/intelfpga_lite/20.1/nios2eds/bin/gnu/h-x86_64-mingw32/bin/../lib/gcc/nios2-elf/9.2.1/../../../../../H-x86_64-mingw32/nios2-elf/lib/mno-hw-mul\libc.a(lib_a-impure.o)
 .bss           0x0000000000045014        0x0 c:/intelfpga_lite/20.1/nios2eds/bin/gnu/h-x86_64-mingw32/bin/../lib/gcc/nios2-elf/9.2.1/../../../../../H-x86_64-mingw32/nios2-elf/lib/mno-hw-mul\libc.a(lib_a-int_errno.o)
 .bss           0x0000000000045014        0x0 c:/intelfpga_lite/20.1/nios2eds/bin/gnu/h-x86_64-mingw32/bin/../lib/gcc/nios2-elf/9.2.1/../../../../../H-x86_64-mingw32/nios2-elf/lib/mno-hw-mul\libc.a(lib_a-memcmp.o)
 .bss           0x0000000000045014        0x0 c:/intelfpga_lite/20.1/nios2eds/bin/gnu/h-x86_64-mingw32/bin/../lib/gcc/nios2-elf/9.2.1/../../../../../H-x86_64-mingw32/nios2-elf/lib/mno-hw-mul\libc.a(lib_a-memcpy.o)
 .bss           0x0000000000045014        0x0 c:/intelfpga_lite/20.1/nios2eds/bin/gnu/h-x86_64-mingw32/bin/../lib/gcc/nios2-elf/9.2.1/../../../../../H-x86_64-mingw32/nios2-elf/lib/mno-hw-mul\libc.a(lib_a-strlen.o)
 .bss           0x0000000000045014        0x0 c:/intelfpga_lite/20.1/nios2eds/bin/gnu/h-x86_64-mingw32/bin/../lib/gcc/nios2-elf/9.2.1/../../../../../H-x86_64-mingw32/nios2-elf/lib/mno-hw-mul\libc.a(lib_a-__atexit.o)
 .bss           0x0000000000045014        0x0 c:/intelfpga_lite/20.1/nios2eds/bin/gnu/h-x86_64-mingw32/bin/../lib/gcc/nios2-elf/9.2.1/../../../../../H-x86_64-mingw32/nios2-elf/lib/mno-hw-mul\libc.a(lib_a-__call_atexit.o)
 .bss           0x0000000000045014        0x0 C:/Users/joshn/iCloudDrive/Desktop/Uni/MTRX3700/Major-Project/mtrx3700-major-project/VerilogCam_project/software/BSP_for_real\libhal_bsp.a(alt_exit.o)
 *(COMMON)
 COMMON         0x0000000000045014      0x100 C:/Users/joshn/iCloudDrive/Desktop/Uni/MTRX3700/Major-Project/mtrx3700-major-project/VerilogCam_project/software/BSP_for_real\libhal_bsp.a(alt_irq_handler.o)
                0x0000000000045014                alt_irq
                0x0000000000045114                . = ALIGN (0x4)
                0x0000000000045114                __bss_end = ABSOLUTE (.)

.Memory         0x0000000000045114        0x0
                [!provide]                        PROVIDE (_alt_partition_Memory_start = ABSOLUTE (.))
 *(.Memory .Memory. Memory.*)
                0x0000000000045114                . = ALIGN (0x4)
                [!provide]                        PROVIDE (_alt_partition_Memory_end = ABSOLUTE (.))
                0x0000000000045114                _end = ABSOLUTE (.)
                0x0000000000045114                end = ABSOLUTE (.)
                0x0000000000045114                __alt_stack_base = ABSOLUTE (.)
                [!provide]                        PROVIDE (_alt_partition_Memory_load_addr = LOADADDR (.Memory))

.stab
 *(.stab)

.stabstr
 *(.stabstr)

.stab.excl
 *(.stab.excl)

.stab.exclstr
 *(.stab.exclstr)

.stab.index
 *(.stab.index)

.stab.indexstr
 *(.stab.indexstr)

.comment        0x0000000000000000       0x2c
 *(.comment)
 .comment       0x0000000000000000       0x2c obj/default/main.o
                                         0x2d (size before relaxing)
 .comment       0x000000000000002c       0x2d C:/Users/joshn/iCloudDrive/Desktop/Uni/MTRX3700/Major-Project/mtrx3700-major-project/VerilogCam_project/software/BSP_for_real\libhal_bsp.a(alt_load.o)
 .comment       0x000000000000002c       0x2d C:/Users/joshn/iCloudDrive/Desktop/Uni/MTRX3700/Major-Project/mtrx3700-major-project/VerilogCam_project/software/BSP_for_real\libhal_bsp.a(alt_main.o)
 .comment       0x000000000000002c       0x2d C:/Users/joshn/iCloudDrive/Desktop/Uni/MTRX3700/Major-Project/mtrx3700-major-project/VerilogCam_project/software/BSP_for_real\libhal_bsp.a(alt_sys_init.o)
 .comment       0x000000000000002c       0x2d C:/Users/joshn/iCloudDrive/Desktop/Uni/MTRX3700/Major-Project/mtrx3700-major-project/VerilogCam_project/software/BSP_for_real\libhal_bsp.a(altera_avalon_jtag_uart_fd.o)
 .comment       0x000000000000002c       0x2d C:/Users/joshn/iCloudDrive/Desktop/Uni/MTRX3700/Major-Project/mtrx3700-major-project/VerilogCam_project/software/BSP_for_real\libhal_bsp.a(altera_avalon_jtag_uart_init.o)
 .comment       0x000000000000002c       0x2d C:/Users/joshn/iCloudDrive/Desktop/Uni/MTRX3700/Major-Project/mtrx3700-major-project/VerilogCam_project/software/BSP_for_real\libhal_bsp.a(altera_avalon_jtag_uart_ioctl.o)
 .comment       0x000000000000002c       0x2d C:/Users/joshn/iCloudDrive/Desktop/Uni/MTRX3700/Major-Project/mtrx3700-major-project/VerilogCam_project/software/BSP_for_real\libhal_bsp.a(altera_avalon_jtag_uart_read.o)
 .comment       0x000000000000002c       0x2d C:/Users/joshn/iCloudDrive/Desktop/Uni/MTRX3700/Major-Project/mtrx3700-major-project/VerilogCam_project/software/BSP_for_real\libhal_bsp.a(altera_avalon_jtag_uart_write.o)
 .comment       0x000000000000002c       0x2d C:/Users/joshn/iCloudDrive/Desktop/Uni/MTRX3700/Major-Project/mtrx3700-major-project/VerilogCam_project/software/BSP_for_real\libhal_bsp.a(alt_alarm_start.o)
 .comment       0x000000000000002c       0x2d C:/Users/joshn/iCloudDrive/Desktop/Uni/MTRX3700/Major-Project/mtrx3700-major-project/VerilogCam_project/software/BSP_for_real\libhal_bsp.a(alt_close.o)
 .comment       0x000000000000002c       0x2d C:/Users/joshn/iCloudDrive/Desktop/Uni/MTRX3700/Major-Project/mtrx3700-major-project/VerilogCam_project/software/BSP_for_real\libhal_bsp.a(alt_dcache_flush_all.o)
 .comment       0x000000000000002c       0x2d C:/Users/joshn/iCloudDrive/Desktop/Uni/MTRX3700/Major-Project/mtrx3700-major-project/VerilogCam_project/software/BSP_for_real\libhal_bsp.a(alt_dev.o)
 .comment       0x000000000000002c       0x2d C:/Users/joshn/iCloudDrive/Desktop/Uni/MTRX3700/Major-Project/mtrx3700-major-project/VerilogCam_project/software/BSP_for_real\libhal_bsp.a(alt_dev_llist_insert.o)
 .comment       0x000000000000002c       0x2d C:/Users/joshn/iCloudDrive/Desktop/Uni/MTRX3700/Major-Project/mtrx3700-major-project/VerilogCam_project/software/BSP_for_real\libhal_bsp.a(alt_do_ctors.o)
 .comment       0x000000000000002c       0x2d C:/Users/joshn/iCloudDrive/Desktop/Uni/MTRX3700/Major-Project/mtrx3700-major-project/VerilogCam_project/software/BSP_for_real\libhal_bsp.a(alt_do_dtors.o)
 .comment       0x000000000000002c       0x2d C:/Users/joshn/iCloudDrive/Desktop/Uni/MTRX3700/Major-Project/mtrx3700-major-project/VerilogCam_project/software/BSP_for_real\libhal_bsp.a(alt_errno.o)
 .comment       0x000000000000002c       0x2d C:/Users/joshn/iCloudDrive/Desktop/Uni/MTRX3700/Major-Project/mtrx3700-major-project/VerilogCam_project/software/BSP_for_real\libhal_bsp.a(alt_icache_flush_all.o)
 .comment       0x000000000000002c       0x2d C:/Users/joshn/iCloudDrive/Desktop/Uni/MTRX3700/Major-Project/mtrx3700-major-project/VerilogCam_project/software/BSP_for_real\libhal_bsp.a(alt_iic.o)
 .comment       0x000000000000002c       0x2d C:/Users/joshn/iCloudDrive/Desktop/Uni/MTRX3700/Major-Project/mtrx3700-major-project/VerilogCam_project/software/BSP_for_real\libhal_bsp.a(alt_iic_isr_register.o)
 .comment       0x000000000000002c       0x2d C:/Users/joshn/iCloudDrive/Desktop/Uni/MTRX3700/Major-Project/mtrx3700-major-project/VerilogCam_project/software/BSP_for_real\libhal_bsp.a(alt_io_redirect.o)
 .comment       0x000000000000002c       0x2d C:/Users/joshn/iCloudDrive/Desktop/Uni/MTRX3700/Major-Project/mtrx3700-major-project/VerilogCam_project/software/BSP_for_real\libhal_bsp.a(alt_irq_handler.o)
 .comment       0x000000000000002c       0x2d C:/Users/joshn/iCloudDrive/Desktop/Uni/MTRX3700/Major-Project/mtrx3700-major-project/VerilogCam_project/software/BSP_for_real\libhal_bsp.a(alt_irq_vars.o)
 .comment       0x000000000000002c       0x2d C:/Users/joshn/iCloudDrive/Desktop/Uni/MTRX3700/Major-Project/mtrx3700-major-project/VerilogCam_project/software/BSP_for_real\libhal_bsp.a(alt_open.o)
 .comment       0x000000000000002c       0x2d C:/Users/joshn/iCloudDrive/Desktop/Uni/MTRX3700/Major-Project/mtrx3700-major-project/VerilogCam_project/software/BSP_for_real\libhal_bsp.a(alt_release_fd.o)
 .comment       0x000000000000002c       0x2d C:/Users/joshn/iCloudDrive/Desktop/Uni/MTRX3700/Major-Project/mtrx3700-major-project/VerilogCam_project/software/BSP_for_real\libhal_bsp.a(alt_tick.o)
 .comment       0x000000000000002c       0x2d C:/Users/joshn/iCloudDrive/Desktop/Uni/MTRX3700/Major-Project/mtrx3700-major-project/VerilogCam_project/software/BSP_for_real\libhal_bsp.a(altera_nios2_gen2_irq.o)
 .comment       0x000000000000002c       0x2d C:/Users/joshn/iCloudDrive/Desktop/Uni/MTRX3700/Major-Project/mtrx3700-major-project/VerilogCam_project/software/BSP_for_real\libhal_bsp.a(alt_find_dev.o)
 .comment       0x000000000000002c       0x2d C:/Users/joshn/iCloudDrive/Desktop/Uni/MTRX3700/Major-Project/mtrx3700-major-project/VerilogCam_project/software/BSP_for_real\libhal_bsp.a(alt_find_file.o)
 .comment       0x000000000000002c       0x2d C:/Users/joshn/iCloudDrive/Desktop/Uni/MTRX3700/Major-Project/mtrx3700-major-project/VerilogCam_project/software/BSP_for_real\libhal_bsp.a(alt_get_fd.o)
 .comment       0x000000000000002c       0x2d C:/Users/joshn/iCloudDrive/Desktop/Uni/MTRX3700/Major-Project/mtrx3700-major-project/VerilogCam_project/software/BSP_for_real\libhal_bsp.a(alt_instruction_exception_entry.o)
 .comment       0x000000000000002c       0x2d c:/intelfpga_lite/20.1/nios2eds/bin/gnu/h-x86_64-mingw32/bin/../lib/gcc/nios2-elf/9.2.1/../../../../../H-x86_64-mingw32/nios2-elf/lib/mno-hw-mul\libc.a(lib_a-atexit.o)
 .comment       0x000000000000002c       0x2d c:/intelfpga_lite/20.1/nios2eds/bin/gnu/h-x86_64-mingw32/bin/../lib/gcc/nios2-elf/9.2.1/../../../../../H-x86_64-mingw32/nios2-elf/lib/mno-hw-mul\libc.a(lib_a-exit.o)
 .comment       0x000000000000002c       0x2d c:/intelfpga_lite/20.1/nios2eds/bin/gnu/h-x86_64-mingw32/bin/../lib/gcc/nios2-elf/9.2.1/../../../../../H-x86_64-mingw32/nios2-elf/lib/mno-hw-mul\libc.a(lib_a-impure.o)
 .comment       0x000000000000002c       0x2d c:/intelfpga_lite/20.1/nios2eds/bin/gnu/h-x86_64-mingw32/bin/../lib/gcc/nios2-elf/9.2.1/../../../../../H-x86_64-mingw32/nios2-elf/lib/mno-hw-mul\libc.a(lib_a-int_errno.o)
 .comment       0x000000000000002c       0x2d c:/intelfpga_lite/20.1/nios2eds/bin/gnu/h-x86_64-mingw32/bin/../lib/gcc/nios2-elf/9.2.1/../../../../../H-x86_64-mingw32/nios2-elf/lib/mno-hw-mul\libc.a(lib_a-memcmp.o)
 .comment       0x000000000000002c       0x2d c:/intelfpga_lite/20.1/nios2eds/bin/gnu/h-x86_64-mingw32/bin/../lib/gcc/nios2-elf/9.2.1/../../../../../H-x86_64-mingw32/nios2-elf/lib/mno-hw-mul\libc.a(lib_a-memcpy.o)
 .comment       0x000000000000002c       0x2d c:/intelfpga_lite/20.1/nios2eds/bin/gnu/h-x86_64-mingw32/bin/../lib/gcc/nios2-elf/9.2.1/../../../../../H-x86_64-mingw32/nios2-elf/lib/mno-hw-mul\libc.a(lib_a-strlen.o)
 .comment       0x000000000000002c       0x2d c:/intelfpga_lite/20.1/nios2eds/bin/gnu/h-x86_64-mingw32/bin/../lib/gcc/nios2-elf/9.2.1/../../../../../H-x86_64-mingw32/nios2-elf/lib/mno-hw-mul\libc.a(lib_a-__atexit.o)
 .comment       0x000000000000002c       0x2d c:/intelfpga_lite/20.1/nios2eds/bin/gnu/h-x86_64-mingw32/bin/../lib/gcc/nios2-elf/9.2.1/../../../../../H-x86_64-mingw32/nios2-elf/lib/mno-hw-mul\libc.a(lib_a-__call_atexit.o)
 .comment       0x000000000000002c       0x2d C:/Users/joshn/iCloudDrive/Desktop/Uni/MTRX3700/Major-Project/mtrx3700-major-project/VerilogCam_project/software/BSP_for_real\libhal_bsp.a(alt_exit.o)

.debug
 *(.debug)

.line
 *(.line)

.debug_srcinfo
 *(.debug_srcinfo)

.debug_sfnames
 *(.debug_sfnames)

.debug_aranges  0x0000000000000000      0x578
 *(.debug_aranges)
 .debug_aranges
                0x0000000000000000       0x28 C:/Users/joshn/iCloudDrive/Desktop/Uni/MTRX3700/Major-Project/mtrx3700-major-project/VerilogCam_project/software/BSP_for_real/obj/HAL/src/crt0.o
 .debug_aranges
                0x0000000000000028       0x20 C:/Users/joshn/iCloudDrive/Desktop/Uni/MTRX3700/Major-Project/mtrx3700-major-project/VerilogCam_project/software/BSP_for_real\libhal_bsp.a(alt_load.o)
 .debug_aranges
                0x0000000000000048       0x20 C:/Users/joshn/iCloudDrive/Desktop/Uni/MTRX3700/Major-Project/mtrx3700-major-project/VerilogCam_project/software/BSP_for_real\libhal_bsp.a(alt_main.o)
 .debug_aranges
                0x0000000000000068       0x20 C:/Users/joshn/iCloudDrive/Desktop/Uni/MTRX3700/Major-Project/mtrx3700-major-project/VerilogCam_project/software/BSP_for_real\libhal_bsp.a(alt_sys_init.o)
 .debug_aranges
                0x0000000000000088       0x20 C:/Users/joshn/iCloudDrive/Desktop/Uni/MTRX3700/Major-Project/mtrx3700-major-project/VerilogCam_project/software/BSP_for_real\libhal_bsp.a(altera_avalon_jtag_uart_fd.o)
 .debug_aranges
                0x00000000000000a8       0x20 C:/Users/joshn/iCloudDrive/Desktop/Uni/MTRX3700/Major-Project/mtrx3700-major-project/VerilogCam_project/software/BSP_for_real\libhal_bsp.a(altera_avalon_jtag_uart_init.o)
 .debug_aranges
                0x00000000000000c8       0x20 C:/Users/joshn/iCloudDrive/Desktop/Uni/MTRX3700/Major-Project/mtrx3700-major-project/VerilogCam_project/software/BSP_for_real\libhal_bsp.a(altera_avalon_jtag_uart_ioctl.o)
 .debug_aranges
                0x00000000000000e8       0x20 C:/Users/joshn/iCloudDrive/Desktop/Uni/MTRX3700/Major-Project/mtrx3700-major-project/VerilogCam_project/software/BSP_for_real\libhal_bsp.a(altera_avalon_jtag_uart_read.o)
 .debug_aranges
                0x0000000000000108       0x20 C:/Users/joshn/iCloudDrive/Desktop/Uni/MTRX3700/Major-Project/mtrx3700-major-project/VerilogCam_project/software/BSP_for_real\libhal_bsp.a(altera_avalon_jtag_uart_write.o)
 .debug_aranges
                0x0000000000000128       0x20 C:/Users/joshn/iCloudDrive/Desktop/Uni/MTRX3700/Major-Project/mtrx3700-major-project/VerilogCam_project/software/BSP_for_real\libhal_bsp.a(alt_alarm_start.o)
 .debug_aranges
                0x0000000000000148       0x20 C:/Users/joshn/iCloudDrive/Desktop/Uni/MTRX3700/Major-Project/mtrx3700-major-project/VerilogCam_project/software/BSP_for_real\libhal_bsp.a(alt_close.o)
 .debug_aranges
                0x0000000000000168       0x20 C:/Users/joshn/iCloudDrive/Desktop/Uni/MTRX3700/Major-Project/mtrx3700-major-project/VerilogCam_project/software/BSP_for_real\libhal_bsp.a(alt_dcache_flush_all.o)
 .debug_aranges
                0x0000000000000188       0x20 C:/Users/joshn/iCloudDrive/Desktop/Uni/MTRX3700/Major-Project/mtrx3700-major-project/VerilogCam_project/software/BSP_for_real\libhal_bsp.a(alt_dev.o)
 .debug_aranges
                0x00000000000001a8       0x20 C:/Users/joshn/iCloudDrive/Desktop/Uni/MTRX3700/Major-Project/mtrx3700-major-project/VerilogCam_project/software/BSP_for_real\libhal_bsp.a(alt_dev_llist_insert.o)
 .debug_aranges
                0x00000000000001c8       0x20 C:/Users/joshn/iCloudDrive/Desktop/Uni/MTRX3700/Major-Project/mtrx3700-major-project/VerilogCam_project/software/BSP_for_real\libhal_bsp.a(alt_do_ctors.o)
 .debug_aranges
                0x00000000000001e8       0x20 C:/Users/joshn/iCloudDrive/Desktop/Uni/MTRX3700/Major-Project/mtrx3700-major-project/VerilogCam_project/software/BSP_for_real\libhal_bsp.a(alt_do_dtors.o)
 .debug_aranges
                0x0000000000000208       0x18 C:/Users/joshn/iCloudDrive/Desktop/Uni/MTRX3700/Major-Project/mtrx3700-major-project/VerilogCam_project/software/BSP_for_real\libhal_bsp.a(alt_errno.o)
 .debug_aranges
                0x0000000000000220       0x20 C:/Users/joshn/iCloudDrive/Desktop/Uni/MTRX3700/Major-Project/mtrx3700-major-project/VerilogCam_project/software/BSP_for_real\libhal_bsp.a(alt_icache_flush_all.o)
 .debug_aranges
                0x0000000000000240       0x20 C:/Users/joshn/iCloudDrive/Desktop/Uni/MTRX3700/Major-Project/mtrx3700-major-project/VerilogCam_project/software/BSP_for_real\libhal_bsp.a(alt_iic.o)
 .debug_aranges
                0x0000000000000260       0x20 C:/Users/joshn/iCloudDrive/Desktop/Uni/MTRX3700/Major-Project/mtrx3700-major-project/VerilogCam_project/software/BSP_for_real\libhal_bsp.a(alt_iic_isr_register.o)
 .debug_aranges
                0x0000000000000280       0x20 C:/Users/joshn/iCloudDrive/Desktop/Uni/MTRX3700/Major-Project/mtrx3700-major-project/VerilogCam_project/software/BSP_for_real\libhal_bsp.a(alt_io_redirect.o)
 .debug_aranges
                0x00000000000002a0       0x30 C:/Users/joshn/iCloudDrive/Desktop/Uni/MTRX3700/Major-Project/mtrx3700-major-project/VerilogCam_project/software/BSP_for_real\libhal_bsp.a(alt_irq_entry.o)
 .debug_aranges
                0x00000000000002d0       0x20 C:/Users/joshn/iCloudDrive/Desktop/Uni/MTRX3700/Major-Project/mtrx3700-major-project/VerilogCam_project/software/BSP_for_real\libhal_bsp.a(alt_irq_handler.o)
 .debug_aranges
                0x00000000000002f0       0x18 C:/Users/joshn/iCloudDrive/Desktop/Uni/MTRX3700/Major-Project/mtrx3700-major-project/VerilogCam_project/software/BSP_for_real\libhal_bsp.a(alt_irq_vars.o)
 .debug_aranges
                0x0000000000000308       0x20 C:/Users/joshn/iCloudDrive/Desktop/Uni/MTRX3700/Major-Project/mtrx3700-major-project/VerilogCam_project/software/BSP_for_real\libhal_bsp.a(alt_open.o)
 .debug_aranges
                0x0000000000000328       0x20 C:/Users/joshn/iCloudDrive/Desktop/Uni/MTRX3700/Major-Project/mtrx3700-major-project/VerilogCam_project/software/BSP_for_real\libhal_bsp.a(alt_release_fd.o)
 .debug_aranges
                0x0000000000000348       0x20 C:/Users/joshn/iCloudDrive/Desktop/Uni/MTRX3700/Major-Project/mtrx3700-major-project/VerilogCam_project/software/BSP_for_real\libhal_bsp.a(alt_tick.o)
 .debug_aranges
                0x0000000000000368       0x20 C:/Users/joshn/iCloudDrive/Desktop/Uni/MTRX3700/Major-Project/mtrx3700-major-project/VerilogCam_project/software/BSP_for_real\libhal_bsp.a(altera_nios2_gen2_irq.o)
 .debug_aranges
                0x0000000000000388       0x38 C:/Users/joshn/iCloudDrive/Desktop/Uni/MTRX3700/Major-Project/mtrx3700-major-project/VerilogCam_project/software/BSP_for_real\libhal_bsp.a(alt_exception_entry.o)
 .debug_aranges
                0x00000000000003c0       0x20 C:/Users/joshn/iCloudDrive/Desktop/Uni/MTRX3700/Major-Project/mtrx3700-major-project/VerilogCam_project/software/BSP_for_real\libhal_bsp.a(alt_find_dev.o)
 .debug_aranges
                0x00000000000003e0       0x20 C:/Users/joshn/iCloudDrive/Desktop/Uni/MTRX3700/Major-Project/mtrx3700-major-project/VerilogCam_project/software/BSP_for_real\libhal_bsp.a(alt_find_file.o)
 .debug_aranges
                0x0000000000000400       0x20 C:/Users/joshn/iCloudDrive/Desktop/Uni/MTRX3700/Major-Project/mtrx3700-major-project/VerilogCam_project/software/BSP_for_real\libhal_bsp.a(alt_get_fd.o)
 .debug_aranges
                0x0000000000000420       0x28 C:/Users/joshn/iCloudDrive/Desktop/Uni/MTRX3700/Major-Project/mtrx3700-major-project/VerilogCam_project/software/BSP_for_real\libhal_bsp.a(alt_instruction_exception_entry.o)
 .debug_aranges
                0x0000000000000448       0x20 c:/intelfpga_lite/20.1/nios2eds/bin/gnu/h-x86_64-mingw32/bin/../lib/gcc/nios2-elf/9.2.1/../../../../../H-x86_64-mingw32/nios2-elf/lib/mno-hw-mul\libc.a(lib_a-atexit.o)
 .debug_aranges
                0x0000000000000468       0x20 c:/intelfpga_lite/20.1/nios2eds/bin/gnu/h-x86_64-mingw32/bin/../lib/gcc/nios2-elf/9.2.1/../../../../../H-x86_64-mingw32/nios2-elf/lib/mno-hw-mul\libc.a(lib_a-exit.o)
 .debug_aranges
                0x0000000000000488       0x18 c:/intelfpga_lite/20.1/nios2eds/bin/gnu/h-x86_64-mingw32/bin/../lib/gcc/nios2-elf/9.2.1/../../../../../H-x86_64-mingw32/nios2-elf/lib/mno-hw-mul\libc.a(lib_a-impure.o)
 .debug_aranges
                0x00000000000004a0       0x18 c:/intelfpga_lite/20.1/nios2eds/bin/gnu/h-x86_64-mingw32/bin/../lib/gcc/nios2-elf/9.2.1/../../../../../H-x86_64-mingw32/nios2-elf/lib/mno-hw-mul\libc.a(lib_a-int_errno.o)
 .debug_aranges
                0x00000000000004b8       0x20 c:/intelfpga_lite/20.1/nios2eds/bin/gnu/h-x86_64-mingw32/bin/../lib/gcc/nios2-elf/9.2.1/../../../../../H-x86_64-mingw32/nios2-elf/lib/mno-hw-mul\libc.a(lib_a-memcmp.o)
 .debug_aranges
                0x00000000000004d8       0x20 c:/intelfpga_lite/20.1/nios2eds/bin/gnu/h-x86_64-mingw32/bin/../lib/gcc/nios2-elf/9.2.1/../../../../../H-x86_64-mingw32/nios2-elf/lib/mno-hw-mul\libc.a(lib_a-memcpy.o)
 .debug_aranges
                0x00000000000004f8       0x20 c:/intelfpga_lite/20.1/nios2eds/bin/gnu/h-x86_64-mingw32/bin/../lib/gcc/nios2-elf/9.2.1/../../../../../H-x86_64-mingw32/nios2-elf/lib/mno-hw-mul\libc.a(lib_a-strlen.o)
 .debug_aranges
                0x0000000000000518       0x20 c:/intelfpga_lite/20.1/nios2eds/bin/gnu/h-x86_64-mingw32/bin/../lib/gcc/nios2-elf/9.2.1/../../../../../H-x86_64-mingw32/nios2-elf/lib/mno-hw-mul\libc.a(lib_a-__atexit.o)
 .debug_aranges
                0x0000000000000538       0x20 c:/intelfpga_lite/20.1/nios2eds/bin/gnu/h-x86_64-mingw32/bin/../lib/gcc/nios2-elf/9.2.1/../../../../../H-x86_64-mingw32/nios2-elf/lib/mno-hw-mul\libc.a(lib_a-__call_atexit.o)
 .debug_aranges
                0x0000000000000558       0x20 C:/Users/joshn/iCloudDrive/Desktop/Uni/MTRX3700/Major-Project/mtrx3700-major-project/VerilogCam_project/software/BSP_for_real\libhal_bsp.a(alt_exit.o)

.debug_pubnames
 *(.debug_pubnames)

.debug_info     0x0000000000000000    0x18a7b
 *(.debug_info .gnu.linkonce.wi.*)
 .debug_info    0x0000000000000000       0x22 C:/Users/joshn/iCloudDrive/Desktop/Uni/MTRX3700/Major-Project/mtrx3700-major-project/VerilogCam_project/software/BSP_for_real/obj/HAL/src/crt0.o
 .debug_info    0x0000000000000022      0x9f5 C:/Users/joshn/iCloudDrive/Desktop/Uni/MTRX3700/Major-Project/mtrx3700-major-project/VerilogCam_project/software/BSP_for_real\libhal_bsp.a(alt_load.o)
 .debug_info    0x0000000000000a17      0xe76 C:/Users/joshn/iCloudDrive/Desktop/Uni/MTRX3700/Major-Project/mtrx3700-major-project/VerilogCam_project/software/BSP_for_real\libhal_bsp.a(alt_main.o)
 .debug_info    0x000000000000188d      0xdb0 C:/Users/joshn/iCloudDrive/Desktop/Uni/MTRX3700/Major-Project/mtrx3700-major-project/VerilogCam_project/software/BSP_for_real\libhal_bsp.a(alt_sys_init.o)
 .debug_info    0x000000000000263d      0x566 C:/Users/joshn/iCloudDrive/Desktop/Uni/MTRX3700/Major-Project/mtrx3700-major-project/VerilogCam_project/software/BSP_for_real\libhal_bsp.a(altera_avalon_jtag_uart_fd.o)
 .debug_info    0x0000000000002ba3      0xce8 C:/Users/joshn/iCloudDrive/Desktop/Uni/MTRX3700/Major-Project/mtrx3700-major-project/VerilogCam_project/software/BSP_for_real\libhal_bsp.a(altera_avalon_jtag_uart_init.o)
 .debug_info    0x000000000000388b      0xb97 C:/Users/joshn/iCloudDrive/Desktop/Uni/MTRX3700/Major-Project/mtrx3700-major-project/VerilogCam_project/software/BSP_for_real\libhal_bsp.a(altera_avalon_jtag_uart_ioctl.o)
 .debug_info    0x0000000000004422      0xc54 C:/Users/joshn/iCloudDrive/Desktop/Uni/MTRX3700/Major-Project/mtrx3700-major-project/VerilogCam_project/software/BSP_for_real\libhal_bsp.a(altera_avalon_jtag_uart_read.o)
 .debug_info    0x0000000000005076      0xc4a C:/Users/joshn/iCloudDrive/Desktop/Uni/MTRX3700/Major-Project/mtrx3700-major-project/VerilogCam_project/software/BSP_for_real\libhal_bsp.a(altera_avalon_jtag_uart_write.o)
 .debug_info    0x0000000000005cc0      0xba4 C:/Users/joshn/iCloudDrive/Desktop/Uni/MTRX3700/Major-Project/mtrx3700-major-project/VerilogCam_project/software/BSP_for_real\libhal_bsp.a(alt_alarm_start.o)
 .debug_info    0x0000000000006864      0xc60 C:/Users/joshn/iCloudDrive/Desktop/Uni/MTRX3700/Major-Project/mtrx3700-major-project/VerilogCam_project/software/BSP_for_real\libhal_bsp.a(alt_close.o)
 .debug_info    0x00000000000074c4      0x934 C:/Users/joshn/iCloudDrive/Desktop/Uni/MTRX3700/Major-Project/mtrx3700-major-project/VerilogCam_project/software/BSP_for_real\libhal_bsp.a(alt_dcache_flush_all.o)
 .debug_info    0x0000000000007df8      0xe95 C:/Users/joshn/iCloudDrive/Desktop/Uni/MTRX3700/Major-Project/mtrx3700-major-project/VerilogCam_project/software/BSP_for_real\libhal_bsp.a(alt_dev.o)
 .debug_info    0x0000000000008c8d      0xa6e C:/Users/joshn/iCloudDrive/Desktop/Uni/MTRX3700/Major-Project/mtrx3700-major-project/VerilogCam_project/software/BSP_for_real\libhal_bsp.a(alt_dev_llist_insert.o)
 .debug_info    0x00000000000096fb       0x88 C:/Users/joshn/iCloudDrive/Desktop/Uni/MTRX3700/Major-Project/mtrx3700-major-project/VerilogCam_project/software/BSP_for_real\libhal_bsp.a(alt_do_ctors.o)
 .debug_info    0x0000000000009783       0x88 C:/Users/joshn/iCloudDrive/Desktop/Uni/MTRX3700/Major-Project/mtrx3700-major-project/VerilogCam_project/software/BSP_for_real\libhal_bsp.a(alt_do_dtors.o)
 .debug_info    0x000000000000980b      0x972 C:/Users/joshn/iCloudDrive/Desktop/Uni/MTRX3700/Major-Project/mtrx3700-major-project/VerilogCam_project/software/BSP_for_real\libhal_bsp.a(alt_errno.o)
 .debug_info    0x000000000000a17d      0x934 C:/Users/joshn/iCloudDrive/Desktop/Uni/MTRX3700/Major-Project/mtrx3700-major-project/VerilogCam_project/software/BSP_for_real\libhal_bsp.a(alt_icache_flush_all.o)
 .debug_info    0x000000000000aab1      0xbf3 C:/Users/joshn/iCloudDrive/Desktop/Uni/MTRX3700/Major-Project/mtrx3700-major-project/VerilogCam_project/software/BSP_for_real\libhal_bsp.a(alt_iic.o)
 .debug_info    0x000000000000b6a4      0xab7 C:/Users/joshn/iCloudDrive/Desktop/Uni/MTRX3700/Major-Project/mtrx3700-major-project/VerilogCam_project/software/BSP_for_real\libhal_bsp.a(alt_iic_isr_register.o)
 .debug_info    0x000000000000c15b      0xe75 C:/Users/joshn/iCloudDrive/Desktop/Uni/MTRX3700/Major-Project/mtrx3700-major-project/VerilogCam_project/software/BSP_for_real\libhal_bsp.a(alt_io_redirect.o)
 .debug_info    0x000000000000cfd0       0x22 C:/Users/joshn/iCloudDrive/Desktop/Uni/MTRX3700/Major-Project/mtrx3700-major-project/VerilogCam_project/software/BSP_for_real\libhal_bsp.a(alt_irq_entry.o)
 .debug_info    0x000000000000cff2      0xa3c C:/Users/joshn/iCloudDrive/Desktop/Uni/MTRX3700/Major-Project/mtrx3700-major-project/VerilogCam_project/software/BSP_for_real\libhal_bsp.a(alt_irq_handler.o)
 .debug_info    0x000000000000da2e       0x8b C:/Users/joshn/iCloudDrive/Desktop/Uni/MTRX3700/Major-Project/mtrx3700-major-project/VerilogCam_project/software/BSP_for_real\libhal_bsp.a(alt_irq_vars.o)
 .debug_info    0x000000000000dab9      0xc9f C:/Users/joshn/iCloudDrive/Desktop/Uni/MTRX3700/Major-Project/mtrx3700-major-project/VerilogCam_project/software/BSP_for_real\libhal_bsp.a(alt_open.o)
 .debug_info    0x000000000000e758      0x2e9 C:/Users/joshn/iCloudDrive/Desktop/Uni/MTRX3700/Major-Project/mtrx3700-major-project/VerilogCam_project/software/BSP_for_real\libhal_bsp.a(alt_release_fd.o)
 .debug_info    0x000000000000ea41      0xb84 C:/Users/joshn/iCloudDrive/Desktop/Uni/MTRX3700/Major-Project/mtrx3700-major-project/VerilogCam_project/software/BSP_for_real\libhal_bsp.a(alt_tick.o)
 .debug_info    0x000000000000f5c5      0x955 C:/Users/joshn/iCloudDrive/Desktop/Uni/MTRX3700/Major-Project/mtrx3700-major-project/VerilogCam_project/software/BSP_for_real\libhal_bsp.a(altera_nios2_gen2_irq.o)
 .debug_info    0x000000000000ff1a       0x22 C:/Users/joshn/iCloudDrive/Desktop/Uni/MTRX3700/Major-Project/mtrx3700-major-project/VerilogCam_project/software/BSP_for_real\libhal_bsp.a(alt_exception_entry.o)
 .debug_info    0x000000000000ff3c      0xbb2 C:/Users/joshn/iCloudDrive/Desktop/Uni/MTRX3700/Major-Project/mtrx3700-major-project/VerilogCam_project/software/BSP_for_real\libhal_bsp.a(alt_find_dev.o)
 .debug_info    0x0000000000010aee      0xba3 C:/Users/joshn/iCloudDrive/Desktop/Uni/MTRX3700/Major-Project/mtrx3700-major-project/VerilogCam_project/software/BSP_for_real\libhal_bsp.a(alt_find_file.o)
 .debug_info    0x0000000000011691      0xbea C:/Users/joshn/iCloudDrive/Desktop/Uni/MTRX3700/Major-Project/mtrx3700-major-project/VerilogCam_project/software/BSP_for_real\libhal_bsp.a(alt_get_fd.o)
 .debug_info    0x000000000001227b      0x1f1 C:/Users/joshn/iCloudDrive/Desktop/Uni/MTRX3700/Major-Project/mtrx3700-major-project/VerilogCam_project/software/BSP_for_real\libhal_bsp.a(alt_instruction_exception_entry.o)
 .debug_info    0x000000000001246c      0x9a1 c:/intelfpga_lite/20.1/nios2eds/bin/gnu/h-x86_64-mingw32/bin/../lib/gcc/nios2-elf/9.2.1/../../../../../H-x86_64-mingw32/nios2-elf/lib/mno-hw-mul\libc.a(lib_a-atexit.o)
 .debug_info    0x0000000000012e0d      0x9dc c:/intelfpga_lite/20.1/nios2eds/bin/gnu/h-x86_64-mingw32/bin/../lib/gcc/nios2-elf/9.2.1/../../../../../H-x86_64-mingw32/nios2-elf/lib/mno-hw-mul\libc.a(lib_a-exit.o)
 .debug_info    0x00000000000137e9      0x936 c:/intelfpga_lite/20.1/nios2eds/bin/gnu/h-x86_64-mingw32/bin/../lib/gcc/nios2-elf/9.2.1/../../../../../H-x86_64-mingw32/nios2-elf/lib/mno-hw-mul\libc.a(lib_a-impure.o)
 .debug_info    0x000000000001411f      0x92c c:/intelfpga_lite/20.1/nios2eds/bin/gnu/h-x86_64-mingw32/bin/../lib/gcc/nios2-elf/9.2.1/../../../../../H-x86_64-mingw32/nios2-elf/lib/mno-hw-mul\libc.a(lib_a-int_errno.o)
 .debug_info    0x0000000000014a4b      0x9ce c:/intelfpga_lite/20.1/nios2eds/bin/gnu/h-x86_64-mingw32/bin/../lib/gcc/nios2-elf/9.2.1/../../../../../H-x86_64-mingw32/nios2-elf/lib/mno-hw-mul\libc.a(lib_a-memcmp.o)
 .debug_info    0x0000000000015419      0xf47 c:/intelfpga_lite/20.1/nios2eds/bin/gnu/h-x86_64-mingw32/bin/../lib/gcc/nios2-elf/9.2.1/../../../../../H-x86_64-mingw32/nios2-elf/lib/mno-hw-mul\libc.a(lib_a-memcpy.o)
 .debug_info    0x0000000000016360      0x97f c:/intelfpga_lite/20.1/nios2eds/bin/gnu/h-x86_64-mingw32/bin/../lib/gcc/nios2-elf/9.2.1/../../../../../H-x86_64-mingw32/nios2-elf/lib/mno-hw-mul\libc.a(lib_a-strlen.o)
 .debug_info    0x0000000000016cdf      0x9db c:/intelfpga_lite/20.1/nios2eds/bin/gnu/h-x86_64-mingw32/bin/../lib/gcc/nios2-elf/9.2.1/../../../../../H-x86_64-mingw32/nios2-elf/lib/mno-hw-mul\libc.a(lib_a-__atexit.o)
 .debug_info    0x00000000000176ba      0xa17 c:/intelfpga_lite/20.1/nios2eds/bin/gnu/h-x86_64-mingw32/bin/../lib/gcc/nios2-elf/9.2.1/../../../../../H-x86_64-mingw32/nios2-elf/lib/mno-hw-mul\libc.a(lib_a-__call_atexit.o)
 .debug_info    0x00000000000180d1      0x9aa C:/Users/joshn/iCloudDrive/Desktop/Uni/MTRX3700/Major-Project/mtrx3700-major-project/VerilogCam_project/software/BSP_for_real\libhal_bsp.a(alt_exit.o)

.debug_abbrev   0x0000000000000000     0x51ff
 *(.debug_abbrev)
 .debug_abbrev  0x0000000000000000       0x12 C:/Users/joshn/iCloudDrive/Desktop/Uni/MTRX3700/Major-Project/mtrx3700-major-project/VerilogCam_project/software/BSP_for_real/obj/HAL/src/crt0.o
 .debug_abbrev  0x0000000000000012      0x21c C:/Users/joshn/iCloudDrive/Desktop/Uni/MTRX3700/Major-Project/mtrx3700-major-project/VerilogCam_project/software/BSP_for_real\libhal_bsp.a(alt_load.o)
 .debug_abbrev  0x000000000000022e      0x21e C:/Users/joshn/iCloudDrive/Desktop/Uni/MTRX3700/Major-Project/mtrx3700-major-project/VerilogCam_project/software/BSP_for_real\libhal_bsp.a(alt_main.o)
 .debug_abbrev  0x000000000000044c      0x287 C:/Users/joshn/iCloudDrive/Desktop/Uni/MTRX3700/Major-Project/mtrx3700-major-project/VerilogCam_project/software/BSP_for_real\libhal_bsp.a(alt_sys_init.o)
 .debug_abbrev  0x00000000000006d3      0x159 C:/Users/joshn/iCloudDrive/Desktop/Uni/MTRX3700/Major-Project/mtrx3700-major-project/VerilogCam_project/software/BSP_for_real\libhal_bsp.a(altera_avalon_jtag_uart_fd.o)
 .debug_abbrev  0x000000000000082c      0x2ce C:/Users/joshn/iCloudDrive/Desktop/Uni/MTRX3700/Major-Project/mtrx3700-major-project/VerilogCam_project/software/BSP_for_real\libhal_bsp.a(altera_avalon_jtag_uart_init.o)
 .debug_abbrev  0x0000000000000afa      0x235 C:/Users/joshn/iCloudDrive/Desktop/Uni/MTRX3700/Major-Project/mtrx3700-major-project/VerilogCam_project/software/BSP_for_real\libhal_bsp.a(altera_avalon_jtag_uart_ioctl.o)
 .debug_abbrev  0x0000000000000d2f      0x2d3 C:/Users/joshn/iCloudDrive/Desktop/Uni/MTRX3700/Major-Project/mtrx3700-major-project/VerilogCam_project/software/BSP_for_real\libhal_bsp.a(altera_avalon_jtag_uart_read.o)
 .debug_abbrev  0x0000000000001002      0x2ca C:/Users/joshn/iCloudDrive/Desktop/Uni/MTRX3700/Major-Project/mtrx3700-major-project/VerilogCam_project/software/BSP_for_real\libhal_bsp.a(altera_avalon_jtag_uart_write.o)
 .debug_abbrev  0x00000000000012cc      0x2c3 C:/Users/joshn/iCloudDrive/Desktop/Uni/MTRX3700/Major-Project/mtrx3700-major-project/VerilogCam_project/software/BSP_for_real\libhal_bsp.a(alt_alarm_start.o)
 .debug_abbrev  0x000000000000158f      0x23f C:/Users/joshn/iCloudDrive/Desktop/Uni/MTRX3700/Major-Project/mtrx3700-major-project/VerilogCam_project/software/BSP_for_real\libhal_bsp.a(alt_close.o)
 .debug_abbrev  0x00000000000017ce      0x1e0 C:/Users/joshn/iCloudDrive/Desktop/Uni/MTRX3700/Major-Project/mtrx3700-major-project/VerilogCam_project/software/BSP_for_real\libhal_bsp.a(alt_dcache_flush_all.o)
 .debug_abbrev  0x00000000000019ae      0x212 C:/Users/joshn/iCloudDrive/Desktop/Uni/MTRX3700/Major-Project/mtrx3700-major-project/VerilogCam_project/software/BSP_for_real\libhal_bsp.a(alt_dev.o)
 .debug_abbrev  0x0000000000001bc0      0x268 C:/Users/joshn/iCloudDrive/Desktop/Uni/MTRX3700/Major-Project/mtrx3700-major-project/VerilogCam_project/software/BSP_for_real\libhal_bsp.a(alt_dev_llist_insert.o)
 .debug_abbrev  0x0000000000001e28       0x81 C:/Users/joshn/iCloudDrive/Desktop/Uni/MTRX3700/Major-Project/mtrx3700-major-project/VerilogCam_project/software/BSP_for_real\libhal_bsp.a(alt_do_ctors.o)
 .debug_abbrev  0x0000000000001ea9       0x81 C:/Users/joshn/iCloudDrive/Desktop/Uni/MTRX3700/Major-Project/mtrx3700-major-project/VerilogCam_project/software/BSP_for_real\libhal_bsp.a(alt_do_dtors.o)
 .debug_abbrev  0x0000000000001f2a      0x1df C:/Users/joshn/iCloudDrive/Desktop/Uni/MTRX3700/Major-Project/mtrx3700-major-project/VerilogCam_project/software/BSP_for_real\libhal_bsp.a(alt_errno.o)
 .debug_abbrev  0x0000000000002109      0x1e0 C:/Users/joshn/iCloudDrive/Desktop/Uni/MTRX3700/Major-Project/mtrx3700-major-project/VerilogCam_project/software/BSP_for_real\libhal_bsp.a(alt_icache_flush_all.o)
 .debug_abbrev  0x00000000000022e9      0x2e8 C:/Users/joshn/iCloudDrive/Desktop/Uni/MTRX3700/Major-Project/mtrx3700-major-project/VerilogCam_project/software/BSP_for_real\libhal_bsp.a(alt_iic.o)
 .debug_abbrev  0x00000000000025d1      0x2a7 C:/Users/joshn/iCloudDrive/Desktop/Uni/MTRX3700/Major-Project/mtrx3700-major-project/VerilogCam_project/software/BSP_for_real\libhal_bsp.a(alt_iic_isr_register.o)
 .debug_abbrev  0x0000000000002878      0x232 C:/Users/joshn/iCloudDrive/Desktop/Uni/MTRX3700/Major-Project/mtrx3700-major-project/VerilogCam_project/software/BSP_for_real\libhal_bsp.a(alt_io_redirect.o)
 .debug_abbrev  0x0000000000002aaa       0x12 C:/Users/joshn/iCloudDrive/Desktop/Uni/MTRX3700/Major-Project/mtrx3700-major-project/VerilogCam_project/software/BSP_for_real\libhal_bsp.a(alt_irq_entry.o)
 .debug_abbrev  0x0000000000002abc      0x26b C:/Users/joshn/iCloudDrive/Desktop/Uni/MTRX3700/Major-Project/mtrx3700-major-project/VerilogCam_project/software/BSP_for_real\libhal_bsp.a(alt_irq_handler.o)
 .debug_abbrev  0x0000000000002d27       0x44 C:/Users/joshn/iCloudDrive/Desktop/Uni/MTRX3700/Major-Project/mtrx3700-major-project/VerilogCam_project/software/BSP_for_real\libhal_bsp.a(alt_irq_vars.o)
 .debug_abbrev  0x0000000000002d6b      0x26c C:/Users/joshn/iCloudDrive/Desktop/Uni/MTRX3700/Major-Project/mtrx3700-major-project/VerilogCam_project/software/BSP_for_real\libhal_bsp.a(alt_open.o)
 .debug_abbrev  0x0000000000002fd7       0xea C:/Users/joshn/iCloudDrive/Desktop/Uni/MTRX3700/Major-Project/mtrx3700-major-project/VerilogCam_project/software/BSP_for_real\libhal_bsp.a(alt_release_fd.o)
 .debug_abbrev  0x00000000000030c1      0x2b5 C:/Users/joshn/iCloudDrive/Desktop/Uni/MTRX3700/Major-Project/mtrx3700-major-project/VerilogCam_project/software/BSP_for_real\libhal_bsp.a(alt_tick.o)
 .debug_abbrev  0x0000000000003376      0x1e5 C:/Users/joshn/iCloudDrive/Desktop/Uni/MTRX3700/Major-Project/mtrx3700-major-project/VerilogCam_project/software/BSP_for_real\libhal_bsp.a(altera_nios2_gen2_irq.o)
 .debug_abbrev  0x000000000000355b       0x12 C:/Users/joshn/iCloudDrive/Desktop/Uni/MTRX3700/Major-Project/mtrx3700-major-project/VerilogCam_project/software/BSP_for_real\libhal_bsp.a(alt_exception_entry.o)
 .debug_abbrev  0x000000000000356d      0x21a C:/Users/joshn/iCloudDrive/Desktop/Uni/MTRX3700/Major-Project/mtrx3700-major-project/VerilogCam_project/software/BSP_for_real\libhal_bsp.a(alt_find_dev.o)
 .debug_abbrev  0x0000000000003787      0x21a C:/Users/joshn/iCloudDrive/Desktop/Uni/MTRX3700/Major-Project/mtrx3700-major-project/VerilogCam_project/software/BSP_for_real\libhal_bsp.a(alt_find_file.o)
 .debug_abbrev  0x00000000000039a1      0x22d C:/Users/joshn/iCloudDrive/Desktop/Uni/MTRX3700/Major-Project/mtrx3700-major-project/VerilogCam_project/software/BSP_for_real\libhal_bsp.a(alt_get_fd.o)
 .debug_abbrev  0x0000000000003bce       0xea C:/Users/joshn/iCloudDrive/Desktop/Uni/MTRX3700/Major-Project/mtrx3700-major-project/VerilogCam_project/software/BSP_for_real\libhal_bsp.a(alt_instruction_exception_entry.o)
 .debug_abbrev  0x0000000000003cb8      0x243 c:/intelfpga_lite/20.1/nios2eds/bin/gnu/h-x86_64-mingw32/bin/../lib/gcc/nios2-elf/9.2.1/../../../../../H-x86_64-mingw32/nios2-elf/lib/mno-hw-mul\libc.a(lib_a-atexit.o)
 .debug_abbrev  0x0000000000003efb      0x230 c:/intelfpga_lite/20.1/nios2eds/bin/gnu/h-x86_64-mingw32/bin/../lib/gcc/nios2-elf/9.2.1/../../../../../H-x86_64-mingw32/nios2-elf/lib/mno-hw-mul\libc.a(lib_a-exit.o)
 .debug_abbrev  0x000000000000412b      0x1c9 c:/intelfpga_lite/20.1/nios2eds/bin/gnu/h-x86_64-mingw32/bin/../lib/gcc/nios2-elf/9.2.1/../../../../../H-x86_64-mingw32/nios2-elf/lib/mno-hw-mul\libc.a(lib_a-impure.o)
 .debug_abbrev  0x00000000000042f4      0x1d5 c:/intelfpga_lite/20.1/nios2eds/bin/gnu/h-x86_64-mingw32/bin/../lib/gcc/nios2-elf/9.2.1/../../../../../H-x86_64-mingw32/nios2-elf/lib/mno-hw-mul\libc.a(lib_a-int_errno.o)
 .debug_abbrev  0x00000000000044c9      0x1fe c:/intelfpga_lite/20.1/nios2eds/bin/gnu/h-x86_64-mingw32/bin/../lib/gcc/nios2-elf/9.2.1/../../../../../H-x86_64-mingw32/nios2-elf/lib/mno-hw-mul\libc.a(lib_a-memcmp.o)
 .debug_abbrev  0x00000000000046c7      0x223 c:/intelfpga_lite/20.1/nios2eds/bin/gnu/h-x86_64-mingw32/bin/../lib/gcc/nios2-elf/9.2.1/../../../../../H-x86_64-mingw32/nios2-elf/lib/mno-hw-mul\libc.a(lib_a-memcpy.o)
 .debug_abbrev  0x00000000000048ea      0x1f9 c:/intelfpga_lite/20.1/nios2eds/bin/gnu/h-x86_64-mingw32/bin/../lib/gcc/nios2-elf/9.2.1/../../../../../H-x86_64-mingw32/nios2-elf/lib/mno-hw-mul\libc.a(lib_a-strlen.o)
 .debug_abbrev  0x0000000000004ae3      0x263 c:/intelfpga_lite/20.1/nios2eds/bin/gnu/h-x86_64-mingw32/bin/../lib/gcc/nios2-elf/9.2.1/../../../../../H-x86_64-mingw32/nios2-elf/lib/mno-hw-mul\libc.a(lib_a-__atexit.o)
 .debug_abbrev  0x0000000000004d46      0x26c c:/intelfpga_lite/20.1/nios2eds/bin/gnu/h-x86_64-mingw32/bin/../lib/gcc/nios2-elf/9.2.1/../../../../../H-x86_64-mingw32/nios2-elf/lib/mno-hw-mul\libc.a(lib_a-__call_atexit.o)
 .debug_abbrev  0x0000000000004fb2      0x24d C:/Users/joshn/iCloudDrive/Desktop/Uni/MTRX3700/Major-Project/mtrx3700-major-project/VerilogCam_project/software/BSP_for_real\libhal_bsp.a(alt_exit.o)

.debug_line     0x0000000000000000     0x4f20
 *(.debug_line)
 .debug_line    0x0000000000000000       0x66 C:/Users/joshn/iCloudDrive/Desktop/Uni/MTRX3700/Major-Project/mtrx3700-major-project/VerilogCam_project/software/BSP_for_real/obj/HAL/src/crt0.o
 .debug_line    0x0000000000000066        0x0 obj/default/main.o
 .debug_line    0x0000000000000066      0x1d2 C:/Users/joshn/iCloudDrive/Desktop/Uni/MTRX3700/Major-Project/mtrx3700-major-project/VerilogCam_project/software/BSP_for_real\libhal_bsp.a(alt_load.o)
 .debug_line    0x0000000000000238      0x2bc C:/Users/joshn/iCloudDrive/Desktop/Uni/MTRX3700/Major-Project/mtrx3700-major-project/VerilogCam_project/software/BSP_for_real\libhal_bsp.a(alt_main.o)
 .debug_line    0x00000000000004f4      0x225 C:/Users/joshn/iCloudDrive/Desktop/Uni/MTRX3700/Major-Project/mtrx3700-major-project/VerilogCam_project/software/BSP_for_real\libhal_bsp.a(alt_sys_init.o)
 .debug_line    0x0000000000000719      0x149 C:/Users/joshn/iCloudDrive/Desktop/Uni/MTRX3700/Major-Project/mtrx3700-major-project/VerilogCam_project/software/BSP_for_real\libhal_bsp.a(altera_avalon_jtag_uart_fd.o)
 .debug_line    0x0000000000000862      0x390 C:/Users/joshn/iCloudDrive/Desktop/Uni/MTRX3700/Major-Project/mtrx3700-major-project/VerilogCam_project/software/BSP_for_real\libhal_bsp.a(altera_avalon_jtag_uart_init.o)
 .debug_line    0x0000000000000bf2      0x289 C:/Users/joshn/iCloudDrive/Desktop/Uni/MTRX3700/Major-Project/mtrx3700-major-project/VerilogCam_project/software/BSP_for_real\libhal_bsp.a(altera_avalon_jtag_uart_ioctl.o)
 .debug_line    0x0000000000000e7b      0x306 C:/Users/joshn/iCloudDrive/Desktop/Uni/MTRX3700/Major-Project/mtrx3700-major-project/VerilogCam_project/software/BSP_for_real\libhal_bsp.a(altera_avalon_jtag_uart_read.o)
 .debug_line    0x0000000000001181      0x30b C:/Users/joshn/iCloudDrive/Desktop/Uni/MTRX3700/Major-Project/mtrx3700-major-project/VerilogCam_project/software/BSP_for_real\libhal_bsp.a(altera_avalon_jtag_uart_write.o)
 .debug_line    0x000000000000148c      0x218 C:/Users/joshn/iCloudDrive/Desktop/Uni/MTRX3700/Major-Project/mtrx3700-major-project/VerilogCam_project/software/BSP_for_real\libhal_bsp.a(alt_alarm_start.o)
 .debug_line    0x00000000000016a4      0x23e C:/Users/joshn/iCloudDrive/Desktop/Uni/MTRX3700/Major-Project/mtrx3700-major-project/VerilogCam_project/software/BSP_for_real\libhal_bsp.a(alt_close.o)
 .debug_line    0x00000000000018e2      0x17f C:/Users/joshn/iCloudDrive/Desktop/Uni/MTRX3700/Major-Project/mtrx3700-major-project/VerilogCam_project/software/BSP_for_real\libhal_bsp.a(alt_dcache_flush_all.o)
 .debug_line    0x0000000000001a61      0x285 C:/Users/joshn/iCloudDrive/Desktop/Uni/MTRX3700/Major-Project/mtrx3700-major-project/VerilogCam_project/software/BSP_for_real\libhal_bsp.a(alt_dev.o)
 .debug_line    0x0000000000001ce6      0x1e6 C:/Users/joshn/iCloudDrive/Desktop/Uni/MTRX3700/Major-Project/mtrx3700-major-project/VerilogCam_project/software/BSP_for_real\libhal_bsp.a(alt_dev_llist_insert.o)
 .debug_line    0x0000000000001ecc       0x66 C:/Users/joshn/iCloudDrive/Desktop/Uni/MTRX3700/Major-Project/mtrx3700-major-project/VerilogCam_project/software/BSP_for_real\libhal_bsp.a(alt_do_ctors.o)
 .debug_line    0x0000000000001f32       0x66 C:/Users/joshn/iCloudDrive/Desktop/Uni/MTRX3700/Major-Project/mtrx3700-major-project/VerilogCam_project/software/BSP_for_real\libhal_bsp.a(alt_do_dtors.o)
 .debug_line    0x0000000000001f98      0x131 C:/Users/joshn/iCloudDrive/Desktop/Uni/MTRX3700/Major-Project/mtrx3700-major-project/VerilogCam_project/software/BSP_for_real\libhal_bsp.a(alt_errno.o)
 .debug_line    0x00000000000020c9      0x17d C:/Users/joshn/iCloudDrive/Desktop/Uni/MTRX3700/Major-Project/mtrx3700-major-project/VerilogCam_project/software/BSP_for_real\libhal_bsp.a(alt_icache_flush_all.o)
 .debug_line    0x0000000000002246      0x203 C:/Users/joshn/iCloudDrive/Desktop/Uni/MTRX3700/Major-Project/mtrx3700-major-project/VerilogCam_project/software/BSP_for_real\libhal_bsp.a(alt_iic.o)
 .debug_line    0x0000000000002449      0x1dc C:/Users/joshn/iCloudDrive/Desktop/Uni/MTRX3700/Major-Project/mtrx3700-major-project/VerilogCam_project/software/BSP_for_real\libhal_bsp.a(alt_iic_isr_register.o)
 .debug_line    0x0000000000002625      0x2ad C:/Users/joshn/iCloudDrive/Desktop/Uni/MTRX3700/Major-Project/mtrx3700-major-project/VerilogCam_project/software/BSP_for_real\libhal_bsp.a(alt_io_redirect.o)
 .debug_line    0x00000000000028d2       0x6b C:/Users/joshn/iCloudDrive/Desktop/Uni/MTRX3700/Major-Project/mtrx3700-major-project/VerilogCam_project/software/BSP_for_real\libhal_bsp.a(alt_irq_entry.o)
 .debug_line    0x000000000000293d      0x1b4 C:/Users/joshn/iCloudDrive/Desktop/Uni/MTRX3700/Major-Project/mtrx3700-major-project/VerilogCam_project/software/BSP_for_real\libhal_bsp.a(alt_irq_handler.o)
 .debug_line    0x0000000000002af1       0x50 C:/Users/joshn/iCloudDrive/Desktop/Uni/MTRX3700/Major-Project/mtrx3700-major-project/VerilogCam_project/software/BSP_for_real\libhal_bsp.a(alt_irq_vars.o)
 .debug_line    0x0000000000002b41      0x281 C:/Users/joshn/iCloudDrive/Desktop/Uni/MTRX3700/Major-Project/mtrx3700-major-project/VerilogCam_project/software/BSP_for_real\libhal_bsp.a(alt_open.o)
 .debug_line    0x0000000000002dc2       0xb6 C:/Users/joshn/iCloudDrive/Desktop/Uni/MTRX3700/Major-Project/mtrx3700-major-project/VerilogCam_project/software/BSP_for_real\libhal_bsp.a(alt_release_fd.o)
 .debug_line    0x0000000000002e78      0x240 C:/Users/joshn/iCloudDrive/Desktop/Uni/MTRX3700/Major-Project/mtrx3700-major-project/VerilogCam_project/software/BSP_for_real\libhal_bsp.a(alt_tick.o)
 .debug_line    0x00000000000030b8      0x137 C:/Users/joshn/iCloudDrive/Desktop/Uni/MTRX3700/Major-Project/mtrx3700-major-project/VerilogCam_project/software/BSP_for_real\libhal_bsp.a(altera_nios2_gen2_irq.o)
 .debug_line    0x00000000000031ef       0xb3 C:/Users/joshn/iCloudDrive/Desktop/Uni/MTRX3700/Major-Project/mtrx3700-major-project/VerilogCam_project/software/BSP_for_real\libhal_bsp.a(alt_exception_entry.o)
 .debug_line    0x00000000000032a2      0x1aa C:/Users/joshn/iCloudDrive/Desktop/Uni/MTRX3700/Major-Project/mtrx3700-major-project/VerilogCam_project/software/BSP_for_real\libhal_bsp.a(alt_find_dev.o)
 .debug_line    0x000000000000344c      0x1d8 C:/Users/joshn/iCloudDrive/Desktop/Uni/MTRX3700/Major-Project/mtrx3700-major-project/VerilogCam_project/software/BSP_for_real\libhal_bsp.a(alt_find_file.o)
 .debug_line    0x0000000000003624      0x1db C:/Users/joshn/iCloudDrive/Desktop/Uni/MTRX3700/Major-Project/mtrx3700-major-project/VerilogCam_project/software/BSP_for_real\libhal_bsp.a(alt_get_fd.o)
 .debug_line    0x00000000000037ff       0xd3 C:/Users/joshn/iCloudDrive/Desktop/Uni/MTRX3700/Major-Project/mtrx3700-major-project/VerilogCam_project/software/BSP_for_real\libhal_bsp.a(alt_instruction_exception_entry.o)
 .debug_line    0x00000000000038d2      0x201 c:/intelfpga_lite/20.1/nios2eds/bin/gnu/h-x86_64-mingw32/bin/../lib/gcc/nios2-elf/9.2.1/../../../../../H-x86_64-mingw32/nios2-elf/lib/mno-hw-mul\libc.a(lib_a-atexit.o)
 .debug_line    0x0000000000003ad3      0x229 c:/intelfpga_lite/20.1/nios2eds/bin/gnu/h-x86_64-mingw32/bin/../lib/gcc/nios2-elf/9.2.1/../../../../../H-x86_64-mingw32/nios2-elf/lib/mno-hw-mul\libc.a(lib_a-exit.o)
 .debug_line    0x0000000000003cfc      0x166 c:/intelfpga_lite/20.1/nios2eds/bin/gnu/h-x86_64-mingw32/bin/../lib/gcc/nios2-elf/9.2.1/../../../../../H-x86_64-mingw32/nios2-elf/lib/mno-hw-mul\libc.a(lib_a-impure.o)
 .debug_line    0x0000000000003e62      0x1d8 c:/intelfpga_lite/20.1/nios2eds/bin/gnu/h-x86_64-mingw32/bin/../lib/gcc/nios2-elf/9.2.1/../../../../../H-x86_64-mingw32/nios2-elf/lib/mno-hw-mul\libc.a(lib_a-int_errno.o)
 .debug_line    0x000000000000403a      0x26d c:/intelfpga_lite/20.1/nios2eds/bin/gnu/h-x86_64-mingw32/bin/../lib/gcc/nios2-elf/9.2.1/../../../../../H-x86_64-mingw32/nios2-elf/lib/mno-hw-mul\libc.a(lib_a-memcmp.o)
 .debug_line    0x00000000000042a7      0x328 c:/intelfpga_lite/20.1/nios2eds/bin/gnu/h-x86_64-mingw32/bin/../lib/gcc/nios2-elf/9.2.1/../../../../../H-x86_64-mingw32/nios2-elf/lib/mno-hw-mul\libc.a(lib_a-memcpy.o)
 .debug_line    0x00000000000045cf      0x262 c:/intelfpga_lite/20.1/nios2eds/bin/gnu/h-x86_64-mingw32/bin/../lib/gcc/nios2-elf/9.2.1/../../../../../H-x86_64-mingw32/nios2-elf/lib/mno-hw-mul\libc.a(lib_a-strlen.o)
 .debug_line    0x0000000000004831      0x289 c:/intelfpga_lite/20.1/nios2eds/bin/gnu/h-x86_64-mingw32/bin/../lib/gcc/nios2-elf/9.2.1/../../../../../H-x86_64-mingw32/nios2-elf/lib/mno-hw-mul\libc.a(lib_a-__atexit.o)
 .debug_line    0x0000000000004aba      0x301 c:/intelfpga_lite/20.1/nios2eds/bin/gnu/h-x86_64-mingw32/bin/../lib/gcc/nios2-elf/9.2.1/../../../../../H-x86_64-mingw32/nios2-elf/lib/mno-hw-mul\libc.a(lib_a-__call_atexit.o)
 .debug_line    0x0000000000004dbb      0x165 C:/Users/joshn/iCloudDrive/Desktop/Uni/MTRX3700/Major-Project/mtrx3700-major-project/VerilogCam_project/software/BSP_for_real\libhal_bsp.a(alt_exit.o)

.debug_frame    0x0000000000000000      0xa0c
 *(.debug_frame)
 .debug_frame   0x0000000000000000       0x5c C:/Users/joshn/iCloudDrive/Desktop/Uni/MTRX3700/Major-Project/mtrx3700-major-project/VerilogCam_project/software/BSP_for_real\libhal_bsp.a(alt_load.o)
 .debug_frame   0x000000000000005c       0x2c C:/Users/joshn/iCloudDrive/Desktop/Uni/MTRX3700/Major-Project/mtrx3700-major-project/VerilogCam_project/software/BSP_for_real\libhal_bsp.a(alt_main.o)
 .debug_frame   0x0000000000000088       0x88 C:/Users/joshn/iCloudDrive/Desktop/Uni/MTRX3700/Major-Project/mtrx3700-major-project/VerilogCam_project/software/BSP_for_real\libhal_bsp.a(alt_sys_init.o)
 .debug_frame   0x0000000000000110       0xb0 C:/Users/joshn/iCloudDrive/Desktop/Uni/MTRX3700/Major-Project/mtrx3700-major-project/VerilogCam_project/software/BSP_for_real\libhal_bsp.a(altera_avalon_jtag_uart_fd.o)
 .debug_frame   0x00000000000001c0       0xa4 C:/Users/joshn/iCloudDrive/Desktop/Uni/MTRX3700/Major-Project/mtrx3700-major-project/VerilogCam_project/software/BSP_for_real\libhal_bsp.a(altera_avalon_jtag_uart_init.o)