Archive member included to satisfy reference by file (symbol)

c:/intelfpga_lite/20.1/nios2eds/bin/gnu/h-x86_64-mingw32/bin/../lib/gcc/nios2-elf/9.2.1/../../../../../H-x86_64-mingw32/nios2-elf/lib/mno-hw-mul\libc.a(lib_a-printf.o)
                              obj/default/main.o (printf)
c:/intelfpga_lite/20.1/nios2eds/bin/gnu/h-x86_64-mingw32/bin/../lib/gcc/nios2-elf/9.2.1/../../../../../H-x86_64-mingw32/nios2-elf/lib/mno-hw-mul\libc.a(lib_a-vfprintf.o)
                              c:/intelfpga_lite/20.1/nios2eds/bin/gnu/h-x86_64-mingw32/bin/../lib/gcc/nios2-elf/9.2.1/../../../../../H-x86_64-mingw32/nios2-elf/lib/mno-hw-mul\libc.a(lib_a-printf.o) (___vfprintf_internal_r)
c:/intelfpga_lite/20.1/nios2eds/bin/gnu/h-x86_64-mingw32/bin/../lib/gcc/nios2-elf/9.2.1/../../../../../H-x86_64-mingw32/nios2-elf/lib/mno-hw-mul\libc.a(lib_a-wsetup.o)
                              c:/intelfpga_lite/20.1/nios2eds/bin/gnu/h-x86_64-mingw32/bin/../lib/gcc/nios2-elf/9.2.1/../../../../../H-x86_64-mingw32/nios2-elf/lib/mno-hw-mul\libc.a(lib_a-vfprintf.o) (__swsetup_r)
c:/intelfpga_lite/20.1/nios2eds/bin/gnu/h-x86_64-mingw32/bin/../lib/gcc/nios2-elf/9.2.1/../../../../../H-x86_64-mingw32/nios2-elf/lib/mno-hw-mul\libc.a(lib_a-dtoa.o)
                              c:/intelfpga_lite/20.1/nios2eds/bin/gnu/h-x86_64-mingw32/bin/../lib/gcc/nios2-elf/9.2.1/../../../../../H-x86_64-mingw32/nios2-elf/lib/mno-hw-mul\libc.a(lib_a-vfprintf.o) (_dtoa_r)
c:/intelfpga_lite/20.1/nios2eds/bin/gnu/h-x86_64-mingw32/bin/../lib/gcc/nios2-elf/9.2.1/../../../../../H-x86_64-mingw32/nios2-elf/lib/mno-hw-mul\libc.a(lib_a-fflush.o)
                              c:/intelfpga_lite/20.1/nios2eds/bin/gnu/h-x86_64-mingw32/bin/../lib/gcc/nios2-elf/9.2.1/../../../../../H-x86_64-mingw32/nios2-elf/lib/mno-hw-mul\libc.a(lib_a-vfprintf.o) (_fflush_r)
c:/intelfpga_lite/20.1/nios2eds/bin/gnu/h-x86_64-mingw32/bin/../lib/gcc/nios2-elf/9.2.1/../../../../../H-x86_64-mingw32/nios2-elf/lib/mno-hw-mul\libc.a(lib_a-findfp.o)
                              c:/intelfpga_lite/20.1/nios2eds/bin/gnu/h-x86_64-mingw32/bin/../lib/gcc/nios2-elf/9.2.1/../../../../../H-x86_64-mingw32/nios2-elf/lib/mno-hw-mul\libc.a(lib_a-vfprintf.o) (__sinit)
c:/intelfpga_lite/20.1/nios2eds/bin/gnu/h-x86_64-mingw32/bin/../lib/gcc/nios2-elf/9.2.1/../../../../../H-x86_64-mingw32/nios2-elf/lib/mno-hw-mul\libc.a(lib_a-freer.o)
                              c:/intelfpga_lite/20.1/nios2eds/bin/gnu/h-x86_64-mingw32/bin/../lib/gcc/nios2-elf/9.2.1/../../../../../H-x86_64-mingw32/nios2-elf/lib/mno-hw-mul\libc.a(lib_a-wsetup.o) (_free_r)
c:/intelfpga_lite/20.1/nios2eds/bin/gnu/h-x86_64-mingw32/bin/../lib/gcc/nios2-elf/9.2.1/../../../../../H-x86_64-mingw32/nios2-elf/lib/mno-hw-mul\libc.a(lib_a-fwalk.o)
                              c:/intelfpga_lite/20.1/nios2eds/bin/gnu/h-x86_64-mingw32/bin/../lib/gcc/nios2-elf/9.2.1/../../../../../H-x86_64-mingw32/nios2-elf/lib/mno-hw-mul\libc.a(lib_a-findfp.o) (_fwalk)
c:/intelfpga_lite/20.1/nios2eds/bin/gnu/h-x86_64-mingw32/bin/../lib/gcc/nios2-elf/9.2.1/../../../../../H-x86_64-mingw32/nios2-elf/lib/mno-hw-mul\libc.a(lib_a-impure.o)
                              c:/intelfpga_lite/20.1/nios2eds/bin/gnu/h-x86_64-mingw32/bin/../lib/gcc/nios2-elf/9.2.1/../../../../../H-x86_64-mingw32/nios2-elf/lib/mno-hw-mul\libc.a(lib_a-fflush.o) (_global_impure_ptr)
c:/intelfpga_lite/20.1/nios2eds/bin/gnu/h-x86_64-mingw32/bin/../lib/gcc/nios2-elf/9.2.1/../../../../../H-x86_64-mingw32/nios2-elf/lib/mno-hw-mul\libc.a(lib_a-localeconv.o)
                              c:/intelfpga_lite/20.1/nios2eds/bin/gnu/h-x86_64-mingw32/bin/../lib/gcc/nios2-elf/9.2.1/../../../../../H-x86_64-mingw32/nios2-elf/lib/mno-hw-mul\libc.a(lib_a-vfprintf.o) (_localeconv_r)
c:/intelfpga_lite/20.1/nios2eds/bin/gnu/h-x86_64-mingw32/bin/../lib/gcc/nios2-elf/9.2.1/../../../../../H-x86_64-mingw32/nios2-elf/lib/mno-hw-mul\libc.a(lib_a-makebuf.o)
                              c:/intelfpga_lite/20.1/nios2eds/bin/gnu/h-x86_64-mingw32/bin/../lib/gcc/nios2-elf/9.2.1/../../../../../H-x86_64-mingw32/nios2-elf/lib/mno-hw-mul\libc.a(lib_a-wsetup.o) (__smakebuf_r)
c:/intelfpga_lite/20.1/nios2eds/bin/gnu/h-x86_64-mingw32/bin/../lib/gcc/nios2-elf/9.2.1/../../../../../H-x86_64-mingw32/nios2-elf/lib/mno-hw-mul\libc.a(lib_a-mallocr.o)
                              c:/intelfpga_lite/20.1/nios2eds/bin/gnu/h-x86_64-mingw32/bin/../lib/gcc/nios2-elf/9.2.1/../../../../../H-x86_64-mingw32/nios2-elf/lib/mno-hw-mul\libc.a(lib_a-findfp.o) (_malloc_r)
c:/intelfpga_lite/20.1/nios2eds/bin/gnu/h-x86_64-mingw32/bin/../lib/gcc/nios2-elf/9.2.1/../../../../../H-x86_64-mingw32/nios2-elf/lib/mno-hw-mul\libc.a(lib_a-memchr.o)
                              c:/intelfpga_lite/20.1/nios2eds/bin/gnu/h-x86_64-mingw32/bin/../lib/gcc/nios2-elf/9.2.1/../../../../../H-x86_64-mingw32/nios2-elf/lib/mno-hw-mul\libc.a(lib_a-vfprintf.o) (memchr)
[...]
Memory Configuration

Name             Origin             Length             Attributes
reset            0x0000000000040000 0x0000000000000020
Memory           0x0000000000040020 0x0000000000031fe0
*default*        0x0000000000000000 0xffffffffffffffff

Linker script and memory map

LOAD C:/Users/joshn/iCloudDrive/Desktop/Uni/MTRX3700/Major-Project/mtrx3700-major-project/VerilogCam_project/software/DSP_BSP/obj/HAL/src/crt0.o
LOAD obj/default/main.o
LOAD c:/intelfpga_lite/20.1/nios2eds/bin/gnu/h-x86_64-mingw32/bin/../lib/gcc/nios2-elf/9.2.1/../../../../../H-x86_64-mingw32/nios2-elf/lib/mno-hw-mul\libstdc++.a
LOAD c:/intelfpga_lite/20.1/nios2eds/bin/gnu/h-x86_64-mingw32/bin/../lib/gcc/nios2-elf/9.2.1/../../../../../H-x86_64-mingw32/nios2-elf/lib/mno-hw-mul\libm.a
LOAD c:/intelfpga_lite/20.1/nios2eds/bin/gnu/h-x86_64-mingw32/bin/../lib/gcc/nios2-elf/9.2.1/mno-hw-mul\libgcc.a
START GROUP
LOAD c:/intelfpga_lite/20.1/nios2eds/bin/gnu/h-x86_64-mingw32/bin/../lib/gcc/nios2-elf/9.2.1/../../../../../H-x86_64-mingw32/nios2-elf/lib/mno-hw-mul\libc.a
LOAD c:/intelfpga_lite/20.1/nios2eds/bin/gnu/h-x86_64-mingw32/bin/../lib/gcc/nios2-elf/9.2.1/mno-hw-mul\libgcc.a
LOAD C:/Users/joshn/iCloudDrive/Desktop/Uni/MTRX3700/Major-Project/mtrx3700-major-project/VerilogCam_project/software/DSP_BSP\libhal_bsp.a
LOAD c:/intelfpga_lite/20.1/nios2eds/bin/gnu/h-x86_64-mingw32/bin/../lib/gcc/nios2-elf/9.2.1/../../../../../H-x86_64-mingw32/nios2-elf/lib/mno-hw-mul\libm.a
END GROUP
LOAD c:/intelfpga_lite/20.1/nios2eds/bin/gnu/h-x86_64-mingw32/bin/../lib/gcc/nios2-elf/9.2.1/mno-hw-mul\libgcc.a
                0x0000000000040000                __alt_mem_Memory = 0x40000

.entry          0x0000000000040000       0x20
 *(.entry)
 .entry         0x0000000000040000       0x20 C:/Users/joshn/iCloudDrive/Desktop/Uni/MTRX3700/Major-Project/mtrx3700-major-project/VerilogCam_project/software/DSP_BSP/obj/HAL/src/crt0.o
                0x0000000000040000                __reset

.exceptions     0x0000000000040020      0x204
                0x0000000000040020                PROVIDE (__ram_exceptions_start = ABSOLUTE (.))
                0x0000000000040020                . = ALIGN (0x20)
 *(.irq)
 *(.exceptions.entry.label)
 .exceptions.entry.label
                0x0000000000040020        0x0 C:/Users/joshn/iCloudDrive/Desktop/Uni/MTRX3700/Major-Project/mtrx3700-major-project/VerilogCam_project/software/DSP_BSP\libhal_bsp.a(alt_irq_entry.o)
                0x0000000000040020                alt_irq_entry
 .exceptions.entry.label
                0x0000000000040020        0x0 C:/Users/joshn/iCloudDrive/Desktop/Uni/MTRX3700/Major-Project/mtrx3700-major-project/VerilogCam_project/software/DSP_BSP\libhal_bsp.a(alt_exception_entry.o)
                0x0000000000040020                alt_exception
 *(.exceptions.entry.user)
 *(.exceptions.entry.ecc_fatal)
 *(.exceptions.entry)
 .exceptions.entry
                0x0000000000040020       0x54 C:/Users/joshn/iCloudDrive/Desktop/Uni/MTRX3700/Major-Project/mtrx3700-major-project/VerilogCam_project/software/DSP_BSP\libhal_bsp.a(alt_exception_entry.o)
 *(.exceptions.irqtest.user)
 *(.exceptions.irqtest)
 .exceptions.irqtest
                0x0000000000040074       0x10 C:/Users/joshn/iCloudDrive/Desktop/Uni/MTRX3700/Major-Project/mtrx3700-major-project/VerilogCam_project/software/DSP_BSP\libhal_bsp.a(alt_irq_entry.o)
 *(.exceptions.irqhandler.user)
 *(.exceptions.irqhandler)
 .exceptions.irqhandler
                0x0000000000040084        0x4 C:/Users/joshn/iCloudDrive/Desktop/Uni/MTRX3700/Major-Project/mtrx3700-major-project/VerilogCam_project/software/DSP_BSP\libhal_bsp.a(alt_irq_entry.o)
 *(.exceptions.irqreturn.user)
 *(.exceptions.irqreturn)
 .exceptions.irqreturn
                0x0000000000040088        0x4 C:/Users/joshn/iCloudDrive/Desktop/Uni/MTRX3700/Major-Project/mtrx3700-major-project/VerilogCam_project/software/DSP_BSP\libhal_bsp.a(alt_irq_entry.o)
 *(.exceptions.notirq.label)
 .exceptions.notirq.label
                0x000000000004008c        0x0 C:/Users/joshn/iCloudDrive/Desktop/Uni/MTRX3700/Major-Project/mtrx3700-major-project/VerilogCam_project/software/DSP_BSP\libhal_bsp.a(alt_irq_entry.o)
 *(.exceptions.notirq.user)
 *(.exceptions.notirq)
 .exceptions.notirq
                0x000000000004008c        0x8 C:/Users/joshn/iCloudDrive/Desktop/Uni/MTRX3700/Major-Project/mtrx3700-major-project/VerilogCam_project/software/DSP_BSP\libhal_bsp.a(alt_exception_entry.o)
 *(.exceptions.soft.user)
 *(.exceptions.soft)
 *(.exceptions.unknown.user)
 *(.exceptions.unknown)
 .exceptions.unknown
                0x0000000000040094       0x14 C:/Users/joshn/iCloudDrive/Desktop/Uni/MTRX3700/Major-Project/mtrx3700-major-project/VerilogCam_project/software/DSP_BSP\libhal_bsp.a(alt_exception_entry.o)
 *(.exceptions.exit.label)
 .exceptions.exit.label
                0x00000000000400a8        0x0 C:/Users/joshn/iCloudDrive/Desktop/Uni/MTRX3700/Major-Project/mtrx3700-major-project/VerilogCam_project/software/DSP_BSP\libhal_bsp.a(alt_irq_entry.o)
 .exceptions.exit.label
                0x00000000000400a8        0x0 C:/Users/joshn/iCloudDrive/Desktop/Uni/MTRX3700/Major-Project/mtrx3700-major-project/VerilogCam_project/software/DSP_BSP\libhal_bsp.a(alt_exception_entry.o)
 *(.exceptions.exit.user)
 *(.exceptions.exit)
 .exceptions.exit
                0x00000000000400a8       0x54 C:/Users/joshn/iCloudDrive/Desktop/Uni/MTRX3700/Major-Project/mtrx3700-major-project/VerilogCam_project/software/DSP_BSP\libhal_bsp.a(alt_exception_entry.o)
 *(.exceptions)
 .exceptions    0x00000000000400fc       0xc8 C:/Users/joshn/iCloudDrive/Desktop/Uni/MTRX3700/Major-Project/mtrx3700-major-project/VerilogCam_project/software/DSP_BSP\libhal_bsp.a(alt_irq_handler.o)
                0x00000000000400fc                alt_irq_handler
 .exceptions    0x00000000000401c4       0x60 C:/Users/joshn/iCloudDrive/Desktop/Uni/MTRX3700/Major-Project/mtrx3700-major-project/VerilogCam_project/software/DSP_BSP\libhal_bsp.a(alt_instruction_exception_entry.o)
                0x00000000000401c4                alt_instruction_exception_entry
                0x0000000000040224                PROVIDE (__ram_exceptions_end = ABSOLUTE (.))
                0x0000000000040020                PROVIDE (__flash_exceptions_start = LOADADDR (.exceptions))

.text           0x0000000000040224     0xf648
                [!provide]                        PROVIDE (stext = ABSOLUTE (.))
 *(.interp)
 *(.hash)
 *(.dynsym)
 *(.dynstr)
 *(.gnu.version)
 *(.gnu.version_d)
 *(.gnu.version_r)
 *(.rel.init)
 *(.rela.init)
 *(.rel.text .rel.text.* .rel.gnu.linkonce.t.*)
 *(.rela.text .rela.text.* .rela.gnu.linkonce.t.*)
 *(.rel.fini)
 *(.rela.fini)
 *(.rel.rodata .rel.rodata.* .rel.gnu.linkonce.r.*)
 *(.rela.rodata .rela.rodata.* .rela.gnu.linkonce.r.*)
 *(.rel.data .rel.data.* .rel.gnu.linkonce.d.*)
 *(.rela.data .rela.data.* .rela.gnu.linkonce.d.*)
 *(.rel.tdata .rel.tdata.* .rel.gnu.linkonce.td.*)
 *(.rela.tdata .rela.tdata.* .rela.gnu.linkonce.td.*)
 *(.rel.tbss .rel.tbss.* .rel.gnu.linkonce.tb.*)
 *(.rela.tbss .rela.tbss.* .rela.gnu.linkonce.tb.*)
 *(.rel.ctors)
 *(.rela.ctors)
 *(.rel.dtors)
 *(.rela.dtors)
 *(.rel.got)
 *(.rela.got)
 *(.rel.sdata .rel.sdata.* .rel.gnu.linkonce.s.*)
 *(.rela.sdata .rela.sdata.* .rela.gnu.linkonce.s.*)
 *(.rel.sbss .rel.sbss.* .rel.gnu.linkonce.sb.*)
 *(.rela.sbss .rela.sbss.* .rela.gnu.linkonce.sb.*)
 *(.rel.sdata2 .rel.sdata2.* .rel.gnu.linkonce.s2.*)
 *(.rela.sdata2 .rela.sdata2.* .rela.gnu.linkonce.s2.*)
 *(.rel.sbss2 .rel.sbss2.* .rel.gnu.linkonce.sb2.*)
 *(.rela.sbss2 .rela.sbss2.* .rela.gnu.linkonce.sb2.*)
 *(.rel.bss .rel.bss.* .rel.gnu.linkonce.b.*)
 *(.rela.bss .rela.bss.* .rela.gnu.linkonce.b.*)
 *(.rel.plt)
 *(.rela.plt)
 *(.rel.dyn)
 *(.init)
 *(.plt)
 *(.text .stub .text.* .gnu.linkonce.t.*)
 .text          0x0000000000040224       0x3c C:/Users/joshn/iCloudDrive/Desktop/Uni/MTRX3700/Major-Project/mtrx3700-major-project/VerilogCam_project/software/DSP_BSP/obj/HAL/src/crt0.o
                0x0000000000040224                _start
 .text          0x0000000000040260       0x48 obj/default/main.o
                0x0000000000040260                main
 .text          0x00000000000402a8        0x0 c:/intelfpga_lite/20.1/nios2eds/bin/gnu/h-x86_64-mingw32/bin/../lib/gcc/nios2-elf/9.2.1/../../../../../H-x86_64-mingw32/nios2-elf/lib/mno-hw-mul\libc.a(lib_a-printf.o)
 .text._printf_r
                0x00000000000402a8       0x30 c:/intelfpga_lite/20.1/nios2eds/bin/gnu/h-x86_64-mingw32/bin/../lib/gcc/nios2-elf/9.2.1/../../../../../H-x86_64-mingw32/nios2-elf/lib/mno-hw-mul\libc.a(lib_a-printf.o)
                0x00000000000402a8                _printf_r
 .text.printf   0x00000000000402d8       0x38 c:/intelfpga_lite/20.1/nios2eds/bin/gnu/h-x86_64-mingw32/bin/../lib/gcc/nios2-elf/9.2.1/../../../../../H-x86_64-mingw32/nios2-elf/lib/mno-hw-mul\libc.a(lib_a-printf.o)
                0x00000000000402d8                printf
 .text          0x0000000000040310        0x0 c:/intelfpga_lite/20.1/nios2eds/bin/gnu/h-x86_64-mingw32/bin/../lib/gcc/nios2-elf/9.2.1/../../../../../H-x86_64-mingw32/nios2-elf/lib/mno-hw-mul\libc.a(lib_a-vfprintf.o)
 .text.___vfprintf_internal_r
                0x0000000000040310     0x20ec c:/intelfpga_lite/20.1/nios2eds/bin/gnu/h-x86_64-mingw32/bin/../lib/gcc/nios2-elf/9.2.1/../../../../../H-x86_64-mingw32/nios2-elf/lib/mno-hw-mul\libc.a(lib_a-vfprintf.o)
                0x0000000000040310                ___vfprintf_internal_r
 .text.__vfprintf_internal
                0x00000000000423fc       0x1c c:/intelfpga_lite/20.1/nios2eds/bin/gnu/h-x86_64-mingw32/bin/../lib/gcc/nios2-elf/9.2.1/../../../../../H-x86_64-mingw32/nios2-elf/lib/mno-hw-mul\libc.a(lib_a-vfprintf.o)
                0x00000000000423fc                __vfprintf_internal
 .text.__sbprintf
                0x0000000000042418       0xc0 c:/intelfpga_lite/20.1/nios2eds/bin/gnu/h-x86_64-mingw32/bin/../lib/gcc/nios2-elf/9.2.1/../../../../../H-x86_64-mingw32/nios2-elf/lib/mno-hw-mul\libc.a(lib_a-vfprintf.o)
 .text          0x00000000000424d8        0x0 c:/intelfpga_lite/20.1/nios2eds/bin/gnu/h-x86_64-mingw32/bin/../lib/gcc/nios2-elf/9.2.1/../../../../../H-x86_64-mingw32/nios2-elf/lib/mno-hw-mul\libc.a(lib_a-wsetup.o)
 .text.__swsetup_r
                0x00000000000424d8      0x15c c:/intelfpga_lite/20.1/nios2eds/bin/gnu/h-x86_64-mingw32/bin/../lib/gcc/nios2-elf/9.2.1/../../../../../H-x86_64-mingw32/nios2-elf/lib/mno-hw-mul\libc.a(lib_a-wsetup.o)
                0x00000000000424d8                __swsetup_r
 .text          0x0000000000042634        0x0 c:/intelfpga_lite/20.1/nios2eds/bin/gnu/h-x86_64-mingw32/bin/../lib/gcc/nios2-elf/9.2.1/../../../../../H-x86_64-mingw32/nios2-elf/lib/mno-hw-mul\libc.a(lib_a-dtoa.o)
 .text.quorem   0x0000000000042634      0x220 c:/intelfpga_lite/20.1/nios2eds/bin/gnu/h-x86_64-mingw32/bin/../lib/gcc/nios2-elf/9.2.1/../../../../../H-x86_64-mingw32/nios2-elf/lib/mno-hw-mul\libc.a(lib_a-dtoa.o)
 .text._dtoa_r  0x0000000000042854     0x1750 c:/intelfpga_lite/20.1/nios2eds/bin/gnu/h-x86_64-mingw32/bin/../lib/gcc/nios2-elf/9.2.1/../../../../../H-x86_64-mingw32/nios2-elf/lib/mno-hw-mul\libc.a(lib_a-dtoa.o)
                0x0000000000042854                _dtoa_r
 .text          0x0000000000043fa4        0x0 c:/intelfpga_lite/20.1/nios2eds/bin/gnu/h-x86_64-mingw32/bin/../lib/gcc/nios2-elf/9.2.1/../../../../../H-x86_64-mingw32/nios2-elf/lib/mno-hw-mul\libc.a(lib_a-fflush.o)
 .text.__sflush_r
                0x0000000000043fa4      0x228 c:/intelfpga_lite/20.1/nios2eds/bin/gnu/h-x86_64-mingw32/bin/../lib/gcc/nios2-elf/9.2.1/../../../../../H-x86_64-mingw32/nios2-elf/lib/mno-hw-mul\libc.a(lib_a-fflush.o)
                0x0000000000043fa4                __sflush_r
 .text._fflush_r
                0x00000000000441cc       0x60 c:/intelfpga_lite/20.1/nios2eds/bin/gnu/h-x86_64-mingw32/bin/../lib/gcc/nios2-elf/9.2.1/../../../../../H-x86_64-mingw32/nios2-elf/lib/mno-hw-mul\libc.a(lib_a-fflush.o)
                0x00000000000441cc                _fflush_r
 .text.fflush   0x000000000004422c       0x28 c:/intelfpga_lite/20.1/nios2eds/bin/gnu/h-x86_64-mingw32/bin/../lib/gcc/nios2-elf/9.2.1/../../../../../H-x86_64-mingw32/nios2-elf/lib/mno-hw-mul\libc.a(lib_a-fflush.o)
                0x000000000004422c                fflush
 .text          0x0000000000044254        0x0 c:/intelfpga_lite/20.1/nios2eds/bin/gnu/h-x86_64-mingw32/bin/../lib/gcc/nios2-elf/9.2.1/../../../../../H-x86_64-mingw32/nios2-elf/lib/mno-hw-mul\libc.a(lib_a-findfp.o)
 .text.__fp_lock
                0x0000000000044254        0x8 c:/intelfpga_lite/20.1/nios2eds/bin/gnu/h-x86_64-mingw32/bin/../lib/gcc/nios2-elf/9.2.1/../../../../../H-x86_64-mingw32/nios2-elf/lib/mno-hw-mul\libc.a(lib_a-findfp.o)
 .text._cleanup_r
                0x000000000004425c        0xc c:/intelfpga_lite/20.1/nios2eds/bin/gnu/h-x86_64-mingw32/bin/../lib/gcc/nios2-elf/9.2.1/../../../../../H-x86_64-mingw32/nios2-elf/lib/mno-hw-mul\libc.a(lib_a-findfp.o)
                0x000000000004425c                _cleanup_r
 .text.__sinit.part.0
                0x0000000000044268      0x168 c:/intelfpga_lite/20.1/nios2eds/bin/gnu/h-x86_64-mingw32/bin/../lib/gcc/nios2-elf/9.2.1/../../../../../H-x86_64-mingw32/nios2-elf/lib/mno-hw-mul\libc.a(lib_a-findfp.o)
 .text.__fp_unlock
                0x00000000000443d0        0x8 c:/intelfpga_lite/20.1/nios2eds/bin/gnu/h-x86_64-mingw32/bin/../lib/gcc/nios2-elf/9.2.1/../../../../../H-x86_64-mingw32/nios2-elf/lib/mno-hw-mul\libc.a(lib_a-findfp.o)
 .text.__sfmoreglue
                0x00000000000443d8       0x78 c:/intelfpga_lite/20.1/nios2eds/bin/gnu/h-x86_64-mingw32/bin/../lib/gcc/nios2-elf/9.2.1/../../../../../H-x86_64-mingw32/nios2-elf/lib/mno-hw-mul\libc.a(lib_a-findfp.o)
                0x00000000000443d8                __sfmoreglue
 .text.__sfp    0x0000000000044450       0xfc c:/intelfpga_lite/20.1/nios2eds/bin/gnu/h-x86_64-mingw32/bin/../lib/gcc/nios2-elf/9.2.1/../../../../../H-x86_64-mingw32/nios2-elf/lib/mno-hw-mul\libc.a(lib_a-findfp.o)
                0x0000000000044450                __sfp
 .text._cleanup
                0x000000000004454c       0x14 c:/intelfpga_lite/20.1/nios2eds/bin/gnu/h-x86_64-mingw32/bin/../lib/gcc/nios2-elf/9.2.1/../../../../../H-x86_64-mingw32/nios2-elf/lib/mno-hw-mul\libc.a(lib_a-findfp.o)
                0x000000000004454c                _cleanup
 .text.__sinit  0x0000000000044560       0x10 c:/intelfpga_lite/20.1/nios2eds/bin/gnu/h-x86_64-mingw32/bin/../lib/gcc/nios2-elf/9.2.1/../../../../../H-x86_64-mingw32/nios2-elf/lib/mno-hw-mul\libc.a(lib_a-findfp.o)
                0x0000000000044560                __sinit
 .text.__sfp_lock_acquire
                0x0000000000044570        0x4 c:/intelfpga_lite/20.1/nios2eds/bin/gnu/h-x86_64-mingw32/bin/../lib/gcc/nios2-elf/9.2.1/../../../../../H-x86_64-mingw32/nios2-elf/lib/mno-hw-mul\libc.a(lib_a-findfp.o)
                0x0000000000044570                __sfp_lock_acquire
 .text.__sfp_lock_release
                0x0000000000044574        0x4 c:/intelfpga_lite/20.1/nios2eds/bin/gnu/h-x86_64-mingw32/bin/../lib/gcc/nios2-elf/9.2.1/../../../../../H-x86_64-mingw32/nios2-elf/lib/mno-hw-mul\libc.a(lib_a-findfp.o)
                0x0000000000044574                __sfp_lock_release
 .text.__sinit_lock_acquire
                0x0000000000044578        0x4 c:/intelfpga_lite/20.1/nios2eds/bin/gnu/h-x86_64-mingw32/bin/../lib/gcc/nios2-elf/9.2.1/../../../../../H-x86_64-mingw32/nios2-elf/lib/mno-hw-mul\libc.a(lib_a-findfp.o)
                0x0000000000044578                __sinit_lock_acquire
 .text.__sinit_lock_release
                0x000000000004457c        0x4 c:/intelfpga_lite/20.1/nios2eds/bin/gnu/h-x86_64-mingw32/bin/../lib/gcc/nios2-elf/9.2.1/../../../../../H-x86_64-mingw32/nios2-elf/lib/mno-hw-mul\libc.a(lib_a-findfp.o)
                0x000000000004457c                __sinit_lock_release
 .text.__fp_lock_all
                0x0000000000044580       0x14 c:/intelfpga_lite/20.1/nios2eds/bin/gnu/h-x86_64-mingw32/bin/../lib/gcc/nios2-elf/9.2.1/../../../../../H-x86_64-mingw32/nios2-elf/lib/mno-hw-mul\libc.a(lib_a-findfp.o)
                0x0000000000044580                __fp_lock_all
 .text.__fp_unlock_all
                0x0000000000044594       0x14 c:/intelfpga_lite/20.1/nios2eds/bin/gnu/h-x86_64-mingw32/bin/../lib/gcc/nios2-elf/9.2.1/../../../../../H-x86_64-mingw32/nios2-elf/lib/mno-hw-mul\libc.a(lib_a-findfp.o)
                0x0000000000044594                __fp_unlock_all
 .text          0x00000000000445a8        0x0 c:/intelfpga_lite/20.1/nios2eds/bin/gnu/h-x86_64-mingw32/bin/../lib/gcc/nios2-elf/9.2.1/../../../../../H-x86_64-mingw32/nios2-elf/lib/mno-hw-mul\libc.a(lib_a-freer.o)
 .text._malloc_trim_r
                0x00000000000445a8      0x11c c:/intelfpga_lite/20.1/nios2eds/bin/gnu/h-x86_64-mingw32/bin/../lib/gcc/nios2-elf/9.2.1/../../../../../H-x86_64-mingw32/nios2-elf/lib/mno-hw-mul\libc.a(lib_a-freer.o)
                0x00000000000445a8                _malloc_trim_r
 .text._free_r  0x00000000000446c4      0x2fc c:/intelfpga_lite/20.1/nios2eds/bin/gnu/h-x86_64-mingw32/bin/../lib/gcc/nios2-elf/9.2.1/../../../../../H-x86_64-mingw32/nios2-elf/lib/mno-hw-mul\libc.a(lib_a-freer.o)
                0x00000000000446c4                _free_r
 .text          0x00000000000449c0        0x0 c:/intelfpga_lite/20.1/nios2eds/bin/gnu/h-x86_64-mingw32/bin/../lib/gcc/nios2-elf/9.2.1/../../../../../H-x86_64-mingw32/nios2-elf/lib/mno-hw-mul\libc.a(lib_a-fwalk.o)
 .text._fwalk   0x00000000000449c0       0x98 c:/intelfpga_lite/20.1/nios2eds/bin/gnu/h-x86_64-mingw32/bin/../lib/gcc/nios2-elf/9.2.1/../../../../../H-x86_64-mingw32/nios2-elf/lib/mno-hw-mul\libc.a(lib_a-fwalk.o)
                0x00000000000449c0                _fwalk
 .text._fwalk_reent
                0x0000000000044a58       0xa8 c:/intelfpga_lite/20.1/nios2eds/bin/gnu/h-x86_64-mingw32/bin/../lib/gcc/nios2-elf/9.2.1/../../../../../H-x86_64-mingw32/nios2-elf/lib/mno-hw-mul\libc.a(lib_a-fwalk.o)
                0x0000000000044a58                _fwalk_reent
 .text          0x0000000000044b00        0x0 c:/intelfpga_lite/20.1/nios2eds/bin/gnu/h-x86_64-mingw32/bin/../lib/gcc/nios2-elf/9.2.1/../../../../../H-x86_64-mingw32/nios2-elf/lib/mno-hw-mul\libc.a(lib_a-impure.o)
 .text          0x0000000000044b00        0x0 c:/intelfpga_lite/20.1/nios2eds/bin/gnu/h-x86_64-mingw32/bin/../lib/gcc/nios2-elf/9.2.1/../../../../../H-x86_64-mingw32/nios2-elf/lib/mno-hw-mul\libc.a(lib_a-localeconv.o)
 .text.__localeconv_l
                0x0000000000044b00        0x8 c:/intelfpga_lite/20.1/nios2eds/bin/gnu/h-x86_64-mingw32/bin/../lib/gcc/nios2-elf/9.2.1/../../../../../H-x86_64-mingw32/nios2-elf/lib/mno-hw-mul\libc.a(lib_a-localeconv.o)
                0x0000000000044b00                __localeconv_l
 .text._localeconv_r
                0x0000000000044b08        0xc c:/intelfpga_lite/20.1/nios2eds/bin/gnu/h-x86_64-mingw32/bin/../lib/gcc/nios2-elf/9.2.1/../../../../../H-x86_64-mingw32/nios2-elf/lib/mno-hw-mul\libc.a(lib_a-localeconv.o)
                0x0000000000044b08                _localeconv_r
 .text.localeconv
                0x0000000000044b14        0xc c:/intelfpga_lite/20.1/nios2eds/bin/gnu/h-x86_64-mingw32/bin/../lib/gcc/nios2-elf/9.2.1/../../../../../H-x86_64-mingw32/nios2-elf/lib/mno-hw-mul\libc.a(lib_a-localeconv.o)
                0x0000000000044b14                localeconv
 .text          0x0000000000044b20        0x0 c:/intelfpga_lite/20.1/nios2eds/bin/gnu/h-x86_64-mingw32/bin/../lib/gcc/nios2-elf/9.2.1/../../../../../H-x86_64-mingw32/nios2-elf/lib/mno-hw-mul\libc.a(lib_a-makebuf.o)
 .text.__swhatbuf_r
                0x0000000000044b20       0x98 c:/intelfpga_lite/20.1/nios2eds/bin/gnu/h-x86_64-mingw32/bin/../lib/gcc/nios2-elf/9.2.1/../../../../../H-x86_64-mingw32/nios2-elf/lib/mno-hw-mul\libc.a(lib_a-makebuf.o)
                0x0000000000044b20                __swhatbuf_r
 .text.__smakebuf_r
                0x0000000000044bb8      0x140 c:/intelfpga_lite/20.1/nios2eds/bin/gnu/h-x86_64-mingw32/bin/../lib/gcc/nios2-elf/9.2.1/../../../../../H-x86_64-mingw32/nios2-elf/lib/mno-hw-mul\libc.a(lib_a-makebuf.o)
                0x0000000000044bb8                __smakebuf_r
 .text          0x0000000000044cf8        0x0 c:/intelfpga_lite/20.1/nios2eds/bin/gnu/h-x86_64-mingw32/bin/../lib/gcc/nios2-elf/9.2.1/../../../../../H-x86_64-mingw32/nios2-elf/lib/mno-hw-mul\libc.a(lib_a-mallocr.o)
 .text._malloc_r
                0x0000000000044cf8      0x7e0 c:/intelfpga_lite/20.1/nios2eds/bin/gnu/h-x86_64-mingw32/bin/../lib/gcc/nios2-elf/9.2.1/../../../../../H-x86_64-mingw32/nios2-elf/lib/mno-hw-mul\libc.a(lib_a-mallocr.o)
                0x0000000000044cf8                _malloc_r
 .text          0x00000000000454d8        0x0 c:/intelfpga_lite/20.1/nios2eds/bin/gnu/h-x86_64-mingw32/bin/../lib/gcc/nios2-elf/9.2.1/../../../../../H-x86_64-mingw32/nios2-elf/lib/mno-hw-mul\libc.a(lib_a-memchr.o)
 .text.memchr   0x00000000000454d8       0xd4 c:/intelfpga_lite/20.1/nios2eds/bin/gnu/h-x86_64-mingw32/bin/../lib/gcc/nios2-elf/9.2.1/../../../../../H-x86_64-mingw32/nios2-elf/lib/mno-hw-mul\libc.a(lib_a-memchr.o)
                0x00000000000454d8                memchr
 .text          0x00000000000455ac        0x0 c:/intelfpga_lite/20.1/nios2eds/bin/gnu/h-x86_64-mingw32/bin/../lib/gcc/nios2-elf/9.2.1/../../../../../H-x86_64-mingw32/nios2-elf/lib/mno-hw-mul\libc.a(lib_a-memcpy.o)
 .text.memcpy   0x00000000000455ac      0x100 c:/intelfpga_lite/20.1/nios2eds/bin/gnu/h-x86_64-mingw32/bin/../lib/gcc/nios2-elf/9.2.1/../../../../../H-x86_64-mingw32/nios2-elf/lib/mno-hw-mul\libc.a(lib_a-memcpy.o)
                0x00000000000455ac                memcpy
 .text          0x00000000000456ac        0x0 c:/intelfpga_lite/20.1/nios2eds/bin/gnu/h-x86_64-mingw32/bin/../lib/gcc/nios2-elf/9.2.1/../../../../../H-x86_64-mingw32/nios2-elf/lib/mno-hw-mul\libc.a(lib_a-memset.o)
 .text.memset   0x00000000000456ac       0xf0 c:/intelfpga_lite/20.1/nios2eds/bin/gnu/h-x86_64-mingw32/bin/../lib/gcc/nios2-elf/9.2.1/../../../../../H-x86_64-mingw32/nios2-elf/lib/mno-hw-mul\libc.a(lib_a-memset.o)
                0x00000000000456ac                memset
 .text          0x000000000004579c        0x0 c:/intelfpga_lite/20.1/nios2eds/bin/gnu/h-x86_64-mingw32/bin/../lib/gcc/nios2-elf/9.2.1/../../../../../H-x86_64-mingw32/nios2-elf/lib/mno-hw-mul\libc.a(lib_a-mprec.o)
 .text._Balloc  0x000000000004579c       0xa4 c:/intelfpga_lite/20.1/nios2eds/bin/gnu/h-x86_64-mingw32/bin/../lib/gcc/nios2-elf/9.2.1/../../../../../H-x86_64-mingw32/nios2-elf/lib/mno-hw-mul\libc.a(lib_a-mprec.o)
                0x000000000004579c                _Balloc
 .text._Bfree   0x0000000000045840       0x24 c:/intelfpga_lite/20.1/nios2eds/bin/gnu/h-x86_64-mingw32/bin/../lib/gcc/nios2-elf/9.2.1/../../../../../H-x86_64-mingw32/nios2-elf/lib/mno-hw-mul\libc.a(lib_a-mprec.o)
                0x0000000000045840                _Bfree
 .text.__multadd
                0x0000000000045864      0x15c c:/intelfpga_lite/20.1/nios2eds/bin/gnu/h-x86_64-mingw32/bin/../lib/gcc/nios2-elf/9.2.1/../../../../../H-x86_64-mingw32/nios2-elf/lib/mno-hw-mul\libc.a(lib_a-mprec.o)
                0x0000000000045864                __multadd
 .text.__s2b    0x00000000000459c0      0x138 c:/intelfpga_lite/20.1/nios2eds/bin/gnu/h-x86_64-mingw32/bin/../lib/gcc/nios2-elf/9.2.1/../../../../../H-x86_64-mingw32/nios2-elf/lib/mno-hw-mul\libc.a(lib_a-mprec.o)
                0x00000000000459c0                __s2b
 .text.__hi0bits
                0x0000000000045af8       0x64 c:/intelfpga_lite/20.1/nios2eds/bin/gnu/h-x86_64-mingw32/bin/../lib/gcc/nios2-elf/9.2.1/../../../../../H-x86_64-mingw32/nios2-elf/lib/mno-hw-mul\libc.a(lib_a-mprec.o)
                0x0000000000045af8                __hi0bits
 .text.__lo0bits
                0x0000000000045b5c       0xb0 c:/intelfpga_lite/20.1/nios2eds/bin/gnu/h-x86_64-mingw32/bin/../lib/gcc/nios2-elf/9.2.1/../../../../../H-x86_64-mingw32/nios2-elf/lib/mno-hw-mul\libc.a(lib_a-mprec.o)
                0x0000000000045b5c                __lo0bits
 .text.__i2b    0x0000000000045c0c       0x54 c:/intelfpga_lite/20.1/nios2eds/bin/gnu/h-x86_64-mingw32/bin/../lib/gcc/nios2-elf/9.2.1/../../../../../H-x86_64-mingw32/nios2-elf/lib/mno-hw-mul\libc.a(lib_a-mprec.o)
                0x0000000000045c0c                __i2b
 .text.__multiply
                0x0000000000045c60      0x2ac c:/intelfpga_lite/20.1/nios2eds/bin/gnu/h-x86_64-mingw32/bin/../lib/gcc/nios2-elf/9.2.1/../../../../../H-x86_64-mingw32/nios2-elf/lib/mno-hw-mul\libc.a(lib_a-mprec.o)
                0x0000000000045c60                __multiply
 .text.__pow5mult
                0x0000000000045f0c      0x118 c:/intelfpga_lite/20.1/nios2eds/bin/gnu/h-x86_64-mingw32/bin/../lib/gcc/nios2-elf/9.2.1/../../../../../H-x86_64-mingw32/nios2-elf/lib/mno-hw-mul\libc.a(lib_a-mprec.o)
                0x0000000000045f0c                __pow5mult
 .text.__lshift
                0x0000000000046024      0x188 c:/intelfpga_lite/20.1/nios2eds/bin/gnu/h-x86_64-mingw32/bin/../lib/gcc/nios2-elf/9.2.1/../../../../../H-x86_64-mingw32/nios2-elf/lib/mno-hw-mul\libc.a(lib_a-mprec.o)
                0x0000000000046024                __lshift
 .text.__mcmp   0x00000000000461ac       0x58 c:/intelfpga_lite/20.1/nios2eds/bin/gnu/h-x86_64-mingw32/bin/../lib/gcc/nios2-elf/9.2.1/../../../../../H-x86_64-mingw32/nios2-elf/lib/mno-hw-mul\libc.a(lib_a-mprec.o)
                0x00000000000461ac                __mcmp
 .text.__mdiff  0x0000000000046204      0x22c c:/intelfpga_lite/20.1/nios2eds/bin/gnu/h-x86_64-mingw32/bin/../lib/gcc/nios2-elf/9.2.1/../../../../../H-x86_64-mingw32/nios2-elf/lib/mno-hw-mul\libc.a(lib_a-mprec.o)
                0x0000000000046204                __mdiff
 .text.__ulp    0x0000000000046430       0x5c c:/intelfpga_lite/20.1/nios2eds/bin/gnu/h-x86_64-mingw32/bin/../lib/gcc/nios2-elf/9.2.1/../../../../../H-x86_64-mingw32/nios2-elf/lib/mno-hw-mul\libc.a(lib_a-mprec.o)
                0x0000000000046430                __ulp
 .text.__b2d    0x000000000004648c      0x104 c:/intelfpga_lite/20.1/nios2eds/bin/gnu/h-x86_64-mingw32/bin/../lib/gcc/nios2-elf/9.2.1/../../../../../H-x86_64-mingw32/nios2-elf/lib/mno-hw-mul\libc.a(lib_a-mprec.o)
                0x000000000004648c                __b2d
 .text.__d2b    0x0000000000046590      0x164 c:/intelfpga_lite/20.1/nios2eds/bin/gnu/h-x86_64-mingw32/bin/../lib/gcc/nios2-elf/9.2.1/../../../../../H-x86_64-mingw32/nios2-elf/lib/mno-hw-mul\libc.a(lib_a-mprec.o)
                0x0000000000046590                __d2b
 .text.__ratio  0x00000000000466f4       0xa4 c:/intelfpga_lite/20.1/nios2eds/bin/gnu/h-x86_64-mingw32/bin/../lib/gcc/nios2-elf/9.2.1/../../../../../H-x86_64-mingw32/nios2-elf/lib/mno-hw-mul\libc.a(lib_a-mprec.o)
                0x00000000000466f4                __ratio
 .text._mprec_log10
                0x0000000000046798       0x70 c:/intelfpga_lite/20.1/nios2eds/bin/gnu/h-x86_64-mingw32/bin/../lib/gcc/nios2-elf/9.2.1/../../../../../H-x86_64-mingw32/nios2-elf/lib/mno-hw-mul\libc.a(lib_a-mprec.o)
                0x0000000000046798                _mprec_log10
 .text.__copybits
                0x0000000000046808       0x6c c:/intelfpga_lite/20.1/nios2eds/bin/gnu/h-x86_64-mingw32/bin/../lib/gcc/nios2-elf/9.2.1/../../../../../H-x86_64-mingw32/nios2-elf/lib/mno-hw-mul\libc.a(lib_a-mprec.o)
                0x0000000000046808                __copybits
 .text.__any_on
                0x0000000000046874       0x60 c:/intelfpga_lite/20.1/nios2eds/bin/gnu/h-x86_64-mingw32/bin/../lib/gcc/nios2-elf/9.2.1/../../../../../H-x86_64-mingw32/nios2-elf/lib/mno-hw-mul\libc.a(lib_a-mprec.o)
                0x0000000000046874                __any_on
 .text          0x00000000000468d4        0x0 c:/intelfpga_lite/20.1/nios2eds/bin/gnu/h-x86_64-mingw32/bin/../lib/gcc/nios2-elf/9.2.1/../../../../../H-x86_64-mingw32/nios2-elf/lib/mno-hw-mul\libc.a(lib_a-sbrkr.o)
 .text._sbrk_r  0x00000000000468d4       0x58 c:/intelfpga_lite/20.1/nios2eds/bin/gnu/h-x86_64-mingw32/bin/../lib/gcc/nios2-elf/9.2.1/../../../../../H-x86_64-mingw32/nios2-elf/lib/mno-hw-mul\libc.a(lib_a-sbrkr.o)
                0x00000000000468d4                _sbrk_r
 .text          0x000000000004692c        0x0 c:/intelfpga_lite/20.1/nios2eds/bin/gnu/h-x86_64-mingw32/bin/../lib/gcc/nios2-elf/9.2.1/../../../../../H-x86_64-mingw32/nios2-elf/lib/mno-hw-mul\libc.a(lib_a-stdio.o)
 .text.__sread  0x000000000004692c       0x54 c:/intelfpga_lite/20.1/nios2eds/bin/gnu/h-x86_64-mingw32/bin/../lib/gcc/nios2-elf/9.2.1/../../../../../H-x86_64-mingw32/nios2-elf/lib/mno-hw-mul\libc.a(lib_a-stdio.o)
                0x000000000004692c                __sread
 .text.__seofread
                0x0000000000046980        0x8 c:/intelfpga_lite/20.1/nios2eds/bin/gnu/h-x86_64-mingw32/bin/../lib/gcc/nios2-elf/9.2.1/../../../../../H-x86_64-mingw32/nios2-elf/lib/mno-hw-mul\libc.a(lib_a-stdio.o)
                0x0000000000046980                __seofread
 .text.__swrite
                0x0000000000046988       0x80 c:/intelfpga_lite/20.1/nios2eds/bin/gnu/h-x86_64-mingw32/bin/../lib/gcc/nios2-elf/9.2.1/../../../../../H-x86_64-mingw32/nios2-elf/lib/mno-hw-mul\libc.a(lib_a-stdio.o)
                0x0000000000046988                __swrite
 .text.__sseek  0x0000000000046a08       0x5c c:/intelfpga_lite/20.1/nios2eds/bin/gnu/h-x86_64-mingw32/bin/../lib/gcc/nios2-elf/9.2.1/../../../../../H-x86_64-mingw32/nios2-elf/lib/mno-hw-mul\libc.a(lib_a-stdio.o)
                0x0000000000046a08                __sseek
 .text.__sclose
                0x0000000000046a64        0x8 c:/intelfpga_lite/20.1/nios2eds/bin/gnu/h-x86_64-mingw32/bin/../lib/gcc/nios2-elf/9.2.1/../../../../../H-x86_64-mingw32/nios2-elf/lib/mno-hw-mul\libc.a(lib_a-stdio.o)
                0x0000000000046a64                __sclose
 .text          0x0000000000046a6c        0x0 c:/intelfpga_lite/20.1/nios2eds/bin/gnu/h-x86_64-mingw32/bin/../lib/gcc/nios2-elf/9.2.1/../../../../../H-x86_64-mingw32/nios2-elf/lib/mno-hw-mul\libc.a(lib_a-strlen.o)
 .text.strlen   0x0000000000046a6c       0x98 c:/intelfpga_lite/20.1/nios2eds/bin/gnu/h-x86_64-mingw32/bin/../lib/gcc/nios2-elf/9.2.1/../../../../../H-x86_64-mingw32/nios2-elf/lib/mno-hw-mul\libc.a(lib_a-strlen.o)
                0x0000000000046a6c                strlen
 .text          0x0000000000046b04        0x0 c:/intelfpga_lite/20.1/nios2eds/bin/gnu/h-x86_64-mingw32/bin/../lib/gcc/nios2-elf/9.2.1/../../../../../H-x86_64-mingw32/nios2-elf/lib/mno-hw-mul\libc.a(lib_a-vfiprintf.o)
 .text.__sprint_r.part.0
                0x0000000000046b04       0xf4 c:/intelfpga_lite/20.1/nios2eds/bin/gnu/h-x86_64-mingw32/bin/../lib/gcc/nios2-elf/9.2.1/../../../../../H-x86_64-mingw32/nios2-elf/lib/mno-hw-mul\libc.a(lib_a-vfiprintf.o)
 .text.__sprint_r
                0x0000000000046bf8       0x18 c:/intelfpga_lite/20.1/nios2eds/bin/gnu/h-x86_64-mingw32/bin/../lib/gcc/nios2-elf/9.2.1/../../../../../H-x86_64-mingw32/nios2-elf/lib/mno-hw-mul\libc.a(lib_a-vfiprintf.o)
                0x0000000000046bf8                __sprint_r
 .text.___vfiprintf_internal_r
                0x0000000000046c10     0x1314 c:/intelfpga_lite/20.1/nios2eds/bin/gnu/h-x86_64-mingw32/bin/../lib/gcc/nios2-elf/9.2.1/../../../../../H-x86_64-mingw32/nios2-elf/lib/mno-hw-mul\libc.a(lib_a-vfiprintf.o)
                0x0000000000046c10                ___vfiprintf_internal_r
 .text.__vfiprintf_internal
                0x0000000000047f24       0x1c c:/intelfpga_lite/20.1/nios2eds/bin/gnu/h-x86_64-mingw32/bin/../lib/gcc/nios2-elf/9.2.1/../../../../../H-x86_64-mingw32/nios2-elf/lib/mno-hw-mul\libc.a(lib_a-vfiprintf.o)
                0x0000000000047f24                __vfiprintf_internal
 .text.__sbprintf
                0x0000000000047f40       0xc0 c:/intelfpga_lite/20.1/nios2eds/bin/gnu/h-x86_64-mingw32/bin/../lib/gcc/nios2-elf/9.2.1/../../../../../H-x86_64-mingw32/nios2-elf/lib/mno-hw-mul\libc.a(lib_a-vfiprintf.o)
 .text          0x0000000000048000        0x0 c:/intelfpga_lite/20.1/nios2eds/bin/gnu/h-x86_64-mingw32/bin/../lib/gcc/nios2-elf/9.2.1/../../../../../H-x86_64-mingw32/nios2-elf/lib/mno-hw-mul\libc.a(lib_a-writer.o)
 .text._write_r
                0x0000000000048000       0x64 c:/intelfpga_lite/20.1/nios2eds/bin/gnu/h-x86_64-mingw32/bin/../lib/gcc/nios2-elf/9.2.1/../../../../../H-x86_64-mingw32/nios2-elf/lib/mno-hw-mul\libc.a(lib_a-writer.o)
                0x0000000000048000                _write_r
 .text          0x0000000000048064        0x0 c:/intelfpga_lite/20.1/nios2eds/bin/gnu/h-x86_64-mingw32/bin/../lib/gcc/nios2-elf/9.2.1/../../../../../H-x86_64-mingw32/nios2-elf/lib/mno-hw-mul\libc.a(closer.o)
 .text._close_r
                0x0000000000048064       0x58 c:/intelfpga_lite/20.1/nios2eds/bin/gnu/h-x86_64-mingw32/bin/../lib/gcc/nios2-elf/9.2.1/../../../../../H-x86_64-mingw32/nios2-elf/lib/mno-hw-mul\libc.a(closer.o)
                0x0000000000048064                _close_r
 .text          0x00000000000480bc        0x0 c:/intelfpga_lite/20.1/nios2eds/bin/gnu/h-x86_64-mingw32/bin/../lib/gcc/nios2-elf/9.2.1/../../../../../H-x86_64-mingw32/nios2-elf/lib/mno-hw-mul\libc.a(lib_a-assert.o)
 .text.__assert_func
                0x00000000000480bc       0x64 c:/intelfpga_lite/20.1/nios2eds/bin/gnu/h-x86_64-mingw32/bin/../lib/gcc/nios2-elf/9.2.1/../../../../../H-x86_64-mingw32/nios2-elf/lib/mno-hw-mul\libc.a(lib_a-assert.o)
                0x00000000000480bc                __assert_func
 .text.__assert
                0x0000000000048120       0x14 c:/intelfpga_lite/20.1/nios2eds/bin/gnu/h-x86_64-mingw32/bin/../lib/gcc/nios2-elf/9.2.1/../../../../../H-x86_64-mingw32/nios2-elf/lib/mno-hw-mul\libc.a(lib_a-assert.o)
                0x0000000000048120                __assert
 .text          0x0000000000048134        0x0 c:/intelfpga_lite/20.1/nios2eds/bin/gnu/h-x86_64-mingw32/bin/../lib/gcc/nios2-elf/9.2.1/../../../../../H-x86_64-mingw32/nios2-elf/lib/mno-hw-mul\libc.a(lib_a-callocr.o)
 .text._calloc_r
                0x0000000000048134       0xc4 c:/intelfpga_lite/20.1/nios2eds/bin/gnu/h-x86_64-mingw32/bin/../lib/gcc/nios2-elf/9.2.1/../../../../../H-x86_64-mingw32/nios2-elf/lib/mno-hw-mul\libc.a(lib_a-callocr.o)
                0x0000000000048134                _calloc_r
 .text          0x00000000000481f8        0x0 c:/intelfpga_lite/20.1/nios2eds/bin/gnu/h-x86_64-mingw32/bin/../lib/gcc/nios2-elf/9.2.1/../../../../../H-x86_64-mingw32/nios2-elf/lib/mno-hw-mul\libc.a(lib_a-fclose.o)
 .text._fclose_r
                0x00000000000481f8       0xf8 c:/intelfpga_lite/20.1/nios2eds/bin/gnu/h-x86_64-mingw32/bin/../lib/gcc/nios2-elf/9.2.1/../../../../../H-x86_64-mingw32/nios2-elf/lib/mno-hw-mul\libc.a(lib_a-fclose.o)
                0x00000000000481f8                _fclose_r
 .text.fclose   0x00000000000482f0       0x10 c:/intelfpga_lite/20.1/nios2eds/bin/gnu/h-x86_64-mingw32/bin/../lib/gcc/nios2-elf/9.2.1/../../../../../H-x86_64-mingw32/nios2-elf/lib/mno-hw-mul\libc.a(lib_a-fclose.o)
                0x00000000000482f0                fclose
 .text          0x0000000000048300        0x0 c:/intelfpga_lite/20.1/nios2eds/bin/gnu/h-x86_64-mingw32/bin/../lib/gcc/nios2-elf/9.2.1/../../../../../H-x86_64-mingw32/nios2-elf/lib/mno-hw-mul\libc.a(lib_a-fiprintf.o)
 .text._fiprintf_r
                0x0000000000048300       0x20 c:/intelfpga_lite/20.1/nios2eds/bin/gnu/h-x86_64-mingw32/bin/../lib/gcc/nios2-elf/9.2.1/../../../../../H-x86_64-mingw32/nios2-elf/lib/mno-hw-mul\libc.a(lib_a-fiprintf.o)
                0x0000000000048300                _fiprintf_r
 .text.fiprintf
                0x0000000000048320       0x38 c:/intelfpga_lite/20.1/nios2eds/bin/gnu/h-x86_64-mingw32/bin/../lib/gcc/nios2-elf/9.2.1/../../../../../H-x86_64-mingw32/nios2-elf/lib/mno-hw-mul\libc.a(lib_a-fiprintf.o)
                0x0000000000048320                fiprintf
 .text          0x0000000000048358        0x0 c:/intelfpga_lite/20.1/nios2eds/bin/gnu/h-x86_64-mingw32/bin/../lib/gcc/nios2-elf/9.2.1/../../../../../H-x86_64-mingw32/nios2-elf/lib/mno-hw-mul\libc.a(lib_a-fputwc.o)
 .text.__fputwc
                0x0000000000048358      0x164 c:/intelfpga_lite/20.1/nios2eds/bin/gnu/h-x86_64-mingw32/bin/../lib/gcc/nios2-elf/9.2.1/../../../../../H-x86_64-mingw32/nios2-elf/lib/mno-hw-mul\libc.a(lib_a-fputwc.o)
                0x0000000000048358                __fputwc
 .text._fputwc_r
                0x00000000000484bc       0x24 c:/intelfpga_lite/20.1/nios2eds/bin/gnu/h-x86_64-mingw32/bin/../lib/gcc/nios2-elf/9.2.1/../../../../../H-x86_64-mingw32/nios2-elf/lib/mno-hw-mul\libc.a(lib_a-fputwc.o)
                0x00000000000484bc                _fputwc_r
 .text.fputwc   0x00000000000484e0       0x78 c:/intelfpga_lite/20.1/nios2eds/bin/gnu/h-x86_64-mingw32/bin/../lib/gcc/nios2-elf/9.2.1/../../../../../H-x86_64-mingw32/nios2-elf/lib/mno-hw-mul\libc.a(lib_a-fputwc.o)
                0x00000000000484e0                fputwc
 .text          0x0000000000048558        0x0 c:/intelfpga_lite/20.1/nios2eds/bin/gnu/h-x86_64-mingw32/bin/../lib/gcc/nios2-elf/9.2.1/../../../../../H-x86_64-mingw32/nios2-elf/lib/mno-hw-mul\libc.a(lib_a-fstatr.o)
 .text._fstat_r
                0x0000000000048558       0x60 c:/intelfpga_lite/20.1/nios2eds/bin/gnu/h-x86_64-mingw32/bin/../lib/gcc/nios2-elf/9.2.1/../../../../../H-x86_64-mingw32/nios2-elf/lib/mno-hw-mul\libc.a(lib_a-fstatr.o)
                0x0000000000048558                _fstat_r
 .text          0x00000000000485b8        0x0 c:/intelfpga_lite/20.1/nios2eds/bin/gnu/h-x86_64-mingw32/bin/../lib/gcc/nios2-elf/9.2.1/../../../../../H-x86_64-mingw32/nios2-elf/lib/mno-hw-mul\libc.a(lib_a-fvwrite.o)
 .text.__sfvwrite_r
                0x00000000000485b8      0x4cc c:/intelfpga_lite/20.1/nios2eds/bin/gnu/h-x86_64-mingw32/bin/../lib/gcc/nios2-elf/9.2.1/../../../../../H-x86_64-mingw32/nios2-elf/lib/mno-hw-mul\libc.a(lib_a-fvwrite.o)
                0x00000000000485b8                __sfvwrite_r
 .text          0x0000000000048a84        0x0 c:/intelfpga_lite/20.1/nios2eds/bin/gnu/h-x86_64-mingw32/bin/../lib/gcc/nios2-elf/9.2.1/../../../../../H-x86_64-mingw32/nios2-elf/lib/mno-hw-mul\libc.a(lib_a-int_errno.o)
 .text          0x0000000000048a84        0x0 c:/intelfpga_lite/20.1/nios2eds/bin/gnu/h-x86_64-mingw32/bin/../lib/gcc/nios2-elf/9.2.1/../../../../../H-x86_64-mingw32/nios2-elf/lib/mno-hw-mul\libc.a(lib_a-isattyr.o)
 .text._isatty_r
                0x0000000000048a84       0x58 c:/intelfpga_lite/20.1/nios2eds/bin/gnu/h-x86_64-mingw32/bin/../lib/gcc/nios2-elf/9.2.1/../../../../../H-x86_64-mingw32/nios2-elf/lib/mno-hw-mul\libc.a(lib_a-isattyr.o)
                0x0000000000048a84                _isatty_r
 .text          0x0000000000048adc        0x0 c:/intelfpga_lite/20.1/nios2eds/bin/gnu/h-x86_64-mingw32/bin/../lib/gcc/nios2-elf/9.2.1/../../../../../H-x86_64-mingw32/nios2-elf/lib/mno-hw-mul\libc.a(lib_a-locale.o)
 .text._setlocale_r
                0x0000000000048adc       0x74 c:/intelfpga_lite/20.1/nios2eds/bin/gnu/h-x86_64-mingw32/bin/../lib/gcc/nios2-elf/9.2.1/../../../../../H-x86_64-mingw32/nios2-elf/lib/mno-hw-mul\libc.a(lib_a-locale.o)
                0x0000000000048adc                _setlocale_r
 .text.__locale_mb_cur_max
                0x0000000000048b50        0xc c:/intelfpga_lite/20.1/nios2eds/bin/gnu/h-x86_64-mingw32/bin/../lib/gcc/nios2-elf/9.2.1/../../../../../H-x86_64-mingw32/nios2-elf/lib/mno-hw-mul\libc.a(lib_a-locale.o)
                0x0000000000048b50                __locale_mb_cur_max
 .text.setlocale
                0x0000000000048b5c       0x18 c:/intelfpga_lite/20.1/nios2eds/bin/gnu/h-x86_64-mingw32/bin/../lib/gcc/nios2-elf/9.2.1/../../../../../H-x86_64-mingw32/nios2-elf/lib/mno-hw-mul\libc.a(lib_a-locale.o)
                0x0000000000048b5c                setlocale
 .text          0x0000000000048b74        0x0 c:/intelfpga_lite/20.1/nios2eds/bin/gnu/h-x86_64-mingw32/bin/../lib/gcc/nios2-elf/9.2.1/../../../../../H-x86_64-mingw32/nios2-elf/lib/mno-hw-mul\libc.a(lib_a-lseekr.o)
 .text._lseek_r
                0x0000000000048b74       0x64 c:/intelfpga_lite/20.1/nios2eds/bin/gnu/h-x86_64-mingw32/bin/../lib/gcc/nios2-elf/9.2.1/../../../../../H-x86_64-mingw32/nios2-elf/lib/mno-hw-mul\libc.a(lib_a-lseekr.o)
                0x0000000000048b74                _lseek_r
 .text          0x0000000000048bd8        0x0 c:/intelfpga_lite/20.1/nios2eds/bin/gnu/h-x86_64-mingw32/bin/../lib/gcc/nios2-elf/9.2.1/../../../../../H-x86_64-mingw32/nios2-elf/lib/mno-hw-mul\libc.a(lib_a-mbtowc_r.o)
 .text._mbtowc_r
                0x0000000000048bd8        0xc c:/intelfpga_lite/20.1/nios2eds/bin/gnu/h-x86_64-mingw32/bin/../lib/gcc/nios2-elf/9.2.1/../../../../../H-x86_64-mingw32/nios2-elf/lib/mno-hw-mul\libc.a(lib_a-mbtowc_r.o)
                0x0000000000048bd8                _mbtowc_r
 .text.__ascii_mbtowc
                0x0000000000048be4       0x44 c:/intelfpga_lite/20.1/nios2eds/bin/gnu/h-x86_64-mingw32/bin/../lib/gcc/nios2-elf/9.2.1/../../../../../H-x86_64-mingw32/nios2-elf/lib/mno-hw-mul\libc.a(lib_a-mbtowc_r.o)
                0x0000000000048be4                __ascii_mbtowc
 .text          0x0000000000048c28        0x0 c:/intelfpga_lite/20.1/nios2eds/bin/gnu/h-x86_64-mingw32/bin/../lib/gcc/nios2-elf/9.2.1/../../../../../H-x86_64-mingw32/nios2-elf/lib/mno-hw-mul\libc.a(lib_a-memmove.o)
 .text.memmove  0x0000000000048c28      0x12c c:/intelfpga_lite/20.1/nios2eds/bin/gnu/h-x86_64-mingw32/bin/../lib/gcc/nios2-elf/9.2.1/../../../../../H-x86_64-mingw32/nios2-elf/lib/mno-hw-mul\libc.a(lib_a-memmove.o)
                0x0000000000048c28                memmove
 .text          0x0000000000048d54        0x0 c:/intelfpga_lite/20.1/nios2eds/bin/gnu/h-x86_64-mingw32/bin/../lib/gcc/nios2-elf/9.2.1/../../../../../H-x86_64-mingw32/nios2-elf/lib/mno-hw-mul\libc.a(lib_a-readr.o)
 .text._read_r  0x0000000000048d54       0x64 c:/intelfpga_lite/20.1/nios2eds/bin/gnu/h-x86_64-mingw32/bin/../lib/gcc/nios2-elf/9.2.1/../../../../../H-x86_64-mingw32/nios2-elf/lib/mno-hw-mul\libc.a(lib_a-readr.o)
                0x0000000000048d54                _read_r
 .text          0x0000000000048db8        0x0 c:/intelfpga_lite/20.1/nios2eds/bin/gnu/h-x86_64-mingw32/bin/../lib/gcc/nios2-elf/9.2.1/../../../../../H-x86_64-mingw32/nios2-elf/lib/mno-hw-mul\libc.a(lib_a-reallocr.o)
 .text._realloc_r
                0x0000000000048db8      0x564 c:/intelfpga_lite/20.1/nios2eds/bin/gnu/h-x86_64-mingw32/bin/../lib/gcc/nios2-elf/9.2.1/../../../../../H-x86_64-mingw32/nios2-elf/lib/mno-hw-mul\libc.a(lib_a-reallocr.o)
                0x0000000000048db8                _realloc_r
 .text          0x000000000004931c        0x0 c:/intelfpga_lite/20.1/nios2eds/bin/gnu/h-x86_64-mingw32/bin/../lib/gcc/nios2-elf/9.2.1/../../../../../H-x86_64-mingw32/nios2-elf/lib/mno-hw-mul\libc.a(lib_a-strcmp.o)
 .text.strcmp   0x000000000004931c       0xb8 c:/intelfpga_lite/20.1/nios2eds/bin/gnu/h-x86_64-mingw32/bin/../lib/gcc/nios2-elf/9.2.1/../../../../../H-x86_64-mingw32/nios2-elf/lib/mno-hw-mul\libc.a(lib_a-strcmp.o)
                0x000000000004931c                strcmp
 .text          0x00000000000493d4        0x0 c:/intelfpga_lite/20.1/nios2eds/bin/gnu/h-x86_64-mingw32/bin/../lib/gcc/nios2-elf/9.2.1/../../../../../H-x86_64-mingw32/nios2-elf/lib/mno-hw-mul\libc.a(lib_a-vfiprintfr_1.o)
 .text._vfiprintf_r
                0x00000000000493d4        0x4 c:/intelfpga_lite/20.1/nios2eds/bin/gnu/h-x86_64-mingw32/bin/../lib/gcc/nios2-elf/9.2.1/../../../../../H-x86_64-mingw32/nios2-elf/lib/mno-hw-mul\libc.a(lib_a-vfiprintfr_1.o)
                0x00000000000493d4                _vfiprintf_r
 .text          0x00000000000493d8        0x0 c:/intelfpga_lite/20.1/nios2eds/bin/gnu/h-x86_64-mingw32/bin/../lib/gcc/nios2-elf/9.2.1/../../../../../H-x86_64-mingw32/nios2-elf/lib/mno-hw-mul\libc.a(lib_a-wbuf.o)
 .text.__swbuf_r
                0x00000000000493d8      0x148 c:/intelfpga_lite/20.1/nios2eds/bin/gnu/h-x86_64-mingw32/bin/../lib/gcc/nios2-elf/9.2.1/../../../../../H-x86_64-mingw32/nios2-elf/lib/mno-hw-mul\libc.a(lib_a-wbuf.o)
                0x00000000000493d8                __swbuf_r
 .text.__swbuf  0x0000000000049520       0x18 c:/intelfpga_lite/20.1/nios2eds/bin/gnu/h-x86_64-mingw32/bin/../lib/gcc/nios2-elf/9.2.1/../../../../../H-x86_64-mingw32/nios2-elf/lib/mno-hw-mul\libc.a(lib_a-wbuf.o)
                0x0000000000049520                __swbuf
 .text          0x0000000000049538        0x0 c:/intelfpga_lite/20.1/nios2eds/bin/gnu/h-x86_64-mingw32/bin/../lib/gcc/nios2-elf/9.2.1/../../../../../H-x86_64-mingw32/nios2-elf/lib/mno-hw-mul\libc.a(lib_a-wcrtomb.o)
 .text._wcrtomb_r
                0x0000000000049538       0x6c c:/intelfpga_lite/20.1/nios2eds/bin/gnu/h-x86_64-mingw32/bin/../lib/gcc/nios2-elf/9.2.1/../../../../../H-x86_64-mingw32/nios2-elf/lib/mno-hw-mul\libc.a(lib_a-wcrtomb.o)
                0x0000000000049538                _wcrtomb_r
 .text.wcrtomb  0x00000000000495a4       0x88 c:/intelfpga_lite/20.1/nios2eds/bin/gnu/h-x86_64-mingw32/bin/../lib/gcc/nios2-elf/9.2.1/../../../../../H-x86_64-mingw32/nios2-elf/lib/mno-hw-mul\libc.a(lib_a-wcrtomb.o)
                0x00000000000495a4                wcrtomb
 .text          0x000000000004962c        0x0 c:/intelfpga_lite/20.1/nios2eds/bin/gnu/h-x86_64-mingw32/bin/../lib/gcc/nios2-elf/9.2.1/../../../../../H-x86_64-mingw32/nios2-elf/lib/mno-hw-mul\libc.a(lib_a-wctomb_r.o)
 .text._wctomb_r
                0x000000000004962c        0xc c:/intelfpga_lite/20.1/nios2eds/bin/gnu/h-x86_64-mingw32/bin/../lib/gcc/nios2-elf/9.2.1/../../../../../H-x86_64-mingw32/nios2-elf/lib/mno-hw-mul\libc.a(lib_a-wctomb_r.o)
                0x000000000004962c                _wctomb_r
 .text.__ascii_wctomb
                0x0000000000049638       0x30 c:/intelfpga_lite/20.1/nios2eds/bin/gnu/h-x86_64-mingw32/bin/../lib/gcc/nios2-elf/9.2.1/../../../../../H-x86_64-mingw32/nios2-elf/lib/mno-hw-mul\libc.a(lib_a-wctomb_r.o)
                0x0000000000049638                __ascii_wctomb
 .text          0x0000000000049668        0x0 c:/intelfpga_lite/20.1/nios2eds/bin/gnu/h-x86_64-mingw32/bin/../lib/gcc/nios2-elf/9.2.1/../../../../../H-x86_64-mingw32/nios2-elf/lib/mno-hw-mul\libc.a(lib_a-abort.o)
 .text.unlikely.abort
                0x0000000000049668       0x18 c:/intelfpga_lite/20.1/nios2eds/bin/gnu/h-x86_64-mingw32/bin/../lib/gcc/nios2-elf/9.2.1/../../../../../H-x86_64-mingw32/nios2-elf/lib/mno-hw-mul\libc.a(lib_a-abort.o)
                0x0000000000049668                abort
 .text          0x0000000000049680        0x0 c:/intelfpga_lite/20.1/nios2eds/bin/gnu/h-x86_64-mingw32/bin/../lib/gcc/nios2-elf/9.2.1/../../../../../H-x86_64-mingw32/nios2-elf/lib/mno-hw-mul\libc.a(lib_a-ctype_.o)
 .text          0x0000000000049680        0x0 c:/intelfpga_lite/20.1/nios2eds/bin/gnu/h-x86_64-mingw32/bin/../lib/gcc/nios2-elf/9.2.1/../../../../../H-x86_64-mingw32/nios2-elf/lib/mno-hw-mul\libc.a(lib_a-signal.o)
 .text._init_signal_r.part.0
                0x0000000000049680       0x4c c:/intelfpga_lite/20.1/nios2eds/bin/gnu/h-x86_64-mingw32/bin/../lib/gcc/nios2-elf/9.2.1/../../../../../H-x86_64-mingw32/nios2-elf/lib/mno-hw-mul\libc.a(lib_a-signal.o)
 .text._init_signal_r
                0x00000000000496cc       0x14 c:/intelfpga_lite/20.1/nios2eds/bin/gnu/h-x86_64-mingw32/bin/../lib/gcc/nios2-elf/9.2.1/../../../../../H-x86_64-mingw32/nios2-elf/lib/mno-hw-mul\libc.a(lib_a-signal.o)
                0x00000000000496cc                _init_signal_r
 .text._signal_r
                0x00000000000496e0       0x84 c:/intelfpga_lite/20.1/nios2eds/bin/gnu/h-x86_64-mingw32/bin/../lib/gcc/nios2-elf/9.2.1/../../../../../H-x86_64-mingw32/nios2-elf/lib/mno-hw-mul\libc.a(lib_a-signal.o)
                0x00000000000496e0                _signal_r
 .text._raise_r
                0x0000000000049764       0xc4 c:/intelfpga_lite/20.1/nios2eds/bin/gnu/h-x86_64-mingw32/bin/../lib/gcc/nios2-elf/9.2.1/../../../../../H-x86_64-mingw32/nios2-elf/lib/mno-hw-mul\libc.a(lib_a-signal.o)
                0x0000000000049764                _raise_r
 .text.__sigtramp_r
                0x0000000000049828       0xb8 c:/intelfpga_lite/20.1/nios2eds/bin/gnu/h-x86_64-mingw32/bin/../lib/gcc/nios2-elf/9.2.1/../../../../../H-x86_64-mingw32/nios2-elf/lib/mno-hw-mul\libc.a(lib_a-signal.o)
                0x0000000000049828                __sigtramp_r
 .text.raise    0x00000000000498e0       0x10 c:/intelfpga_lite/20.1/nios2eds/bin/gnu/h-x86_64-mingw32/bin/../lib/gcc/nios2-elf/9.2.1/../../../../../H-x86_64-mingw32/nios2-elf/lib/mno-hw-mul\libc.a(lib_a-signal.o)
                0x00000000000498e0                raise
 .text.signal   0x00000000000498f0       0x18 c:/intelfpga_lite/20.1/nios2eds/bin/gnu/h-x86_64-mingw32/bin/../lib/gcc/nios2-elf/9.2.1/../../../../../H-x86_64-mingw32/nios2-elf/lib/mno-hw-mul\libc.a(lib_a-signal.o)
                0x00000000000498f0                signal
 .text._init_signal
                0x0000000000049908       0x1c c:/intelfpga_lite/20.1/nios2eds/bin/gnu/h-x86_64-mingw32/bin/../lib/gcc/nios2-elf/9.2.1/../../../../../H-x86_64-mingw32/nios2-elf/lib/mno-hw-mul\libc.a(lib_a-signal.o)
                0x0000000000049908                _init_signal
 .text.__sigtramp
                0x0000000000049924       0x10 c:/intelfpga_lite/20.1/nios2eds/bin/gnu/h-x86_64-mingw32/bin/../lib/gcc/nios2-elf/9.2.1/../../../../../H-x86_64-mingw32/nios2-elf/lib/mno-hw-mul\libc.a(lib_a-signal.o)
                0x0000000000049924                __sigtramp
 .text          0x0000000000049934        0x0 c:/intelfpga_lite/20.1/nios2eds/bin/gnu/h-x86_64-mingw32/bin/../lib/gcc/nios2-elf/9.2.1/../../../../../H-x86_64-mingw32/nios2-elf/lib/mno-hw-mul\libc.a(lib_a-signalr.o)
 .text._kill_r  0x0000000000049934       0x60 c:/intelfpga_lite/20.1/nios2eds/bin/gnu/h-x86_64-mingw32/bin/../lib/gcc/nios2-elf/9.2.1/../../../../../H-x86_64-mingw32/nios2-elf/lib/mno-hw-mul\libc.a(lib_a-signalr.o)
                0x0000000000049934                _kill_r
 .text._getpid_r
                0x0000000000049994        0x4 c:/intelfpga_lite/20.1/nios2eds/bin/gnu/h-x86_64-mingw32/bin/../lib/gcc/nios2-elf/9.2.1/../../../../../H-x86_64-mingw32/nios2-elf/lib/mno-hw-mul\libc.a(lib_a-signalr.o)
                0x0000000000049994                _getpid_r
 .text          0x0000000000049998      0x61c c:/intelfpga_lite/20.1/nios2eds/bin/gnu/h-x86_64-mingw32/bin/../lib/gcc/nios2-elf/9.2.1/mno-hw-mul\libgcc.a(_udivdi3.o)
                0x0000000000049998                __udivdi3
 .text          0x0000000000049fb4      0x5c4 c:/intelfpga_lite/20.1/nios2eds/bin/gnu/h-x86_64-mingw32/bin/../lib/gcc/nios2-elf/9.2.1/mno-hw-mul\libgcc.a(_umoddi3.o)
                0x0000000000049fb4                __umoddi3
 .text          0x000000000004a578      0x1b4 c:/intelfpga_lite/20.1/nios2eds/bin/gnu/h-x86_64-mingw32/bin/../lib/gcc/nios2-elf/9.2.1/mno-hw-mul\libgcc.a(lib2-divmod.o)
                0x000000000004a578                __divsi3
                0x000000000004a5f8                __modsi3
                0x000000000004a66c                __udivsi3
                0x000000000004a6d0                __umodsi3
 .text          0x000000000004a72c       0x28 c:/intelfpga_lite/20.1/nios2eds/bin/gnu/h-x86_64-mingw32/bin/../lib/gcc/nios2-elf/9.2.1/mno-hw-mul\libgcc.a(lib2-mul.o)
                0x000000000004a72c                __mulsi3
 .text          0x000000000004a754      0x978 c:/intelfpga_lite/20.1/nios2eds/bin/gnu/h-x86_64-mingw32/bin/../lib/gcc/nios2-elf/9.2.1/mno-hw-mul\libgcc.a(adddf3.o)
                0x000000000004a754                __adddf3
 .text          0x000000000004b0cc      0x934 c:/intelfpga_lite/20.1/nios2eds/bin/gnu/h-x86_64-mingw32/bin/../lib/gcc/nios2-elf/9.2.1/mno-hw-mul\libgcc.a(divdf3.o)
                0x000000000004b0cc                __divdf3
 .text          0x000000000004ba00       0x80 c:/intelfpga_lite/20.1/nios2eds/bin/gnu/h-x86_64-mingw32/bin/../lib/gcc/nios2-elf/9.2.1/mno-hw-mul\libgcc.a(eqdf2.o)
                0x000000000004ba00                __nedf2
                0x000000000004ba00                __eqdf2
 .text          0x000000000004ba80       0xf0 c:/intelfpga_lite/20.1/nios2eds/bin/gnu/h-x86_64-mingw32/bin/../lib/gcc/nios2-elf/9.2.1/mno-hw-mul\libgcc.a(gedf2.o)
                0x000000000004ba80                __gedf2
                0x000000000004ba80                __gtdf2
 .text          0x000000000004bb70       0xf0 c:/intelfpga_lite/20.1/nios2eds/bin/gnu/h-x86_64-mingw32/bin/../lib/gcc/nios2-elf/9.2.1/mno-hw-mul\libgcc.a(ledf2.o)
                0x000000000004bb70                __ledf2
                0x000000000004bb70                __ltdf2
 .text          0x000000000004bc60      0x7a8 c:/intelfpga_lite/20.1/nios2eds/bin/gnu/h-x86_64-mingw32/bin/../lib/gcc/nios2-elf/9.2.1/mno-hw-mul\libgcc.a(muldf3.o)
                0x000000000004bc60                __muldf3
 .text          0x000000000004c408      0x934 c:/intelfpga_lite/20.1/nios2eds/bin/gnu/h-x86_64-mingw32/bin/../lib/gcc/nios2-elf/9.2.1/mno-hw-mul\libgcc.a(subdf3.o)
                0x000000000004c408                __subdf3
 .text          0x000000000004cd3c       0x54 c:/intelfpga_lite/20.1/nios2eds/bin/gnu/h-x86_64-mingw32/bin/../lib/gcc/nios2-elf/9.2.1/mno-hw-mul\libgcc.a(unorddf2.o)
                0x000000000004cd3c                __unorddf2
 .text          0x000000000004cd90       0x80 c:/intelfpga_lite/20.1/nios2eds/bin/gnu/h-x86_64-mingw32/bin/../lib/gcc/nios2-elf/9.2.1/mno-hw-mul\libgcc.a(fixdfsi.o)
                0x000000000004cd90                __fixdfsi
 .text          0x000000000004ce10       0xbc c:/intelfpga_lite/20.1/nios2eds/bin/gnu/h-x86_64-mingw32/bin/../lib/gcc/nios2-elf/9.2.1/mno-hw-mul\libgcc.a(floatsidf.o)
                0x000000000004ce10                __floatsidf
 .text          0x000000000004cecc       0x90 c:/intelfpga_lite/20.1/nios2eds/bin/gnu/h-x86_64-mingw32/bin/../lib/gcc/nios2-elf/9.2.1/mno-hw-mul\libgcc.a(floatunsidf.o)
                0x000000000004cecc                __floatunsidf
 .text          0x000000000004cf5c        0x0 c:/intelfpga_lite/20.1/nios2eds/bin/gnu/h-x86_64-mingw32/bin/../lib/gcc/nios2-elf/9.2.1/mno-hw-mul\libgcc.a(_clz.o)
 .text          0x000000000004cf5c       0x54 c:/intelfpga_lite/20.1/nios2eds/bin/gnu/h-x86_64-mingw32/bin/../lib/gcc/nios2-elf/9.2.1/mno-hw-mul\libgcc.a(_clzsi2.o)
                0x000000000004cf5c                __clzsi2
 .text          0x000000000004cfb0      0x118 C:/Users/joshn/iCloudDrive/Desktop/Uni/MTRX3700/Major-Project/mtrx3700-major-project/VerilogCam_project/software/DSP_BSP\libhal_bsp.a(alt_close.o)
                0x000000000004cfec                close
 .text          0x000000000004d0c8       0x2c C:/Users/joshn/iCloudDrive/Desktop/Uni/MTRX3700/Major-Project/mtrx3700-major-project/VerilogCam_project/software/DSP_BSP\libhal_bsp.a(alt_dev.o)
 .text          0x000000000004d0f4        0x0 C:/Users/joshn/iCloudDrive/Desktop/Uni/MTRX3700/Major-Project/mtrx3700-major-project/VerilogCam_project/software/DSP_BSP\libhal_bsp.a(alt_errno.o)
 .text          0x000000000004d0f4       0x38 C:/Users/joshn/iCloudDrive/Desktop/Uni/MTRX3700/Major-Project/mtrx3700-major-project/VerilogCam_project/software/DSP_BSP\libhal_bsp.a(alt_exit.o)
                0x000000000004d0f4                _exit
 .text          0x000000000004d12c       0xf8 C:/Users/joshn/iCloudDrive/Desktop/Uni/MTRX3700/Major-Project/mtrx3700-major-project/VerilogCam_project/software/DSP_BSP\libhal_bsp.a(alt_fstat.o)
                0x000000000004d168                fstat
 .text          0x000000000004d224       0x20 C:/Users/joshn/iCloudDrive/Desktop/Uni/MTRX3700/Major-Project/mtrx3700-major-project/VerilogCam_project/software/DSP_BSP\libhal_bsp.a(alt_getpid.o)
                0x000000000004d224                getpid
 .text          0x000000000004d244       0xec C:/Users/joshn/iCloudDrive/Desktop/Uni/MTRX3700/Major-Project/mtrx3700-major-project/VerilogCam_project/software/DSP_BSP\libhal_bsp.a(alt_isatty.o)
                0x000000000004d280                isatty
 .text          0x000000000004d330      0x168 C:/Users/joshn/iCloudDrive/Desktop/Uni/MTRX3700/Major-Project/mtrx3700-major-project/VerilogCam_project/software/DSP_BSP\libhal_bsp.a(alt_kill.o)
                0x000000000004d36c                kill
 .text          0x000000000004d498       0xec C:/Users/joshn/iCloudDrive/Desktop/Uni/MTRX3700/Major-Project/mtrx3700-major-project/VerilogCam_project/software/DSP_BSP\libhal_bsp.a(alt_load.o)
                0x000000000004d500                alt_load
 .text          0x000000000004d584      0x11c C:/Users/joshn/iCloudDrive/Desktop/Uni/MTRX3700/Major-Project/mtrx3700-major-project/VerilogCam_project/software/DSP_BSP\libhal_bsp.a(alt_lseek.o)
                0x000000000004d5c0                lseek
 .text          0x000000000004d6a0       0x7c C:/Users/joshn/iCloudDrive/Desktop/Uni/MTRX3700/Major-Project/mtrx3700-major-project/VerilogCam_project/software/DSP_BSP\libhal_bsp.a(alt_main.o)
                0x000000000004d6a0                alt_main
 .text          0x000000000004d71c       0x48 C:/Users/joshn/iCloudDrive/Desktop/Uni/MTRX3700/Major-Project/mtrx3700-major-project/VerilogCam_project/software/DSP_BSP\libhal_bsp.a(alt_malloc_lock.o)
                0x000000000004d71c                __malloc_lock
                0x000000000004d740                __malloc_unlock
 .text          0x000000000004d764      0x144 C:/Users/joshn/iCloudDrive/Desktop/Uni/MTRX3700/Major-Project/mtrx3700-major-project/VerilogCam_project/software/DSP_BSP\libhal_bsp.a(alt_read.o)
                0x000000000004d7a0                read
 .text          0x000000000004d8a8       0x70 C:/Users/joshn/iCloudDrive/Desktop/Uni/MTRX3700/Major-Project/mtrx3700-major-project/VerilogCam_project/software/DSP_BSP\libhal_bsp.a(alt_release_fd.o)
                0x000000000004d8a8                alt_release_fd
 .text          0x000000000004d918       0xb8 C:/Users/joshn/iCloudDrive/Desktop/Uni/MTRX3700/Major-Project/mtrx3700-major-project/VerilogCam_project/software/DSP_BSP\libhal_bsp.a(alt_sbrk.o)
                0x000000000004d918                sbrk
 .text          0x000000000004d9d0       0x30 C:/Users/joshn/iCloudDrive/Desktop/Uni/MTRX3700/Major-Project/mtrx3700-major-project/VerilogCam_project/software/DSP_BSP\libhal_bsp.a(alt_usleep.o)
                0x000000000004d9d0                usleep
 .text          0x000000000004da00      0x140 C:/Users/joshn/iCloudDrive/Desktop/Uni/MTRX3700/Major-Project/mtrx3700-major-project/VerilogCam_project/software/DSP_BSP\libhal_bsp.a(alt_write.o)
                0x000000000004da3c                write
 .text          0x000000000004db40       0xb8 C:/Users/joshn/iCloudDrive/Desktop/Uni/MTRX3700/Major-Project/mtrx3700-major-project/VerilogCam_project/software/DSP_BSP\libhal_bsp.a(alt_sys_init.o)
                0x000000000004db74                alt_irq_init
                0x000000000004dbb0                alt_sys_init
 .text          0x000000000004dbf8      0x164 C:/Users/joshn/iCloudDrive/Desktop/Uni/MTRX3700/Major-Project/mtrx3700-major-project/VerilogCam_project/software/DSP_BSP\libhal_bsp.a(altera_avalon_jtag_uart_fd.o)
                0x000000000004dbf8                altera_avalon_jtag_uart_read_fd
                0x000000000004dc58                altera_avalon_jtag_uart_write_fd
                0x000000000004dcb8                altera_avalon_jtag_uart_close_fd
                0x000000000004dd08                altera_avalon_jtag_uart_ioctl_fd
 .text          0x000000000004dd5c      0x3d4 C:/Users/joshn/iCloudDrive/Desktop/Uni/MTRX3700/Major-Project/mtrx3700-major-project/VerilogCam_project/software/DSP_BSP\libhal_bsp.a(altera_avalon_jtag_uart_init.o)
                0x000000000004dd5c                altera_avalon_jtag_uart_init
                0x000000000004e0c8                altera_avalon_jtag_uart_close
 .text          0x000000000004e130       0xf4 C:/Users/joshn/iCloudDrive/Desktop/Uni/MTRX3700/Major-Project/mtrx3700-major-project/VerilogCam_project/software/DSP_BSP\libhal_bsp.a(altera_avalon_jtag_uart_ioctl.o)
                0x000000000004e130                altera_avalon_jtag_uart_ioctl
 .text          0x000000000004e224      0x220 C:/Users/joshn/iCloudDrive/Desktop/Uni/MTRX3700/Major-Project/mtrx3700-major-project/VerilogCam_project/software/DSP_BSP\libhal_bsp.a(altera_avalon_jtag_uart_read.o)
                0x000000000004e224                altera_avalon_jtag_uart_read
 .text          0x000000000004e444      0x228 C:/Users/joshn/iCloudDrive/Desktop/Uni/MTRX3700/Major-Project/mtrx3700-major-project/VerilogCam_project/software/DSP_BSP\libhal_bsp.a(altera_avalon_jtag_uart_write.o)
                0x000000000004e444                altera_avalon_jtag_uart_write
 .text          0x000000000004e66c      0x134 C:/Users/joshn/iCloudDrive/Desktop/Uni/MTRX3700/Major-Project/mtrx3700-major-project/VerilogCam_project/software/DSP_BSP\libhal_bsp.a(alt_alarm_start.o)
                0x000000000004e66c                alt_alarm_start
 .text          0x000000000004e7a0      0x158 C:/Users/joshn/iCloudDrive/Desktop/Uni/MTRX3700/Major-Project/mtrx3700-major-project/VerilogCam_project/software/DSP_BSP\libhal_bsp.a(alt_busy_sleep.o)
                0x000000000004e7a0                alt_busy_sleep
 .text          0x000000000004e8f8       0x20 C:/Users/joshn/iCloudDrive/Desktop/Uni/MTRX3700/Major-Project/mtrx3700-major-project/VerilogCam_project/software/DSP_BSP\libhal_bsp.a(alt_dcache_flush_all.o)
                0x000000000004e8f8                alt_dcache_flush_all
 .text          0x000000000004e918       0xe4 C:/Users/joshn/iCloudDrive/Desktop/Uni/MTRX3700/Major-Project/mtrx3700-major-project/VerilogCam_project/software/DSP_BSP\libhal_bsp.a(alt_dev_llist_insert.o)
                0x000000000004e954                alt_dev_llist_insert
 .text          0x000000000004e9fc       0x64 C:/Users/joshn/iCloudDrive/Desktop/Uni/MTRX3700/Major-Project/mtrx3700-major-project/VerilogCam_project/software/DSP_BSP\libhal_bsp.a(alt_do_ctors.o)
                0x000000000004e9fc                _do_ctors
 .text          0x000000000004ea60       0x64 C:/Users/joshn/iCloudDrive/Desktop/Uni/MTRX3700/Major-Project/mtrx3700-major-project/VerilogCam_project/software/DSP_BSP\libhal_bsp.a(alt_do_dtors.o)
                0x000000000004ea60                _do_dtors
 .text          0x000000000004eac4       0x20 C:/Users/joshn/iCloudDrive/Desktop/Uni/MTRX3700/Major-Project/mtrx3700-major-project/VerilogCam_project/software/DSP_BSP\libhal_bsp.a(alt_icache_flush_all.o)
                0x000000000004eac4                alt_icache_flush_all
 .text          0x000000000004eae4      0x1b0 C:/Users/joshn/iCloudDrive/Desktop/Uni/MTRX3700/Major-Project/mtrx3700-major-project/VerilogCam_project/software/DSP_BSP\libhal_bsp.a(alt_iic.o)
                0x000000000004eae4                alt_ic_isr_register
                0x000000000004eb34                alt_ic_irq_enable
                0x000000000004ebbc                alt_ic_irq_disable
                0x000000000004ec48                alt_ic_irq_enabled
 .text          0x000000000004ec94       0xe8 C:/Users/joshn/iCloudDrive/Desktop/Uni/MTRX3700/Major-Project/mtrx3700-major-project/VerilogCam_project/software/DSP_BSP\libhal_bsp.a(alt_iic_isr_register.o)
                0x000000000004ec94                alt_iic_isr_register
 .text          0x000000000004ed7c      0x150 C:/Users/joshn/iCloudDrive/Desktop/Uni/MTRX3700/Major-Project/mtrx3700-major-project/VerilogCam_project/software/DSP_BSP\libhal_bsp.a(alt_io_redirect.o)
                0x000000000004ee50                alt_io_redirect
 .text          0x000000000004eecc        0x0 C:/Users/joshn/iCloudDrive/Desktop/Uni/MTRX3700/Major-Project/mtrx3700-major-project/VerilogCam_project/software/DSP_BSP\libhal_bsp.a(alt_irq_entry.o)
 .text          0x000000000004eecc        0x0 C:/Users/joshn/iCloudDrive/Desktop/Uni/MTRX3700/Major-Project/mtrx3700-major-project/VerilogCam_project/software/DSP_BSP\libhal_bsp.a(alt_irq_handler.o)
 .text          0x000000000004eecc        0x0 C:/Users/joshn/iCloudDrive/Desktop/Uni/MTRX3700/Major-Project/mtrx3700-major-project/VerilogCam_project/software/DSP_BSP\libhal_bsp.a(alt_irq_vars.o)
 .text          0x000000000004eecc      0x278 C:/Users/joshn/iCloudDrive/Desktop/Uni/MTRX3700/Major-Project/mtrx3700-major-project/VerilogCam_project/software/DSP_BSP\libhal_bsp.a(alt_open.o)
                0x000000000004efe4                open
 .text          0x000000000004f144      0x1ac C:/Users/joshn/iCloudDrive/Desktop/Uni/MTRX3700/Major-Project/mtrx3700-major-project/VerilogCam_project/software/DSP_BSP\libhal_bsp.a(alt_tick.o)
                0x000000000004f144                alt_alarm_stop
                0x000000000004f1e8                alt_tick
 .text          0x000000000004f2f0       0x24 C:/Users/joshn/iCloudDrive/Desktop/Uni/MTRX3700/Major-Project/mtrx3700-major-project/VerilogCam_project/software/DSP_BSP\libhal_bsp.a(altera_nios2_gen2_irq.o)
                0x000000000004f2f0                altera_nios2_gen2_irq_init
 .text          0x000000000004f314        0x0 C:/Users/joshn/iCloudDrive/Desktop/Uni/MTRX3700/Major-Project/mtrx3700-major-project/VerilogCam_project/software/DSP_BSP\libhal_bsp.a(alt_exception_entry.o)
 .text          0x000000000004f314       0x90 C:/Users/joshn/iCloudDrive/Desktop/Uni/MTRX3700/Major-Project/mtrx3700-major-project/VerilogCam_project/software/DSP_BSP\libhal_bsp.a(alt_find_dev.o)
                0x000000000004f314                alt_find_dev
 .text          0x000000000004f3a4      0x108 C:/Users/joshn/iCloudDrive/Desktop/Uni/MTRX3700/Major-Project/mtrx3700-major-project/VerilogCam_project/software/DSP_BSP\libhal_bsp.a(alt_find_file.o)
                0x000000000004f3a4                alt_find_file
 .text          0x000000000004f4ac       0xb8 C:/Users/joshn/iCloudDrive/Desktop/Uni/MTRX3700/Major-Project/mtrx3700-major-project/VerilogCam_project/software/DSP_BSP\libhal_bsp.a(alt_get_fd.o)
                0x000000000004f4ac                alt_get_fd
 .text          0x000000000004f564       0x98 C:/Users/joshn/iCloudDrive/Desktop/Uni/MTRX3700/Major-Project/mtrx3700-major-project/VerilogCam_project/software/DSP_BSP\libhal_bsp.a(alt_instruction_exception_entry.o)
                0x000000000004f564                alt_exception_cause_generated_bad_addr
 .text          0x000000000004f5fc        0x0 c:/intelfpga_lite/20.1/nios2eds/bin/gnu/h-x86_64-mingw32/bin/../lib/gcc/nios2-elf/9.2.1/../../../../../H-x86_64-mingw32/nios2-elf/lib/mno-hw-mul\libc.a(lib_a-atexit.o)
 .text.atexit   0x000000000004f5fc       0x14 c:/intelfpga_lite/20.1/nios2eds/bin/gnu/h-x86_64-mingw32/bin/../lib/gcc/nios2-elf/9.2.1/../../../../../H-x86_64-mingw32/nios2-elf/lib/mno-hw-mul\libc.a(lib_a-atexit.o)
                0x000000000004f5fc                atexit
 .text          0x000000000004f610        0x0 c:/intelfpga_lite/20.1/nios2eds/bin/gnu/h-x86_64-mingw32/bin/../lib/gcc/nios2-elf/9.2.1/../../../../../H-x86_64-mingw32/nios2-elf/lib/mno-hw-mul\libc.a(lib_a-exit.o)
 .text.exit     0x000000000004f610       0x34 c:/intelfpga_lite/20.1/nios2eds/bin/gnu/h-x86_64-mingw32/bin/../lib/gcc/nios2-elf/9.2.1/../../../../../H-x86_64-mingw32/nios2-elf/lib/mno-hw-mul\libc.a(lib_a-exit.o)
                0x000000000004f610                exit
 .text          0x000000000004f644        0x0 c:/intelfpga_lite/20.1/nios2eds/bin/gnu/h-x86_64-mingw32/bin/../lib/gcc/nios2-elf/9.2.1/../../../../../H-x86_64-mingw32/nios2-elf/lib/mno-hw-mul\libc.a(lib_a-memcmp.o)
 .text.memcmp   0x000000000004f644       0x78 c:/intelfpga_lite/20.1/nios2eds/bin/gnu/h-x86_64-mingw32/bin/../lib/gcc/nios2-elf/9.2.1/../../../../../H-x86_64-mingw32/nios2-elf/lib/mno-hw-mul\libc.a(lib_a-memcmp.o)
                0x000000000004f644                memcmp
 .text          0x000000000004f6bc        0x0 c:/intelfpga_lite/20.1/nios2eds/bin/gnu/h-x86_64-mingw32/bin/../lib/gcc/nios2-elf/9.2.1/../../../../../H-x86_64-mingw32/nios2-elf/lib/mno-hw-mul\libc.a(lib_a-__atexit.o)
 .text.__register_exitproc
                0x000000000004f6bc       0x90 c:/intelfpga_lite/20.1/nios2eds/bin/gnu/h-x86_64-mingw32/bin/../lib/gcc/nios2-elf/9.2.1/../../../../../H-x86_64-mingw32/nios2-elf/lib/mno-hw-mul\libc.a(lib_a-__atexit.o)
                0x000000000004f6bc                __register_exitproc
 .text          0x000000000004f74c        0x0 c:/intelfpga_lite/20.1/nios2eds/bin/gnu/h-x86_64-mingw32/bin/../lib/gcc/nios2-elf/9.2.1/../../../../../H-x86_64-mingw32/nios2-elf/lib/mno-hw-mul\libc.a(lib_a-__call_atexit.o)
 .text.__call_exitprocs
                0x000000000004f74c      0x120 c:/intelfpga_lite/20.1/nios2eds/bin/gnu/h-x86_64-mingw32/bin/../lib/gcc/nios2-elf/9.2.1/../../../../../H-x86_64-mingw32/nios2-elf/lib/mno-hw-mul\libc.a(lib_a-__call_atexit.o)
                0x000000000004f74c                __call_exitprocs
 *(.gnu.warning.*)
 *(.fini)
                [!provide]                        PROVIDE (__etext = ABSOLUTE (.))
                [!provide]                        PROVIDE (_etext = ABSOLUTE (.))
                [!provide]                        PROVIDE (etext = ABSOLUTE (.))
 *(.eh_frame_hdr)
                0x000000000004f86c                . = ALIGN (0x4)
                [!provide]                        PROVIDE (__preinit_array_start = ABSOLUTE (.))
 *(.preinit_array)
                [!provide]                        PROVIDE (__preinit_array_end = ABSOLUTE (.))
                [!provide]                        PROVIDE (__init_array_start = ABSOLUTE (.))
 *(.init_array)
                [!provide]                        PROVIDE (__init_array_end = ABSOLUTE (.))
                [!provide]                        PROVIDE (__fini_array_start = ABSOLUTE (.))
 *(.fini_array)
                [!provide]                        PROVIDE (__fini_array_end = ABSOLUTE (.))
 *(.eh_frame)
 *(.gcc_except_table .gcc_except_table.*)
 *(.dynamic)
                0x000000000004f86c                PROVIDE (__CTOR_LIST__ = ABSOLUTE (.))
 *(.ctors)
 *(SORT_BY_NAME(.ctors.*))
                0x000000000004f86c                PROVIDE (__CTOR_END__ = ABSOLUTE (.))
                0x000000000004f86c                PROVIDE (__DTOR_LIST__ = ABSOLUTE (.))
 *(.dtors)
 *(SORT_BY_NAME(.dtors.*))
                0x000000000004f86c                PROVIDE (__DTOR_END__ = ABSOLUTE (.))
 *(.jcr)
                0x000000000004f86c                . = ALIGN (0x4)

.rodata         0x000000000004f86c      0x648
                0x000000000004f86c                PROVIDE (__ram_rodata_start = ABSOLUTE (.))
                0x000000000004f86c                . = ALIGN (0x4)
 *(.rodata .rodata.* .gnu.linkonce.r.*)
 .rodata        0x000000000004f86c        0x4 obj/default/main.o
 .rodata.___vfprintf_internal_r.str1.4
                0x000000000004f870       0x42 c:/intelfpga_lite/20.1/nios2eds/bin/gnu/h-x86_64-mingw32/bin/../lib/gcc/nios2-elf/9.2.1/../../../../../H-x86_64-mingw32/nios2-elf/lib/mno-hw-mul\libc.a(lib_a-vfprintf.o)
 *fill*         0x000000000004f8b2        0x2 
 .rodata.zeroes.5177
                0x000000000004f8b4       0x10 c:/intelfpga_lite/20.1/nios2eds/bin/gnu/h-x86_64-mingw32/bin/../lib/gcc/nios2-elf/9.2.1/../../../../../H-x86_64-mingw32/nios2-elf/lib/mno-hw-mul\libc.a(lib_a-vfprintf.o)
 .rodata.blanks.5176
                0x000000000004f8c4       0x10 c:/intelfpga_lite/20.1/nios2eds/bin/gnu/h-x86_64-mingw32/bin/../lib/gcc/nios2-elf/9.2.1/../../../../../H-x86_64-mingw32/nios2-elf/lib/mno-hw-mul\libc.a(lib_a-vfprintf.o)
 .rodata._dtoa_r.str1.4
                0x000000000004f8d4       0x61 c:/intelfpga_lite/20.1/nios2eds/bin/gnu/h-x86_64-mingw32/bin/../lib/gcc/nios2-elf/9.2.1/../../../../../H-x86_64-mingw32/nios2-elf/lib/mno-hw-mul\libc.a(lib_a-dtoa.o)
                                         0x65 (size before relaxing)
 *fill*         0x000000000004f935        0x3 
 .rodata.__multadd.str1.4
                0x000000000004f938       0x3e c:/intelfpga_lite/20.1/nios2eds/bin/gnu/h-x86_64-mingw32/bin/../lib/gcc/nios2-elf/9.2.1/../../../../../H-x86_64-mingw32/nios2-elf/lib/mno-hw-mul\libc.a(lib_a-mprec.o)
                                         0x52 (size before relaxing)
 *fill*         0x000000000004f976        0x2 
 .rodata.p05.3991
                0x000000000004f978        0xc c:/intelfpga_lite/20.1/nios2eds/bin/gnu/h-x86_64-mingw32/bin/../lib/gcc/nios2-elf/9.2.1/../../../../../H-x86_64-mingw32/nios2-elf/lib/mno-hw-mul\libc.a(lib_a-mprec.o)
 .rodata.__mprec_tinytens
                0x000000000004f984       0x28 c:/intelfpga_lite/20.1/nios2eds/bin/gnu/h-x86_64-mingw32/bin/../lib/gcc/nios2-elf/9.2.1/../../../../../H-x86_64-mingw32/nios2-elf/lib/mno-hw-mul\libc.a(lib_a-mprec.o)
                0x000000000004f984                __mprec_tinytens
 .rodata.__mprec_bigtens
                0x000000000004f9ac       0x28 c:/intelfpga_lite/20.1/nios2eds/bin/gnu/h-x86_64-mingw32/bin/../lib/gcc/nios2-elf/9.2.1/../../../../../H-x86_64-mingw32/nios2-elf/lib/mno-hw-mul\libc.a(lib_a-mprec.o)
                0x000000000004f9ac                __mprec_bigtens
 .rodata.__mprec_tens
                0x000000000004f9d4       0xc8 c:/intelfpga_lite/20.1/nios2eds/bin/gnu/h-x86_64-mingw32/bin/../lib/gcc/nios2-elf/9.2.1/../../../../../H-x86_64-mingw32/nios2-elf/lib/mno-hw-mul\libc.a(lib_a-mprec.o)
                0x000000000004f9d4                __mprec_tens
 .rodata.___vfiprintf_internal_r.str1.4
                0x000000000004fa9c       0x2f c:/intelfpga_lite/20.1/nios2eds/bin/gnu/h-x86_64-mingw32/bin/../lib/gcc/nios2-elf/9.2.1/../../../../../H-x86_64-mingw32/nios2-elf/lib/mno-hw-mul\libc.a(lib_a-vfiprintf.o)
 .rodata.zeroes.5154
                0x000000000004fa9c       0x10 c:/intelfpga_lite/20.1/nios2eds/bin/gnu/h-x86_64-mingw32/bin/../lib/gcc/nios2-elf/9.2.1/../../../../../H-x86_64-mingw32/nios2-elf/lib/mno-hw-mul\libc.a(lib_a-vfiprintf.o)
 .rodata.blanks.5153
                0x000000000004faac       0x10 c:/intelfpga_lite/20.1/nios2eds/bin/gnu/h-x86_64-mingw32/bin/../lib/gcc/nios2-elf/9.2.1/../../../../../H-x86_64-mingw32/nios2-elf/lib/mno-hw-mul\libc.a(lib_a-vfiprintf.o)
 .rodata.__assert_func.str1.4
                0x000000000004fabc       0x3f c:/intelfpga_lite/20.1/nios2eds/bin/gnu/h-x86_64-mingw32/bin/../lib/gcc/nios2-elf/9.2.1/../../../../../H-x86_64-mingw32/nios2-elf/lib/mno-hw-mul\libc.a(lib_a-assert.o)
                                         0x43 (size before relaxing)
 *fill*         0x000000000004fafb        0x1 
 .rodata._setlocale_r.str1.4
                0x000000000004fafc        0xa c:/intelfpga_lite/20.1/nios2eds/bin/gnu/h-x86_64-mingw32/bin/../lib/gcc/nios2-elf/9.2.1/../../../../../H-x86_64-mingw32/nios2-elf/lib/mno-hw-mul\libc.a(lib_a-locale.o)
 *fill*         0x000000000004fb06        0x2 
 .rodata.str1.4
                0x000000000004fb08        0x4 c:/intelfpga_lite/20.1/nios2eds/bin/gnu/h-x86_64-mingw32/bin/../lib/gcc/nios2-elf/9.2.1/../../../../../H-x86_64-mingw32/nios2-elf/lib/mno-hw-mul\libc.a(lib_a-locale.o)
                                          0x5 (size before relaxing)
 .rodata._ctype_
                0x000000000004fb0c      0x101 c:/intelfpga_lite/20.1/nios2eds/bin/gnu/h-x86_64-mingw32/bin/../lib/gcc/nios2-elf/9.2.1/../../../../../H-x86_64-mingw32/nios2-elf/lib/mno-hw-mul\libc.a(lib_a-ctype_.o)
                0x000000000004fb0c                _ctype_
 *fill*         0x000000000004fc0d        0x3 
 .rodata._ctype_b
                0x000000000004fc10      0x180 c:/intelfpga_lite/20.1/nios2eds/bin/gnu/h-x86_64-mingw32/bin/../lib/gcc/nios2-elf/9.2.1/../../../../../H-x86_64-mingw32/nios2-elf/lib/mno-hw-mul\libc.a(lib_a-ctype_.o)
                0x000000000004fc10                _ctype_b
 .rodata        0x000000000004fd90      0x100 c:/intelfpga_lite/20.1/nios2eds/bin/gnu/h-x86_64-mingw32/bin/../lib/gcc/nios2-elf/9.2.1/mno-hw-mul\libgcc.a(_clz.o)
                0x000000000004fd90                __clz_tab
 .rodata        0x000000000004fe90        0xa C:/Users/joshn/iCloudDrive/Desktop/Uni/MTRX3700/Major-Project/mtrx3700-major-project/VerilogCam_project/software/DSP_BSP\libhal_bsp.a(alt_dev.o)
 *fill*         0x000000000004fe9a        0x2 
 .rodata        0x000000000004fe9c        0xa C:/Users/joshn/iCloudDrive/Desktop/Uni/MTRX3700/Major-Project/mtrx3700-major-project/VerilogCam_project/software/DSP_BSP\libhal_bsp.a(alt_main.o)
 *fill*         0x000000000004fea6        0x2 
 .rodata        0x000000000004fea8        0xa C:/Users/joshn/iCloudDrive/Desktop/Uni/MTRX3700/Major-Project/mtrx3700-major-project/VerilogCam_project/software/DSP_BSP\libhal_bsp.a(alt_sys_init.o)
 *(.rodata1)
                0x000000000004feb4                . = ALIGN (0x4)
 *fill*         0x000000000004feb2        0x2 
                0x000000000004feb4                PROVIDE (__ram_rodata_end = ABSOLUTE (.))
                0x000000000004f86c                PROVIDE (__flash_rodata_start = LOADADDR (.rodata))

.rwdata         0x000000000004feb4     0x1bd8 load address 0x0000000000051a8c
                0x000000000004feb4                PROVIDE (__ram_rwdata_start = ABSOLUTE (.))
                0x000000000004feb4                . = ALIGN (0x4)
 *(.got.plt)
 *(.got)
 *(.data1)
 *(.data .data.* .gnu.linkonce.d.*)
 .data          0x000000000004feb4        0x0 C:/Users/joshn/iCloudDrive/Desktop/Uni/MTRX3700/Major-Project/mtrx3700-major-project/VerilogCam_project/software/DSP_BSP/obj/HAL/src/crt0.o
 .data          0x000000000004feb4        0x0 obj/default/main.o
 .data          0x000000000004feb4        0x0 c:/intelfpga_lite/20.1/nios2eds/bin/gnu/h-x86_64-mingw32/bin/../lib/gcc/nios2-elf/9.2.1/../../../../../H-x86_64-mingw32/nios2-elf/lib/mno-hw-mul\libc.a(lib_a-printf.o)
 .data          0x000000000004feb4        0x0 c:/intelfpga_lite/20.1/nios2eds/bin/gnu/h-x86_64-mingw32/bin/../lib/gcc/nios2-elf/9.2.1/../../../../../H-x86_64-mingw32/nios2-elf/lib/mno-hw-mul\libc.a(lib_a-vfprintf.o)
 .data          0x000000000004feb4        0x0 c:/intelfpga_lite/20.1/nios2eds/bin/gnu/h-x86_64-mingw32/bin/../lib/gcc/nios2-elf/9.2.1/../../../../../H-x86_64-mingw32/nios2-elf/lib/mno-hw-mul\libc.a(lib_a-wsetup.o)
 .data          0x000000000004feb4        0x0 c:/intelfpga_lite/20.1/nios2eds/bin/gnu/h-x86_64-mingw32/bin/../lib/gcc/nios2-elf/9.2.1/../../../../../H-x86_64-mingw32/nios2-elf/lib/mno-hw-mul\libc.a(lib_a-dtoa.o)
 .data          0x000000000004feb4        0x0 c:/intelfpga_lite/20.1/nios2eds/bin/gnu/h-x86_64-mingw32/bin/../lib/gcc/nios2-elf/9.2.1/../../../../../H-x86_64-mingw32/nios2-elf/lib/mno-hw-mul\libc.a(lib_a-fflush.o)
 .data          0x000000000004feb4        0x0 c:/intelfpga_lite/20.1/nios2eds/bin/gnu/h-x86_64-mingw32/bin/../lib/gcc/nios2-elf/9.2.1/../../../../../H-x86_64-mingw32/nios2-elf/lib/mno-hw-mul\libc.a(lib_a-findfp.o)
 .data          0x000000000004feb4        0x0 c:/intelfpga_lite/20.1/nios2eds/bin/gnu/h-x86_64-mingw32/bin/../lib/gcc/nios2-elf/9.2.1/../../../../../H-x86_64-mingw32/nios2-elf/lib/mno-hw-mul\libc.a(lib_a-freer.o)
 .data          0x000000000004feb4        0x0 c:/intelfpga_lite/20.1/nios2eds/bin/gnu/h-x86_64-mingw32/bin/../lib/gcc/nios2-elf/9.2.1/../../../../../H-x86_64-mingw32/nios2-elf/lib/mno-hw-mul\libc.a(lib_a-fwalk.o)
 .data          0x000000000004feb4        0x0 c:/intelfpga_lite/20.1/nios2eds/bin/gnu/h-x86_64-mingw32/bin/../lib/gcc/nios2-elf/9.2.1/../../../../../H-x86_64-mingw32/nios2-elf/lib/mno-hw-mul\libc.a(lib_a-impure.o)
 .data.impure_data
                0x000000000004feb4      0x424 c:/intelfpga_lite/20.1/nios2eds/bin/gnu/h-x86_64-mingw32/bin/../lib/gcc/nios2-elf/9.2.1/../../../../../H-x86_64-mingw32/nios2-elf/lib/mno-hw-mul\libc.a(lib_a-impure.o)
 .data          0x00000000000502d8        0x0 c:/intelfpga_lite/20.1/nios2eds/bin/gnu/h-x86_64-mingw32/bin/../lib/gcc/nios2-elf/9.2.1/../../../../../H-x86_64-mingw32/nios2-elf/lib/mno-hw-mul\libc.a(lib_a-localeconv.o)
 .data          0x00000000000502d8        0x0 c:/intelfpga_lite/20.1/nios2eds/bin/gnu/h-x86_64-mingw32/bin/../lib/gcc/nios2-elf/9.2.1/../../../../../H-x86_64-mingw32/nios2-elf/lib/mno-hw-mul\libc.a(lib_a-makebuf.o)
 .data          0x00000000000502d8        0x0 c:/intelfpga_lite/20.1/nios2eds/bin/gnu/h-x86_64-mingw32/bin/../lib/gcc/nios2-elf/9.2.1/../../../../../H-x86_64-mingw32/nios2-elf/lib/mno-hw-mul\libc.a(lib_a-mallocr.o)
 .data.__malloc_av_
                0x00000000000502d8      0x408 c:/intelfpga_lite/20.1/nios2eds/bin/gnu/h-x86_64-mingw32/bin/../lib/gcc/nios2-elf/9.2.1/../../../../../H-x86_64-mingw32/nios2-elf/lib/mno-hw-mul\libc.a(lib_a-mallocr.o)
                0x00000000000502d8                __malloc_av_
 .data          0x00000000000506e0        0x0 c:/intelfpga_lite/20.1/nios2eds/bin/gnu/h-x86_64-mingw32/bin/../lib/gcc/nios2-elf/9.2.1/../../../../../H-x86_64-mingw32/nios2-elf/lib/mno-hw-mul\libc.a(lib_a-memchr.o)
 .data          0x00000000000506e0        0x0 c:/intelfpga_lite/20.1/nios2eds/bin/gnu/h-x86_64-mingw32/bin/../lib/gcc/nios2-elf/9.2.1/../../../../../H-x86_64-mingw32/nios2-elf/lib/mno-hw-mul\libc.a(lib_a-memcpy.o)
 .data          0x00000000000506e0        0x0 c:/intelfpga_lite/20.1/nios2eds/bin/gnu/h-x86_64-mingw32/bin/../lib/gcc/nios2-elf/9.2.1/../../../../../H-x86_64-mingw32/nios2-elf/lib/mno-hw-mul\libc.a(lib_a-memset.o)
 .data          0x00000000000506e0        0x0 c:/intelfpga_lite/20.1/nios2eds/bin/gnu/h-x86_64-mingw32/bin/../lib/gcc/nios2-elf/9.2.1/../../../../../H-x86_64-mingw32/nios2-elf/lib/mno-hw-mul\libc.a(lib_a-mprec.o)
 .data          0x00000000000506e0        0x0 c:/intelfpga_lite/20.1/nios2eds/bin/gnu/h-x86_64-mingw32/bin/../lib/gcc/nios2-elf/9.2.1/../../../../../H-x86_64-mingw32/nios2-elf/lib/mno-hw-mul\libc.a(lib_a-sbrkr.o)
 .data          0x00000000000506e0        0x0 c:/intelfpga_lite/20.1/nios2eds/bin/gnu/h-x86_64-mingw32/bin/../lib/gcc/nios2-elf/9.2.1/../../../../../H-x86_64-mingw32/nios2-elf/lib/mno-hw-mul\libc.a(lib_a-stdio.o)
 .data          0x00000000000506e0        0x0 c:/intelfpga_lite/20.1/nios2eds/bin/gnu/h-x86_64-mingw32/bin/../lib/gcc/nios2-elf/9.2.1/../../../../../H-x86_64-mingw32/nios2-elf/lib/mno-hw-mul\libc.a(lib_a-strlen.o)
 .data          0x00000000000506e0        0x0 c:/intelfpga_lite/20.1/nios2eds/bin/gnu/h-x86_64-mingw32/bin/../lib/gcc/nios2-elf/9.2.1/../../../../../H-x86_64-mingw32/nios2-elf/lib/mno-hw-mul\libc.a(lib_a-vfiprintf.o)
 .data          0x00000000000506e0        0x0 c:/intelfpga_lite/20.1/nios2eds/bin/gnu/h-x86_64-mingw32/bin/../lib/gcc/nios2-elf/9.2.1/../../../../../H-x86_64-mingw32/nios2-elf/lib/mno-hw-mul\libc.a(lib_a-writer.o)
 .data          0x00000000000506e0        0x0 c:/intelfpga_lite/20.1/nios2eds/bin/gnu/h-x86_64-mingw32/bin/../lib/gcc/nios2-elf/9.2.1/../../../../../H-x86_64-mingw32/nios2-elf/lib/mno-hw-mul\libc.a(closer.o)
 .data          0x00000000000506e0        0x0 c:/intelfpga_lite/20.1/nios2eds/bin/gnu/h-x86_64-mingw32/bin/../lib/gcc/nios2-elf/9.2.1/../../../../../H-x86_64-mingw32/nios2-elf/lib/mno-hw-mul\libc.a(lib_a-assert.o)
 .data          0x00000000000506e0        0x0 c:/intelfpga_lite/20.1/nios2eds/bin/gnu/h-x86_64-mingw32/bin/../lib/gcc/nios2-elf/9.2.1/../../../../../H-x86_64-mingw32/nios2-elf/lib/mno-hw-mul\libc.a(lib_a-callocr.o)
 .data          0x00000000000506e0        0x0 c:/intelfpga_lite/20.1/nios2eds/bin/gnu/h-x86_64-mingw32/bin/../lib/gcc/nios2-elf/9.2.1/../../../../../H-x86_64-mingw32/nios2-elf/lib/mno-hw-mul\libc.a(lib_a-fclose.o)
 .data          0x00000000000506e0        0x0 c:/intelfpga_lite/20.1/nios2eds/bin/gnu/h-x86_64-mingw32/bin/../lib/gcc/nios2-elf/9.2.1/../../../../../H-x86_64-mingw32/nios2-elf/lib/mno-hw-mul\libc.a(lib_a-fiprintf.o)
 .data          0x00000000000506e0        0x0 c:/intelfpga_lite/20.1/nios2eds/bin/gnu/h-x86_64-mingw32/bin/../lib/gcc/nios2-elf/9.2.1/../../../../../H-x86_64-mingw32/nios2-elf/lib/mno-hw-mul\libc.a(lib_a-fputwc.o)
 .data          0x00000000000506e0        0x0 c:/intelfpga_lite/20.1/nios2eds/bin/gnu/h-x86_64-mingw32/bin/../lib/gcc/nios2-elf/9.2.1/../../../../../H-x86_64-mingw32/nios2-elf/lib/mno-hw-mul\libc.a(lib_a-fstatr.o)
 .data          0x00000000000506e0        0x0 c:/intelfpga_lite/20.1/nios2eds/bin/gnu/h-x86_64-mingw32/bin/../lib/gcc/nios2-elf/9.2.1/../../../../../H-x86_64-mingw32/nios2-elf/lib/mno-hw-mul\libc.a(lib_a-fvwrite.o)
 .data          0x00000000000506e0        0x0 c:/intelfpga_lite/20.1/nios2eds/bin/gnu/h-x86_64-mingw32/bin/../lib/gcc/nios2-elf/9.2.1/../../../../../H-x86_64-mingw32/nios2-elf/lib/mno-hw-mul\libc.a(lib_a-int_errno.o)
 .data          0x00000000000506e0        0x0 c:/intelfpga_lite/20.1/nios2eds/bin/gnu/h-x86_64-mingw32/bin/../lib/gcc/nios2-elf/9.2.1/../../../../../H-x86_64-mingw32/nios2-elf/lib/mno-hw-mul\libc.a(lib_a-isattyr.o)
 .data          0x00000000000506e0        0x0 c:/intelfpga_lite/20.1/nios2eds/bin/gnu/h-x86_64-mingw32/bin/../lib/gcc/nios2-elf/9.2.1/../../../../../H-x86_64-mingw32/nios2-elf/lib/mno-hw-mul\libc.a(lib_a-locale.o)
 .data.__global_locale
                0x00000000000506e0      0x16c c:/intelfpga_lite/20.1/nios2eds/bin/gnu/h-x86_64-mingw32/bin/../lib/gcc/nios2-elf/9.2.1/../../../../../H-x86_64-mingw32/nios2-elf/lib/mno-hw-mul\libc.a(lib_a-locale.o)
                0x00000000000506e0                __global_locale
 .data          0x000000000005084c        0x0 c:/intelfpga_lite/20.1/nios2eds/bin/gnu/h-x86_64-mingw32/bin/../lib/gcc/nios2-elf/9.2.1/../../../../../H-x86_64-mingw32/nios2-elf/lib/mno-hw-mul\libc.a(lib_a-lseekr.o)
 .data          0x000000000005084c        0x0 c:/intelfpga_lite/20.1/nios2eds/bin/gnu/h-x86_64-mingw32/bin/../lib/gcc/nios2-elf/9.2.1/../../../../../H-x86_64-mingw32/nios2-elf/lib/mno-hw-mul\libc.a(lib_a-mbtowc_r.o)
 .data          0x000000000005084c        0x0 c:/intelfpga_lite/20.1/nios2eds/bin/gnu/h-x86_64-mingw32/bin/../lib/gcc/nios2-elf/9.2.1/../../../../../H-x86_64-mingw32/nios2-elf/lib/mno-hw-mul\libc.a(lib_a-memmove.o)
 .data          0x000000000005084c        0x0 c:/intelfpga_lite/20.1/nios2eds/bin/gnu/h-x86_64-mingw32/bin/../lib/gcc/nios2-elf/9.2.1/../../../../../H-x86_64-mingw32/nios2-elf/lib/mno-hw-mul\libc.a(lib_a-readr.o)
 .data          0x000000000005084c        0x0 c:/intelfpga_lite/20.1/nios2eds/bin/gnu/h-x86_64-mingw32/bin/../lib/gcc/nios2-elf/9.2.1/../../../../../H-x86_64-mingw32/nios2-elf/lib/mno-hw-mul\libc.a(lib_a-reallocr.o)
 .data          0x000000000005084c        0x0 c:/intelfpga_lite/20.1/nios2eds/bin/gnu/h-x86_64-mingw32/bin/../lib/gcc/nios2-elf/9.2.1/../../../../../H-x86_64-mingw32/nios2-elf/lib/mno-hw-mul\libc.a(lib_a-strcmp.o)
 .data          0x000000000005084c        0x0 c:/intelfpga_lite/20.1/nios2eds/bin/gnu/h-x86_64-mingw32/bin/../lib/gcc/nios2-elf/9.2.1/../../../../../H-x86_64-mingw32/nios2-elf/lib/mno-hw-mul\libc.a(lib_a-vfiprintfr_1.o)
 .data          0x000000000005084c        0x0 c:/intelfpga_lite/20.1/nios2eds/bin/gnu/h-x86_64-mingw32/bin/../lib/gcc/nios2-elf/9.2.1/../../../../../H-x86_64-mingw32/nios2-elf/lib/mno-hw-mul\libc.a(lib_a-wbuf.o)
 .data          0x000000000005084c        0x0 c:/intelfpga_lite/20.1/nios2eds/bin/gnu/h-x86_64-mingw32/bin/../lib/gcc/nios2-elf/9.2.1/../../../../../H-x86_64-mingw32/nios2-elf/lib/mno-hw-mul\libc.a(lib_a-wcrtomb.o)
 .data          0x000000000005084c        0x0 c:/intelfpga_lite/20.1/nios2eds/bin/gnu/h-x86_64-mingw32/bin/../lib/gcc/nios2-elf/9.2.1/../../../../../H-x86_64-mingw32/nios2-elf/lib/mno-hw-mul\libc.a(lib_a-wctomb_r.o)
 .data          0x000000000005084c        0x0 c:/intelfpga_lite/20.1/nios2eds/bin/gnu/h-x86_64-mingw32/bin/../lib/gcc/nios2-elf/9.2.1/../../../../../H-x86_64-mingw32/nios2-elf/lib/mno-hw-mul\libc.a(lib_a-abort.o)
 .data          0x000000000005084c        0x0 c:/intelfpga_lite/20.1/nios2eds/bin/gnu/h-x86_64-mingw32/bin/../lib/gcc/nios2-elf/9.2.1/../../../../../H-x86_64-mingw32/nios2-elf/lib/mno-hw-mul\libc.a(lib_a-ctype_.o)
 .data          0x000000000005084c        0x0 c:/intelfpga_lite/20.1/nios2eds/bin/gnu/h-x86_64-mingw32/bin/../lib/gcc/nios2-elf/9.2.1/../../../../../H-x86_64-mingw32/nios2-elf/lib/mno-hw-mul\libc.a(lib_a-signal.o)
 .data          0x000000000005084c        0x0 c:/intelfpga_lite/20.1/nios2eds/bin/gnu/h-x86_64-mingw32/bin/../lib/gcc/nios2-elf/9.2.1/../../../../../H-x86_64-mingw32/nios2-elf/lib/mno-hw-mul\libc.a(lib_a-signalr.o)
 .data          0x000000000005084c        0x0 c:/intelfpga_lite/20.1/nios2eds/bin/gnu/h-x86_64-mingw32/bin/../lib/gcc/nios2-elf/9.2.1/mno-hw-mul\libgcc.a(_udivdi3.o)
 .data          0x000000000005084c        0x0 c:/intelfpga_lite/20.1/nios2eds/bin/gnu/h-x86_64-mingw32/bin/../lib/gcc/nios2-elf/9.2.1/mno-hw-mul\libgcc.a(_umoddi3.o)
 .data          0x000000000005084c        0x0 c:/intelfpga_lite/20.1/nios2eds/bin/gnu/h-x86_64-mingw32/bin/../lib/gcc/nios2-elf/9.2.1/mno-hw-mul\libgcc.a(lib2-divmod.o)
 .data          0x000000000005084c        0x0 c:/intelfpga_lite/20.1/nios2eds/bin/gnu/h-x86_64-mingw32/bin/../lib/gcc/nios2-elf/9.2.1/mno-hw-mul\libgcc.a(lib2-mul.o)
 .data          0x000000000005084c        0x0 c:/intelfpga_lite/20.1/nios2eds/bin/gnu/h-x86_64-mingw32/bin/../lib/gcc/nios2-elf/9.2.1/mno-hw-mul\libgcc.a(adddf3.o)
 .data          0x000000000005084c        0x0 c:/intelfpga_lite/20.1/nios2eds/bin/gnu/h-x86_64-mingw32/bin/../lib/gcc/nios2-elf/9.2.1/mno-hw-mul\libgcc.a(divdf3.o)
 .data          0x000000000005084c        0x0 c:/intelfpga_lite/20.1/nios2eds/bin/gnu/h-x86_64-mingw32/bin/../lib/gcc/nios2-elf/9.2.1/mno-hw-mul\libgcc.a(eqdf2.o)
 .data          0x000000000005084c        0x0 c:/intelfpga_lite/20.1/nios2eds/bin/gnu/h-x86_64-mingw32/bin/../lib/gcc/nios2-elf/9.2.1/mno-hw-mul\libgcc.a(gedf2.o)
 .data          0x000000000005084c        0x0 c:/intelfpga_lite/20.1/nios2eds/bin/gnu/h-x86_64-mingw32/bin/../lib/gcc/nios2-elf/9.2.1/mno-hw-mul\libgcc.a(ledf2.o)
 .data          0x000000000005084c        0x0 c:/intelfpga_lite/20.1/nios2eds/bin/gnu/h-x86_64-mingw32/bin/../lib/gcc/nios2-elf/9.2.1/mno-hw-mul\libgcc.a(muldf3.o)
 .data          0x000000000005084c        0x0 c:/intelfpga_lite/20.1/nios2eds/bin/gnu/h-x86_64-mingw32/bin/../lib/gcc/nios2-elf/9.2.1/mno-hw-mul\libgcc.a(subdf3.o)
 .data          0x000000000005084c        0x0 c:/intelfpga_lite/20.1/nios2eds/bin/gnu/h-x86_64-mingw32/bin/../lib/gcc/nios2-elf/9.2.1/mno-hw-mul\libgcc.a(unorddf2.o)
 .data          0x000000000005084c        0x0 c:/intelfpga_lite/20.1/nios2eds/bin/gnu/h-x86_64-mingw32/bin/../lib/gcc/nios2-elf/9.2.1/mno-hw-mul\libgcc.a(fixdfsi.o)
 .data          0x000000000005084c        0x0 c:/intelfpga_lite/20.1/nios2eds/bin/gnu/h-x86_64-mingw32/bin/../lib/gcc/nios2-elf/9.2.1/mno-hw-mul\libgcc.a(floatsidf.o)
 .data          0x000000000005084c        0x0 c:/intelfpga_lite/20.1/nios2eds/bin/gnu/h-x86_64-mingw32/bin/../lib/gcc/nios2-elf/9.2.1/mno-hw-mul\libgcc.a(floatunsidf.o)
 .data          0x000000000005084c        0x0 c:/intelfpga_lite/20.1/nios2eds/bin/gnu/h-x86_64-mingw32/bin/../lib/gcc/nios2-elf/9.2.1/mno-hw-mul\libgcc.a(_clz.o)
 .data          0x000000000005084c        0x0 c:/intelfpga_lite/20.1/nios2eds/bin/gnu/h-x86_64-mingw32/bin/../lib/gcc/nios2-elf/9.2.1/mno-hw-mul\libgcc.a(_clzsi2.o)
 .data          0x000000000005084c        0x0 C:/Users/joshn/iCloudDrive/Desktop/Uni/MTRX3700/Major-Project/mtrx3700-major-project/VerilogCam_project/software/DSP_BSP\libhal_bsp.a(alt_close.o)
 .data          0x000000000005084c      0x1a8 C:/Users/joshn/iCloudDrive/Desktop/Uni/MTRX3700/Major-Project/mtrx3700-major-project/VerilogCam_project/software/DSP_BSP\libhal_bsp.a(alt_dev.o)
                0x000000000005084c                alt_dev_null
                0x0000000000050874                alt_fd_list
 .data          0x00000000000509f4        0x0 C:/Users/joshn/iCloudDrive/Desktop/Uni/MTRX3700/Major-Project/mtrx3700-major-project/VerilogCam_project/software/DSP_BSP\libhal_bsp.a(alt_errno.o)
 .data          0x00000000000509f4        0x0 C:/Users/joshn/iCloudDrive/Desktop/Uni/MTRX3700/Major-Project/mtrx3700-major-project/VerilogCam_project/software/DSP_BSP\libhal_bsp.a(alt_exit.o)
 .data          0x00000000000509f4        0x0 C:/Users/joshn/iCloudDrive/Desktop/Uni/MTRX3700/Major-Project/mtrx3700-major-project/VerilogCam_project/software/DSP_BSP\libhal_bsp.a(alt_fstat.o)
 .data          0x00000000000509f4        0x0 C:/Users/joshn/iCloudDrive/Desktop/Uni/MTRX3700/Major-Project/mtrx3700-major-project/VerilogCam_project/software/DSP_BSP\libhal_bsp.a(alt_getpid.o)
 .data          0x00000000000509f4        0x0 C:/Users/joshn/iCloudDrive/Desktop/Uni/MTRX3700/Major-Project/mtrx3700-major-project/VerilogCam_project/software/DSP_BSP\libhal_bsp.a(alt_isatty.o)
 .data          0x00000000000509f4        0x0 C:/Users/joshn/iCloudDrive/Desktop/Uni/MTRX3700/Major-Project/mtrx3700-major-project/VerilogCam_project/software/DSP_BSP\libhal_bsp.a(alt_kill.o)
 .data          0x00000000000509f4        0x0 C:/Users/joshn/iCloudDrive/Desktop/Uni/MTRX3700/Major-Project/mtrx3700-major-project/VerilogCam_project/software/DSP_BSP\libhal_bsp.a(alt_load.o)
 .data          0x00000000000509f4        0x0 C:/Users/joshn/iCloudDrive/Desktop/Uni/MTRX3700/Major-Project/mtrx3700-major-project/VerilogCam_project/software/DSP_BSP\libhal_bsp.a(alt_lseek.o)
 .data          0x00000000000509f4        0x0 C:/Users/joshn/iCloudDrive/Desktop/Uni/MTRX3700/Major-Project/mtrx3700-major-project/VerilogCam_project/software/DSP_BSP\libhal_bsp.a(alt_main.o)
 .data          0x00000000000509f4        0x0 C:/Users/joshn/iCloudDrive/Desktop/Uni/MTRX3700/Major-Project/mtrx3700-major-project/VerilogCam_project/software/DSP_BSP\libhal_bsp.a(alt_malloc_lock.o)
 .data          0x00000000000509f4        0x0 C:/Users/joshn/iCloudDrive/Desktop/Uni/MTRX3700/Major-Project/mtrx3700-major-project/VerilogCam_project/software/DSP_BSP\libhal_bsp.a(alt_read.o)
 .data          0x00000000000509f4        0x0 C:/Users/joshn/iCloudDrive/Desktop/Uni/MTRX3700/Major-Project/mtrx3700-major-project/VerilogCam_project/software/DSP_BSP\libhal_bsp.a(alt_release_fd.o)
 .data          0x00000000000509f4        0x0 C:/Users/joshn/iCloudDrive/Desktop/Uni/MTRX3700/Major-Project/mtrx3700-major-project/VerilogCam_project/software/DSP_BSP\libhal_bsp.a(alt_sbrk.o)
 .data          0x00000000000509f4        0x0 C:/Users/joshn/iCloudDrive/Desktop/Uni/MTRX3700/Major-Project/mtrx3700-major-project/VerilogCam_project/software/DSP_BSP\libhal_bsp.a(alt_usleep.o)
 .data          0x00000000000509f4        0x0 C:/Users/joshn/iCloudDrive/Desktop/Uni/MTRX3700/Major-Project/mtrx3700-major-project/VerilogCam_project/software/DSP_BSP\libhal_bsp.a(alt_write.o)
 .data          0x00000000000509f4     0x1060 C:/Users/joshn/iCloudDrive/Desktop/Uni/MTRX3700/Major-Project/mtrx3700-major-project/VerilogCam_project/software/DSP_BSP\libhal_bsp.a(alt_sys_init.o)
 .data          0x0000000000051a54        0x0 C:/Users/joshn/iCloudDrive/Desktop/Uni/MTRX3700/Major-Project/mtrx3700-major-project/VerilogCam_project/software/DSP_BSP\libhal_bsp.a(altera_avalon_jtag_uart_fd.o)
 .data          0x0000000000051a54        0x0 C:/Users/joshn/iCloudDrive/Desktop/Uni/MTRX3700/Major-Project/mtrx3700-major-project/VerilogCam_project/software/DSP_BSP\libhal_bsp.a(altera_avalon_jtag_uart_init.o)
 .data          0x0000000000051a54        0x0 C:/Users/joshn/iCloudDrive/Desktop/Uni/MTRX3700/Major-Project/mtrx3700-major-project/VerilogCam_project/software/DSP_BSP\libhal_bsp.a(altera_avalon_jtag_uart_ioctl.o)